Archive member included to satisfy reference by file (symbol)

c:/nxp/s32ds_power_v2.1/s32ds/build_tools/powerpc-eabivle-4_9/bin/../lib/gcc/powerpc-eabivle/4.9.4/e200z4/fp\libgcc.a(eabivle.o)
                              ./Sources/main.o (__eabi)

Discarded input sections

 .text          0x00000000        0x0 c:/nxp/s32ds_power_v2.1/s32ds/build_tools/powerpc-eabivle-4_9/bin/../lib/gcc/powerpc-eabivle/4.9.4/e200z4/fp/ecrti.o
 .data          0x00000000        0x0 c:/nxp/s32ds_power_v2.1/s32ds/build_tools/powerpc-eabivle-4_9/bin/../lib/gcc/powerpc-eabivle/4.9.4/e200z4/fp/ecrti.o
 .bss           0x00000000        0x0 c:/nxp/s32ds_power_v2.1/s32ds/build_tools/powerpc-eabivle-4_9/bin/../lib/gcc/powerpc-eabivle/4.9.4/e200z4/fp/ecrti.o
 .fixup         0x00000000        0x0 c:/nxp/s32ds_power_v2.1/s32ds/build_tools/powerpc-eabivle-4_9/bin/../lib/gcc/powerpc-eabivle/4.9.4/e200z4/fp/ecrti.o
 .sbss2         0x00000000        0x0 c:/nxp/s32ds_power_v2.1/s32ds/build_tools/powerpc-eabivle-4_9/bin/../lib/gcc/powerpc-eabivle/4.9.4/e200z4/fp/ecrti.o
 .gcc_except_table
                0x00000000        0x0 c:/nxp/s32ds_power_v2.1/s32ds/build_tools/powerpc-eabivle-4_9/bin/../lib/gcc/powerpc-eabivle/4.9.4/e200z4/fp/ecrti.o
 .data          0x00000000        0x4 c:/nxp/s32ds_power_v2.1/s32ds/build_tools/powerpc-eabivle-4_9/bin/../lib/gcc/powerpc-eabivle/4.9.4/e200z4/fp/crtbegin.o
 .group         0x00000000        0x8 ./Generated_Code/Cpu.o
 .group         0x00000000        0x8 ./Generated_Code/Cpu.o
 .group         0x00000000        0x8 ./Generated_Code/Cpu.o
 .group         0x00000000        0x8 ./Generated_Code/Cpu.o
 .group         0x00000000        0x8 ./Generated_Code/Cpu.o
 .group         0x00000000        0x8 ./Generated_Code/Cpu.o
 .group         0x00000000        0x8 ./Generated_Code/Cpu.o
 .group         0x00000000        0x8 ./Generated_Code/Cpu.o
 .group         0x00000000        0x8 ./Generated_Code/Cpu.o
 .group         0x00000000        0x8 ./Generated_Code/Cpu.o
 .group         0x00000000        0x8 ./Generated_Code/Cpu.o
 .group         0x00000000        0x8 ./Generated_Code/Cpu.o
 .group         0x00000000        0x8 ./Generated_Code/Cpu.o
 .group         0x00000000        0x8 ./Generated_Code/Cpu.o
 .group         0x00000000        0x8 ./Generated_Code/Cpu.o
 .group         0x00000000        0x8 ./Generated_Code/Cpu.o
 .group         0x00000000        0x8 ./Generated_Code/Cpu.o
 .group         0x00000000        0x8 ./Generated_Code/Cpu.o
 .group         0x00000000        0x8 ./Generated_Code/Cpu.o
 .group         0x00000000        0x8 ./Generated_Code/Cpu.o
 .group         0x00000000        0x8 ./Generated_Code/Cpu.o
 .group         0x00000000        0x8 ./Generated_Code/Cpu.o
 .group         0x00000000        0x8 ./Generated_Code/Cpu.o
 .group         0x00000000        0x8 ./Generated_Code/Cpu.o
 .group         0x00000000        0x8 ./Generated_Code/Cpu.o
 .group         0x00000000        0x8 ./Generated_Code/Cpu.o
 .group         0x00000000        0x8 ./Generated_Code/Cpu.o
 .group         0x00000000        0x8 ./Generated_Code/Cpu.o
 .text          0x00000000        0x0 ./Generated_Code/Cpu.o
 .data          0x00000000        0x0 ./Generated_Code/Cpu.o
 .bss           0x00000000        0x0 ./Generated_Code/Cpu.o
 .debug_info    0x00000000       0x7d ./Generated_Code/Cpu.o
 .debug_abbrev  0x00000000       0x29 ./Generated_Code/Cpu.o
 .debug_aranges
                0x00000000       0x18 ./Generated_Code/Cpu.o
 .debug_macro   0x00000000      0x1fd ./Generated_Code/Cpu.o
 .debug_macro   0x00000000      0x610 ./Generated_Code/Cpu.o
 .debug_macro   0x00000000       0x52 ./Generated_Code/Cpu.o
 .debug_macro   0x00000000       0xa0 ./Generated_Code/Cpu.o
 .debug_macro   0x00000000       0x16 ./Generated_Code/Cpu.o
 .debug_macro   0x00000000       0x11 ./Generated_Code/Cpu.o
 .debug_macro   0x00000000       0x75 ./Generated_Code/Cpu.o
 .debug_macro   0x00000000       0x16 ./Generated_Code/Cpu.o
 .debug_macro   0x00000000       0x5e ./Generated_Code/Cpu.o
 .debug_macro   0x00000000      0x1aa ./Generated_Code/Cpu.o
 .debug_macro   0x00000000      0x13a ./Generated_Code/Cpu.o
 .debug_macro   0x00000000       0x9d ./Generated_Code/Cpu.o
 .debug_macro   0x00000000       0x10 ./Generated_Code/Cpu.o
 .debug_macro   0x00000000      0x15b ./Generated_Code/Cpu.o
 .debug_macro   0x00000000       0x28 ./Generated_Code/Cpu.o
 .debug_macro   0x00000000       0x58 ./Generated_Code/Cpu.o
 .debug_macro   0x00000000    0x1ff40 ./Generated_Code/Cpu.o
 .debug_macro   0x00000000     0x1603 ./Generated_Code/Cpu.o
 .debug_macro   0x00000000       0x22 ./Generated_Code/Cpu.o
 .debug_macro   0x00000000      0x3fe ./Generated_Code/Cpu.o
 .debug_macro   0x00000000       0x10 ./Generated_Code/Cpu.o
 .debug_macro   0x00000000       0x16 ./Generated_Code/Cpu.o
 .debug_macro   0x00000000       0x16 ./Generated_Code/Cpu.o
 .debug_macro   0x00000000       0x2e ./Generated_Code/Cpu.o
 .debug_macro   0x00000000       0x81 ./Generated_Code/Cpu.o
[...]
Memory Configuration

Name             Origin             Length             Attributes
flash_rchw       0x00fa0000         0x00000004
cpu0_reset_vec   0x00fa0010         0x00000004
cpu2_reset_vec   0x00fa0004         0x00000004
rappid_boot_data 0x00fa0008         0x00000008
m_text           0x01000000         0x00140000
m_data           0x40000000         0x00030000
*default*        0x00000000         0xffffffff

Linker script and memory map

LOAD c:/nxp/s32ds_power_v2.1/s32ds/build_tools/powerpc-eabivle-4_9/bin/../lib/gcc/powerpc-eabivle/4.9.4/e200z4/fp/ecrti.o
LOAD c:/nxp/s32ds_power_v2.1/s32ds/build_tools/powerpc-eabivle-4_9/bin/../lib/gcc/powerpc-eabivle/4.9.4/e200z4/fp/crtbegin.o
LOAD ./Generated_Code/Cpu.o
LOAD ./Generated_Code/clockMan1.o
LOAD ./Generated_Code/ethernet1.o
LOAD ./Generated_Code/pin_mux.o
LOAD ./Project_Settings/Startup_Code/core0_intc_sw_handlers.o
LOAD ./Project_Settings/Startup_Code/interrupt_vectors.o
LOAD ./Project_Settings/Startup_Code/startup_MPC5746C.o
LOAD ./SDK/platform/devices/MPC5746C/startup/system_MPC5746C.o
LOAD ./SDK/platform/devices/startup.o
LOAD ./SDK/platform/drivers/src/clock/MPC57xx/clock_MPC57xx.o
LOAD ./SDK/platform/drivers/src/enet/enet_driver.o
LOAD ./SDK/platform/drivers/src/enet/enet_hw_access.o
LOAD ./SDK/platform/drivers/src/enet/enet_irq.o
LOAD ./SDK/platform/drivers/src/interrupt/interrupt_manager_MPC57xx.o
LOAD ./SDK/platform/drivers/src/pins/siul2/pins_siul2_driver.o
LOAD ./SDK/platform/drivers/src/pins/siul2/siul2_hw_access.o
LOAD ./SDK/rtos/osif/osif_baremetal.o
LOAD ./Sources/main.o
LOAD ./Sources/mdio.o
START GROUP
LOAD C:/NXP/S32DS_Power_v2.1/S32DS/build_tools/e200_ewl2/lib/e200z4/fp\libc99.a
LOAD C:/NXP/S32DS_Power_v2.1/S32DS/build_tools/e200_ewl2/lib/e200z4/fp\libm.a
LOAD c:/nxp/s32ds_power_v2.1/s32ds/build_tools/powerpc-eabivle-4_9/bin/../lib/gcc/powerpc-eabivle/4.9.4/e200z4/fp\libgcc.a
LOAD C:/NXP/S32DS_Power_v2.1/S32DS/build_tools/e200_ewl2/lib/e200z4/fp\librt.a
END GROUP
LOAD c:/nxp/s32ds_power_v2.1/s32ds/build_tools/powerpc-eabivle-4_9/bin/../lib/gcc/powerpc-eabivle/4.9.4/e200z4/fp/crtend.o
LOAD c:/nxp/s32ds_power_v2.1/s32ds/build_tools/powerpc-eabivle-4_9/bin/../lib/gcc/powerpc-eabivle/4.9.4/e200z4/fp/ecrtn.o
                0x00000000                __HEAP_SIZE = DEFINED (__heap_size__)?__heap_size__:0x0
                0x00001000                __STACK_SIZE = DEFINED (__stack_size__)?__stack_size__:0x1000
                0x01000000                FLASH_BASE_ADDR = DEFINED (__flash_base_addr__)?__flash_base_addr__:0x1000000
                0x00140000                FLASH_SIZE = DEFINED (__flash_size__)?__flash_size__:0x140000
                0x40000000                SRAM_BASE_ADDR = DEFINED (__sram_base_addr__)?__sram_base_addr__:0x40000000
                0x00030000                SRAM_SIZE = DEFINED (__sram_size__)?__sram_size__:0x30000
                0x00fa0008                RAPPID_BOOT_APP_DELAY_ADDR = 0xfa0008
                0x00fa000c                RAPPID_BOOT_APP_KEY_ADDR = 0xfa000c

.rchw           0x00fa0000        0x4
 *(.rchw)
 .rchw          0x00fa0000        0x4 ./Project_Settings/Startup_Code/startup_MPC5746C.o

.cpu0_reset_vector
                0x00fa0010        0x4
 *(.cpu0_reset_vector)
 .cpu0_reset_vector
                0x00fa0010        0x4 ./Project_Settings/Startup_Code/startup_MPC5746C.o

.cpu2_reset_vector
 *(.cpu2_reset_vector)

.RAppID_AppDelay
                0x00fa0008        0x4
 *(.RAppID_AppDelay)
 .RAppID_AppDelay
                0x00fa0008        0x4 ./Project_Settings/Startup_Code/startup_MPC5746C.o

.RAppID_AppKeyAddr
                0x00fa000c        0x4
 *(.RAppID_AppKeyAddr)
 .RAppID_AppKeyAddr
                0x00fa000c        0x4 ./Project_Settings/Startup_Code/startup_MPC5746C.o

.startup        0x01000000      0x168
                0x01000000                __start = .
 *(.startup)
 .startup       0x01000000      0x168 ./Project_Settings/Startup_Code/startup_MPC5746C.o
                0x01000000                Reset_Handler
                0x01000000                _start

.core_exceptions_table
                0x01001000       0xb4
                0x01001000                __IVPR_VALUE = .
 *(.core_exceptions_table)
 .core_exceptions_table
                0x01001000       0xb4 ./Project_Settings/Startup_Code/interrupt_vectors.o
                0x01001000                IVOR0_Vector
                0x01001000                VTABLE
                0x01001010                IVOR1_Vector
                0x01001020                IVOR2_Vector
                0x01001030                IVOR3_Vector
                0x01001040                IVOR4_Vector
                0x01001050                IVOR5_Vector
                0x01001060                IVOR6_Vector
                0x01001070                IVOR35_Vector
                0x01001080                IVOR8_Vector
                0x01001090                IVOR15_Vector
                0x010010a0                IVOR33_Vector
                0x010010b0                IVOR34_Vector

.intc_vector_table
                0x01002000      0xbfc
                0x01002000                __VECTOR_TABLE = .
                0x01002000                __interrupts_start__ = .
 *(.intc_vector_table)
 .intc_vector_table
                0x01002000      0xbfc ./Project_Settings/Startup_Code/startup_MPC5746C.o
                0x01002000                __isr_vector
                0x01002bf8                SIUL_EIRQ_16_23_IRQHandler
                0x01002bf8                LINFLEXD3_UART_ErrIRQHandler
                0x01002bf8                PIT_Ch15_IRQHandler
                0x01002bf8                CAN5_Error_IRQHandler
                0x01002bf8                DSPI6_Send_IRQHandler
                0x01002bf8                EMIOS1_26_27_IRQHandler
                0x01002bf8                IVOR34_Exception_Handler
                0x01002bf8                CAN4_ORed_12_15_MB_IRQHandler
                0x01002bf8                DSPI0_FIFO_Error_IRQHandler
                0x01002bf8                DSPI1_Send_IRQHandler
                0x01002bf8                PIT_Ch14_IRQHandler
                0x01002bf8                PIT_Ch0_IRQHandler
                0x01002bf8                DMA0_Ch31_IRQHandler
                0x01002bf8                CAN1_ORed_12_15_MB_IRQHandler
                0x01002bf8                LINFLEXD6_UART_ErrIRQHandler
                0x01002bf8                LINFLEXD5_UART_ErrIRQHandler
                0x01002bf8                DSPI4_Send_IRQHandler
                0x01002bf8                DSPI5_FIFO_Error_IRQHandler
                0x01002bf8                EMIOS0_22_23_IRQHandler
                0x01002bf8                EMIOS1_28_29_IRQHandler
                0x01002bf8                CAN1_ORed_IRQHandler
                0x01002bf8                SAI0_Rx_IRQHandler
                0x01002bf8                DSPI3_Receive_IRQHandler
                0x01002bf8                ADC1_ER_IRQHandler
                0x01002bf8                CAN5_ORed_00_03_MB_IRQHandler
                0x01002bf8                LINFLEXD13_UART_RxIRQHandler
                0x01002bf8                DMA0_Ch27_IRQHandler
                0x01002bf8                EMIOS1_00_01_IRQHandler
                0x01002bf8                ADC1_WD_IRQHandler
                0x01002bf8                IVOR5_Exception_Handler
                0x01002bf8                ADC0_WD_IRQHandler
                0x01002bf8                EMIOS0_10_11_IRQHandler
                0x01002bf8                EMIOS1_30_31_IRQHandler
                0x01002bf8                LINFLEXD10_UART_RxIRQHandler
                0x01002bf8                CAN2_ORed_12_15_MB_IRQHandler
                0x01002bf8                LINFLEXD2_UART_TxIRQHandler
                0x01002bf8                LINFLEXD7_UART_RxIRQHandler
                0x01002bf8                CAN2_ORed_04_07_MB_IRQHandler
                0x01002bf8                CAN7_ORed_IRQHandler
                0x01002bf8                LINFLEXD0_UART_TxIRQHandler
                0x01002bf8                DMA0_Ch16_IRQHandler
                0x01002bf8                DMA0_Ch30_IRQHandler
                0x01002bf8                LINFLEXD5_UART_RxIRQHandler
                0x01002bf8                LINFLEXD14_UART_RxIRQHandler
                0x01002bf8                LINFLEXD0_UART_ErrIRQHandler
                0x01002bf8                CAN2_Error_IRQHandler
                0x01002bf8                SAI2_Tx_IRQHandler
                0x01002bf8                PIT_Ch7_IRQHandler
                0x01002bf8                CAN5_ORed_04_07_MB_IRQHandler
                0x01002bf8                IVOR2_Exception_Handler
                0x01002bf8                DSPI3_Send_IRQHandler
                0x01002bf8                DSPI2_FIFO_Error_IRQHandler
                0x01002bf8                CAN1_ORed_00_03_MB_IRQHandler
                0x01002bf8                LINFLEXD9_UART_ErrIRQHandler
                0x01002bf8                WKPU_23_16_IRQHandler
                0x01002bf8                DMA0_Ch6_IRQHandler
                0x01002bf8                EMIOS0_30_31_IRQHandler
                0x01002bf8                SWT0_IRQHandler
                0x01002bf8                PIT_Ch10_IRQHandler
                0x01002bf8                SAI2_Rx_IRQHandler
                0x01002bf8                DMA0_Ch13_IRQHandler
                0x01002bf8                IVOR33_Exception_Handler
                0x01002bf8                DMA0_Ch24_IRQHandler
                0x01002bf8                SAI0_Tx_IRQHandler
                0x01002bf8                CAN3_ORed_16_31_MB_IRQHandler
                0x01002bf8                EMIOS0_24_25_IRQHandler
                0x01002bf8                DMA0_Ch7_IRQHandler
                0x01002bf8                LINFLEXD10_UART_TxIRQHandler
                0x01002bf8                LINFLEXD13_UART_TxIRQHandler
                0x01002bf8                LINFLEXD15_UART_RxIRQHandler
                0x01002bf8                DSPI2_Receive_IRQHandler
                0x01002bf8                DMA0_Ch17_IRQHandler
                0x01002bf8                DMA0_Ch2_IRQHandler
                0x01002bf8                DSPI6_Receive_IRQHandler
                0x01002bf8                DMA0_Ch10_IRQHandler
                0x01002bf8                LINFLEXD10_UART_ErrIRQHandler
                0x01002bf8                BCTU_ListLast_IRQHandler
                0x01002bf8                LINFLEXD9_UART_TxIRQHandler
                0x01002bf8                LINFLEXD14_UART_TxIRQHandler
                0x01002bf8                PIT_Ch1_IRQHandler
                0x01002bf8                EMIOS1_14_15_IRQHandler
                0x01002bf8                CAN5_ORed_64_95_MB_IRQHandler
                0x01002bf8                LINFLEXD14_UART_ErrIRQHandler
                0x01002bf8                CAN4_ORed_IRQHandler
                0x01002bf8                PIT_Ch5_IRQHandler
                0x01002bf8                EMIOS0_12_13_IRQHandler
                0x01002bf8                CAN0_Wake_Up_IRQHandler
                0x01002bf8                ADC0_EOC_IRQHandler
                0x01002bf8                LINFLEXD11_UART_ErrIRQHandler
                0x01002bf8                DMA0_Ch0_IRQHandler
                0x01002bf8                DMA0_Ch4_IRQHandler
                0x01002bf8                I2C_DRV_Module2IRQHandler
                0x01002bf8                SAI1_Tx_IRQHandler
                0x01002bf8                CAN7_ORed_08_11_MB_IRQHandler
                0x01002bf8                EMIOS0_14_15_IRQHandler
                0x01002bf8                DSPI0_Receive_IRQHandler
                0x01002bf8                DMA0_Ch3_IRQHandler
                0x01002bf8                PIT_Ch2_IRQHandler
                0x01002bf8                DMA0_Ch23_IRQHandler
                0x01002bf8                EMIOS0_16_17_IRQHandler
                0x01002bf8                DSPI2_Send_IRQHandler
                0x01002bf8                DMA0_Ch5_IRQHandler
                0x01002bf8                DMA0_Ch28_IRQHandler
                0x01002bf8                CMP0_IRQHandler
                0x01002bf8                DMA0_Ch9_IRQHandler
                0x01002bf8                DSPI0_Send_IRQHandler
                0x01002bf8                CAN7_ORed_04_07_MB_IRQHandler
                0x01002bf8                CAN5_ORed_08_11_MB_IRQHandler
                0x01002bf8                PIT_Ch12_IRQHandler
                0x01002bf8                CAN3_ORed_32_63_MB_IRQHandler
                0x01002bf8                CAN5_ORed_IRQHandler
                0x01002bf8                LINFLEXD11_UART_RxIRQHandler
                0x01002bf8                DSPI1_FIFO_Error_IRQHandler
                0x01002bf8                CAN0_Error_IRQHandler
                0x01002bf8                PIT_Ch11_IRQHandler
                0x01002bf8                CAN2_ORed_16_31_MB_IRQHandler
                0x01002bf8                LINFLEXD1_UART_ErrIRQHandler
                0x01002bf8                EMIOS1_10_11_IRQHandler
                0x01002bf8                PIT_Ch4_IRQHandler
                0x01002bf8                CAN7_ORed_00_03_MB_IRQHandler
                0x01002bf8                CAN6_ORed_08_11_MB_IRQHandler
                0x01002bf8                CAN4_ORed_04_07_MB_IRQHandler
                0x01002bf8                CAN2_ORed_32_63_MB_IRQHandler
                0x01002bf8                DSPI7_Receive_IRQHandler
                0x01002bf8                DMA0_Ch20_IRQHandler
                0x01002bf8                LINFLEXD13_UART_ErrIRQHandler
                0x01002bf8                LINFLEXD12_UART_TxIRQHandler
                0x01002bf8                DSPI4_FIFO_Error_IRQHandler
                0x01002bf8                CAN7_ORed_12_15_MB_IRQHandler
                0x01002bf8                IVOR15_Exception_Handler
                0x01002bf8                CAN0_ORed_04_07_MB_IRQHandler
                0x01002bf8                CAN1_ORed_16_31_MB_IRQHandler
                0x01002bf8                LINFLEXD4_UART_TxIRQHandler
                0x01002bf8                CAN4_ORed_16_31_MB_IRQHandler
                0x01002bf8                LINFLEXD8_UART_TxIRQHandler
                0x01002bf8                ADC0_ER_IRQHandler
                0x01002bf8                CAN6_ORed_04_07_MB_IRQHandler
                0x01002bf8                SIUL_EIRQ_00_07_IRQHandler
                0x01002bf8                CAN3_ORed_08_11_MB_IRQHandler
                0x01002bf8                CAN3_ORed_00_03_MB_IRQHandler
                0x01002bf8                CAN1_ORed_64_95_MB_IRQHandler
                0x01002bf8                CAN3_Error_IRQHandler
                0x01002bf8                EMIOS1_06_07_IRQHandler
                0x01002bf8                IVOR3_Exception_Handler
                0x01002bf8                LINFLEXD12_UART_ErrIRQHandler
                0x01002bf8                EMIOS1_12_13_IRQHandler
                0x01002bf8                STM1_Ch1_IRQHandler
                0x01002bf8                CAN4_Error_IRQHandler
                0x01002bf8                SIUL_EIRQ_24_31_IRQHandler
                0x01002bf8                DSPI7_FIFO_Error_IRQHandler
                0x01002bf8                DMA0_Ch11_IRQHandler
                0x01002bf8                LINFLEXD2_UART_RxIRQHandler
                0x01002bf8                I2C_DRV_Module1IRQHandler
                0x01002bf8                STM1_Ch0_IRQHandler
                0x01002bf8                CMP2_IRQHandler
                0x01002bf8                IVOR1_Exception_Handler
                0x01002bf8                LINFLEXD7_UART_TxIRQHandler
                0x01002bf8                CAN6_ORed_64_95_MB_IRQHandler
                0x01002bf8                STM0_Ch0_IRQHandler
                0x01002bf8                DSPI5_Receive_IRQHandler
                0x01002bf8                CAN2_ORed_00_03_MB_IRQHandler
                0x01002bf8                LINFLEXD2_UART_ErrIRQHandler
                0x01002bf8                CAN0_ORed_32_63_MB_IRQHandler
                0x01002bf8                HSM_DRV_IRQHandler
                0x01002bf8                IVOR0_Exception_Handler
                0x01002bf8                IVOR35_Exception_Handler
                0x01002bf8                LINFLEXD3_UART_RxIRQHandler
                0x01002bf8                PIT_RTI_IRQHandler
                0x01002bf8                IVOR8_Exception_Handler
                0x01002bf8                DMA0_Ch14_IRQHandler
                0x01002bf8                CAN1_Error_IRQHandler
                0x01002bf8                CAN7_ORed_16_31_MB_IRQHandler
                0x01002bf8                LINFLEXD12_UART_RxIRQHandler
                0x01002bf8                CAN4_ORed_00_03_MB_IRQHandler
                0x01002bf8                WKPU_31_24_IRQHandler
                0x01002bf8                CAN4_ORed_32_63_MB_IRQHandler
                0x01002bf8                PIT_Ch13_IRQHandler
                0x01002bf8                EMIOS0_20_21_IRQHandler
                0x01002bf8                CAN3_ORed_04_07_MB_IRQHandler
                0x01002bf8                EMIOS1_02_03_IRQHandler
                0x01002bf8                CAN0_ORed_IRQHandler
                0x01002bf8                LINFLEXD4_UART_ErrIRQHandler
                0x01002bf8                STM0_Ch2_IRQHandler
                0x01002bf8                CAN0_ORed_12_15_MB_IRQHandler
                0x01002bf8                WKPU_15_08_IRQHandler
                0x01002bf8                EMIOS0_00_01_IRQHandler
                0x01002bf8                LINFLEXD0_UART_RxIRQHandler
                0x01002bf8                CAN4_ORed_64_95_MB_IRQHandler
                0x01002bf8                LINFLEXD15_UART_TxIRQHandler
                0x01002bf8                LINFLEXD15_UART_ErrIRQHandler
                0x01002bf8                LINFLEXD6_UART_RxIRQHandler
                0x01002bf8                CAN7_ORed_32_63_MB_IRQHandler
                0x01002bf8                RTC0_IRQHandler
                0x01002bf8                CAN5_ORed_12_15_MB_IRQHandler
                0x01002bf8                STM0_Ch3_IRQHandler
                0x01002bf8                EMIOS0_18_19_IRQHandler
                0x01002bf8                EMIOS1_24_25_IRQHandler
                0x01002bf8                I2C_DRV_Module3IRQHandler
                0x01002bf8                DSPI3_FIFO_Error_IRQHandler
                0x01002bf8                LINFLEXD8_UART_RxIRQHandler
                0x01002bf8                I2C_DRV_Module0IRQHandler
                0x01002bf8                LINFLEXD7_UART_ErrIRQHandler
                0x01002bf8                CAN7_ORed_64_95_MB_IRQHandler
                0x01002bf8                IVOR6_Exception_Handler
                0x01002bf8                PIT_Ch6_IRQHandler
                0x01002bf8                DMA0_Ch25_IRQHandler
                0x01002bf8                DMA0_Ch1_IRQHandler
                0x01002bf8                DMA0_Ch29_IRQHandler
                0x01002bf8                DSPI7_Send_IRQHandler
                0x01002bf8                DMA0_Ch15_IRQHandler
                0x01002bf8                STM1_Ch3_IRQHandler
                0x01002bf8                LINFLEXD3_UART_TxIRQHandler
                0x01002bf8                CAN0_ORed_00_03_MB_IRQHandler
                0x01002bf8                CAN6_ORed_00_03_MB_IRQHandler
                0x01002bf8                PIT_Ch9_IRQHandler
                0x01002bf8                SIUL_EIRQ_08_15_IRQHandler
                0x01002bf8                CAN5_ORed_32_63_MB_IRQHandler
                0x01002bf8                CAN2_ORed_IRQHandler
                0x01002bf8                FLASH_Done_IRQHandler
                0x01002bf8                LINFLEXD5_UART_TxIRQHandler
                0x01002bf8                EMIOS1_08_09_IRQHandler
                0x01002bf8                PIT_Ch3_IRQHandler
                0x01002bf8                DMA0_Ch21_IRQHandler
                0x01002bf8                CAN7_Error_IRQHandler
                0x01002bf8                DSPI4_Receive_IRQHandler
                0x01002bf8                EMIOS0_26_27_IRQHandler
                0x01002bf8                CAN3_ORed_64_95_MB_IRQHandler
                0x01002bf8                DMA0_Ch8_IRQHandler
                0x01002bf8                API0_IRQHandler
                0x01002bf8                DMA0_Ch19_IRQHandler
                0x01002bf8                CAN0_ORed_08_11_MB_IRQHandler
                0x01002bf8                CAN2_ORed_64_95_MB_IRQHandler
                0x01002bf8                CAN1_ORed_08_11_MB_IRQHandler
                0x01002bf8                CAN6_ORed_IRQHandler
                0x01002bf8                LINFLEXD6_UART_TxIRQHandler
                0x01002bf8                EMIOS1_04_05_IRQHandler
                0x01002bf8                LINFLEXD11_UART_TxIRQHandler
                0x01002bf8                STM1_Ch2_IRQHandler
                0x01002bf8                EMIOS0_04_05_IRQHandler
                0x01002bf8                LINFLEXD1_UART_TxIRQHandler
                0x01002bf8                CAN6_Error_IRQHandler
                0x01002bf8                EMIOS1_16_17_IRQHandler
                0x01002bf8                SWT1_IRQHandler
                0x01002bf8                CAN2_ORed_08_11_MB_IRQHandler
                0x01002bf8                LINFLEXD4_UART_RxIRQHandler
                0x01002bf8                DMA0_Ch26_IRQHandler
                0x01002bf8                DSPI6_FIFO_Error_IRQHandler
                0x01002bf8                CAN3_ORed_12_15_MB_IRQHandler
                0x01002bf8                EMIOS0_08_09_IRQHandler
                0x01002bf8                DMA0_Ch12_IRQHandler
                0x01002bf8                EMIOS0_28_29_IRQHandler
                0x01002bf8                CAN0_ORed_16_31_MB_IRQHandler
                0x01002bf8                CAN0_ORed_64_95_MB_IRQHandler
                0x01002bf8                CMP1_IRQHandler
                0x01002bf8                CAN1_ORed_04_07_MB_IRQHandler
                0x01002bf8                CAN1_ORed_32_63_MB_IRQHandler
                0x01002bf8                DefaultISR
                0x01002bf8                EMIOS0_06_07_IRQHandler
                0x01002bf8                DMA0_Ch0_Ch31_Error_IRQHandler
                0x01002bf8                LINFLEXD9_UART_RxIRQHandler
                0x01002bf8                PIT_Ch8_IRQHandler
                0x01002bf8                CAN4_ORed_08_11_MB_IRQHandler
                0x01002bf8                EMIOS0_02_03_IRQHandler
                0x01002bf8                CAN6_ORed_32_63_MB_IRQHandler
                0x01002bf8                SAI1_Rx_IRQHandler
                0x01002bf8                EMIOS1_20_21_IRQHandler
                0x01002bf8                DMA0_Ch18_IRQHandler
                0x01002bf8                CAN6_ORed_12_15_MB_IRQHandler
                0x01002bf8                EMIOS1_18_19_IRQHandler
                0x01002bf8                EMIOS1_22_23_IRQHandler
                0x01002bf8                CAN6_ORed_16_31_MB_IRQHandler
                0x01002bf8                DSPI1_Receive_IRQHandler
                0x01002bf8                DMA0_Ch22_IRQHandler
                0x01002bf8                ADC1_EOC_IRQHandler
                0x01002bf8                DSPI5_Send_IRQHandler
                0x01002bf8                LINFLEXD8_UART_ErrIRQHandler
                0x01002bf8                LINFLEXD1_UART_RxIRQHandler
                0x01002bf8                CAN5_ORed_16_31_MB_IRQHandler
                0x01002bf8                BCTU_ConvUpdate_IRQHandler
                0x01002bf8                WKPU_07_00_IRQHandler
                0x01002bf8                FCCU0_IRQ_Handler
                0x01002bf8                STM0_Ch1_IRQHandler
                0x01002bf8                CAN3_ORed_IRQHandler
                0x01002bfc                __interrupts_end__ = .
                0x00000c00                __RAM_VECTOR_TABLE_SIZE = 0xc00
                0x01002c00                __VECTOR_TABLE_COPY_END = (__VECTOR_TABLE + __RAM_VECTOR_TABLE_SIZE)

.text           0x01002c00     0x7e20
 *(.text.startup)
 *(.text)
 .text          0x01002c00      0x16c c:/nxp/s32ds_power_v2.1/s32ds/build_tools/powerpc-eabivle-4_9/bin/../lib/gcc/powerpc-eabivle/4.9.4/e200z4/fp/crtbegin.o
 *fill*         0x01002d6c        0x4 
 .text          0x01002d70      0x2f6 ./Project_Settings/Startup_Code/core0_intc_sw_handlers.o
                0x01002db0                IVOR0_Handler
                0x01002dde                IVOR1_Handler
                0x01002e2c                IVOR2_Handler
                0x01002e66                IVOR3_Handler
                0x01002ea0                IVOR4_Handler
                0x01002ee8                IVOR5_Handler
                0x01002f22                IVOR6_Handler
                0x01002f5c                IVOR8_Handler
                0x01002f96                IVOR15_Handler
                0x01002fc4                IVOR33_Handler
                0x01002ffe                IVOR34_Handler
                0x01003038                IVOR35_Handler
 .text          0x01003066       0x4a c:/nxp/s32ds_power_v2.1/s32ds/build_tools/powerpc-eabivle-4_9/bin/../lib/gcc/powerpc-eabivle/4.9.4/e200z4/fp\libgcc.a(eabivle.o)
                0x01003066                __eabi
 .text          0x010030b0       0x48 c:/nxp/s32ds_power_v2.1/s32ds/build_tools/powerpc-eabivle-4_9/bin/../lib/gcc/powerpc-eabivle/4.9.4/e200z4/fp/crtend.o
 *(.text.*)
 .text.DevAssert
                0x010030f8       0x30 ./SDK/platform/devices/MPC5746C/startup/system_MPC5746C.o
 .text.SystemInit
                0x01003128       0xe8 ./SDK/platform/devices/MPC5746C/startup/system_MPC5746C.o
                0x01003128                SystemInit
 .text.init_data_bss
                0x01003210      0x198 ./SDK/platform/devices/startup.o
                0x01003210                init_data_bss
 .text.DevAssert
                0x010033a8       0x30 ./SDK/platform/drivers/src/clock/MPC57xx/clock_MPC57xx.o
 .text.MC_ME_ChangeMode
                0x010033d8       0x3a ./SDK/platform/drivers/src/clock/MPC57xx/clock_MPC57xx.o
 *fill*         0x01003412        0x2 
 .text.MC_ME_GetTransitionStatus
                0x01003414       0x30 ./SDK/platform/drivers/src/clock/MPC57xx/clock_MPC57xx.o
 .text.MC_ME_SetClockSources
                0x01003444      0x124 ./SDK/platform/drivers/src/clock/MPC57xx/clock_MPC57xx.o
 .text.MC_ME_SetClockSourcesInDrunMode
                0x01003568       0x88 ./SDK/platform/drivers/src/clock/MPC57xx/clock_MPC57xx.o
 .text.MC_ME_SetClockSourcesInRun0Mode
                0x010035f0       0x88 ./SDK/platform/drivers/src/clock/MPC57xx/clock_MPC57xx.o
 .text.MC_ME_SetClockSourcesInRun1Mode
                0x01003678       0x88 ./SDK/platform/drivers/src/clock/MPC57xx/clock_MPC57xx.o
 .text.MC_ME_SetClockSourcesInRun2Mode
                0x01003700       0x88 ./SDK/platform/drivers/src/clock/MPC57xx/clock_MPC57xx.o
 .text.MC_ME_SetClockSourcesInRun3Mode
                0x01003788       0x88 ./SDK/platform/drivers/src/clock/MPC57xx/clock_MPC57xx.o
 .text.MC_ME_SetClockSourcesInSafeMode
                0x01003810       0x88 ./SDK/platform/drivers/src/clock/MPC57xx/clock_MPC57xx.o
 .text.MC_ME_SetClockSourcesInTestMode
                0x01003898       0x3c ./SDK/platform/drivers/src/clock/MPC57xx/clock_MPC57xx.o
 .text.MC_ME_SetClockSourcesInStopMode
                0x010038d4       0x88 ./SDK/platform/drivers/src/clock/MPC57xx/clock_MPC57xx.o
 .text.MC_ME_SetClockSourcesInStandbyMode
                0x0100395c       0x88 ./SDK/platform/drivers/src/clock/MPC57xx/clock_MPC57xx.o
 .text.MC_ME_SetClockSourcesInHaltMode
                0x010039e4       0x3c ./SDK/platform/drivers/src/clock/MPC57xx/clock_MPC57xx.o
 .text.LPU_SetClockSourcesInLpuDrunMode
                0x01003a20       0xf0 ./SDK/platform/drivers/src/clock/MPC57xx/clock_MPC57xx.o
 .text.LPU_SetClockSourcesInLpuStopMode
                0x01003b10       0xdc ./SDK/platform/drivers/src/clock/MPC57xx/clock_MPC57xx.o
 .text.LPU_SetClockSourcesInLpuStandbyMode
                0x01003bec       0xdc ./SDK/platform/drivers/src/clock/MPC57xx/clock_MPC57xx.o
 .text.MC_ME_GetCurrentSystemClock
                0x01003cc8       0x1e ./SDK/platform/drivers/src/clock/MPC57xx/clock_MPC57xx.o
 *fill*         0x01003ce6        0x2 
 .text.MC_ME_GetFircStatus
                0x01003ce8       0x32 ./SDK/platform/drivers/src/clock/MPC57xx/clock_MPC57xx.o
 *fill*         0x01003d1a        0x2 
 .text.MC_ME_GetSircStatus
                0x01003d1c       0x34 ./SDK/platform/drivers/src/clock/MPC57xx/clock_MPC57xx.o
 .text.MC_ME_GetFxoscStatus
                0x01003d50       0x34 ./SDK/platform/drivers/src/clock/MPC57xx/clock_MPC57xx.o
 .text.MC_ME_GetSxoscStatus
                0x01003d84       0x34 ./SDK/platform/drivers/src/clock/MPC57xx/clock_MPC57xx.o
 .text.MC_ME_GetPllStatus
                0x01003db8       0x34 ./SDK/platform/drivers/src/clock/MPC57xx/clock_MPC57xx.o
 .text.MC_ME_SetRunPeripheralConfig
                0x01003dec      0x13e ./SDK/platform/drivers/src/clock/MPC57xx/clock_MPC57xx.o
 *fill*         0x01003f2a        0x2 
 .text.MC_ME_SetLowPeripheralConfig
                0x01003f2c       0x7e ./SDK/platform/drivers/src/clock/MPC57xx/clock_MPC57xx.o
 *fill*         0x01003faa        0x2 
 .text.MC_ME_SetPeripheralClockControl
                0x01003fac       0x82 ./SDK/platform/drivers/src/clock/MPC57xx/clock_MPC57xx.o
 *fill*         0x0100402e        0x2 
 .text.MC_ME_GetModuleStatus
                0x01004030      0x1a6 ./SDK/platform/drivers/src/clock/MPC57xx/clock_MPC57xx.o
 *fill*         0x010041d6        0x2 
 .text.MC_ME_ResetClockSourcesConfiguration
                0x010041d8       0xd4 ./SDK/platform/drivers/src/clock/MPC57xx/clock_MPC57xx.o
 .text.MC_ME_ResetPeripheralsConfiguration
                0x010042ac      0x256 ./SDK/platform/drivers/src/clock/MPC57xx/clock_MPC57xx.o
 *fill*         0x01004502        0x2 
 .text.PRAMC_EnableFlowThrough
                0x01004504       0x50 ./SDK/platform/drivers/src/clock/MPC57xx/clock_MPC57xx.o
 .text.CGM_GetSC_DC0_Status
                0x01004554       0x22 ./SDK/platform/drivers/src/clock/MPC57xx/clock_MPC57xx.o
 *fill*         0x01004576        0x2 
 .text.CGM_GetSC_DC1_Status
                0x01004578       0x22 ./SDK/platform/drivers/src/clock/MPC57xx/clock_MPC57xx.o
 *fill*         0x0100459a        0x2 
 .text.CGM_GetSC_DC2_Status
                0x0100459c       0x22 ./SDK/platform/drivers/src/clock/MPC57xx/clock_MPC57xx.o
 *fill*         0x010045be        0x2 
 .text.CGM_GetSC_DC3_Status
                0x010045c0       0x22 ./SDK/platform/drivers/src/clock/MPC57xx/clock_MPC57xx.o
 *fill*         0x010045e2        0x2 
 .text.CGM_GetSC_DC4_Status
                0x010045e4       0x22 ./SDK/platform/drivers/src/clock/MPC57xx/clock_MPC57xx.o
 *fill*         0x01004606        0x2 
 .text.CGM_GetSC_DC5_Status
                0x01004608       0x22 ./SDK/platform/drivers/src/clock/MPC57xx/clock_MPC57xx.o
 *fill*         0x0100462a        0x2 
 .text.CGM_GetSC_DC6_Status
                0x0100462c       0x22 ./SDK/platform/drivers/src/clock/MPC57xx/clock_MPC57xx.o
 *fill*         0x0100464e        0x2 
 .text.CGM_GetSC_DC0_DividerValue
                0x01004650       0x24 ./SDK/platform/drivers/src/clock/MPC57xx/clock_MPC57xx.o
 .text.CGM_GetSC_DC1_DividerValue
                0x01004674       0x24 ./SDK/platform/drivers/src/clock/MPC57xx/clock_MPC57xx.o
 .text.CGM_GetSC_DC2_DividerValue
                0x01004698       0x24 ./SDK/platform/drivers/src/clock/MPC57xx/clock_MPC57xx.o
 .text.CGM_GetSC_DC3_DividerValue
                0x010046bc       0x24 ./SDK/platform/drivers/src/clock/MPC57xx/clock_MPC57xx.o
 .text.CGM_GetSC_DC4_DividerValue
                0x010046e0       0x24 ./SDK/platform/drivers/src/clock/MPC57xx/clock_MPC57xx.o
 .text.CGM_GetSC_DC5_DividerValue
                0x01004704       0x24 ./SDK/platform/drivers/src/clock/MPC57xx/clock_MPC57xx.o
 .text.CGM_GetSC_DC6_DividerValue
                0x01004728       0x24 ./SDK/platform/drivers/src/clock/MPC57xx/clock_MPC57xx.o
 .text.CGM_SetAC0
                0x0100474c       0x18 ./SDK/platform/drivers/src/clock/MPC57xx/clock_MPC57xx.o
 .text.CGM_SetAC0_DC0
                0x01004764       0x1c ./SDK/platform/drivers/src/clock/MPC57xx/clock_MPC57xx.o
 .text.CGM_SetAC0_DC1
                0x01004780       0x1c ./SDK/platform/drivers/src/clock/MPC57xx/clock_MPC57xx.o
 .text.CGM_SetAC0_DC2
                0x0100479c       0x1c ./SDK/platform/drivers/src/clock/MPC57xx/clock_MPC57xx.o
 .text.CGM_SetAC0_DC3
                0x010047b8       0x1c ./SDK/platform/drivers/src/clock/MPC57xx/clock_MPC57xx.o
 .text.CGM_SetAC0_DC4
                0x010047d4       0x1c ./SDK/platform/drivers/src/clock/MPC57xx/clock_MPC57xx.o
 .text.CGM_SetAC1
                0x010047f0       0x18 ./SDK/platform/drivers/src/clock/MPC57xx/clock_MPC57xx.o
 .text.CGM_SetAC1_DC0
                0x01004808       0x1c ./SDK/platform/drivers/src/clock/MPC57xx/clock_MPC57xx.o
 .text.CGM_SetAC1_DC1
                0x01004824       0x1c ./SDK/platform/drivers/src/clock/MPC57xx/clock_MPC57xx.o
 .text.CGM_SetAC2
                0x01004840       0x26 ./SDK/platform/drivers/src/clock/MPC57xx/clock_MPC57xx.o
 *fill*         0x01004866        0x2 
 .text.CGM_SetAC2_DC0
                0x01004868       0x1c ./SDK/platform/drivers/src/clock/MPC57xx/clock_MPC57xx.o
 .text.CGM_SetAC3
                0x01004884       0x18 ./SDK/platform/drivers/src/clock/MPC57xx/clock_MPC57xx.o
 .text.CGM_SetAC4
                0x0100489c       0x18 ./SDK/platform/drivers/src/clock/MPC57xx/clock_MPC57xx.o
 .text.CGM_SetAC5
                0x010048b4       0x26 ./SDK/platform/drivers/src/clock/MPC57xx/clock_MPC57xx.o
 *fill*         0x010048da        0x2 
 .text.CGM_SetAC5_DC0
                0x010048dc       0x1c ./SDK/platform/drivers/src/clock/MPC57xx/clock_MPC57xx.o
 .text.CGM_SetAC5_DC1
                0x010048f8       0x1c ./SDK/platform/drivers/src/clock/MPC57xx/clock_MPC57xx.o
 .text.CGM_SetAC6
                0x01004914       0x26 ./SDK/platform/drivers/src/clock/MPC57xx/clock_MPC57xx.o
 *fill*         0x0100493a        0x2 
 .text.CGM_SetAC6_DC0
                0x0100493c       0x46 ./SDK/platform/drivers/src/clock/MPC57xx/clock_MPC57xx.o
 *fill*         0x01004982        0x2 
 .text.CGM_SetAC7
                0x01004984       0x18 ./SDK/platform/drivers/src/clock/MPC57xx/clock_MPC57xx.o
 .text.CGM_SetAC7_DC0
                0x0100499c       0x1c ./SDK/platform/drivers/src/clock/MPC57xx/clock_MPC57xx.o
 .text.CGM_SetAC8
                0x010049b8       0x26 ./SDK/platform/drivers/src/clock/MPC57xx/clock_MPC57xx.o
 *fill*         0x010049de        0x2 
 .text.CGM_SetAC8_DC0
                0x010049e0       0x1c ./SDK/platform/drivers/src/clock/MPC57xx/clock_MPC57xx.o
 .text.CGM_SetAC9
                0x010049fc       0x26 ./SDK/platform/drivers/src/clock/MPC57xx/clock_MPC57xx.o
 *fill*         0x01004a22        0x2 
 .text.CGM_SetAC9_DC0
                0x01004a24       0x1c ./SDK/platform/drivers/src/clock/MPC57xx/clock_MPC57xx.o
 .text.CGM_SetAC10
                0x01004a40       0x18 ./SDK/platform/drivers/src/clock/MPC57xx/clock_MPC57xx.o
 .text.CGM_SetAC10_DC0
                0x01004a58       0x1c ./SDK/platform/drivers/src/clock/MPC57xx/clock_MPC57xx.o
 .text.CGM_SetAC11
                0x01004a74       0x18 ./SDK/platform/drivers/src/clock/MPC57xx/clock_MPC57xx.o
 .text.CGM_SetAC11_DC0
                0x01004a8c       0x1c ./SDK/platform/drivers/src/clock/MPC57xx/clock_MPC57xx.o
 .text.CGM_SetAC12
                0x01004aa8       0x18 ./SDK/platform/drivers/src/clock/MPC57xx/clock_MPC57xx.o
 .text.CGM_SetAC12_DC0
                0x01004ac0       0x1c ./SDK/platform/drivers/src/clock/MPC57xx/clock_MPC57xx.o
 .text.CGM_SetAC13
                0x01004adc       0x18 ./SDK/platform/drivers/src/clock/MPC57xx/clock_MPC57xx.o
 .text.CGM_SetAC13_DC0
                0x01004af4       0x1c ./SDK/platform/drivers/src/clock/MPC57xx/clock_MPC57xx.o
 .text.CGM_SetAC14
                0x01004b10       0x18 ./SDK/platform/drivers/src/clock/MPC57xx/clock_MPC57xx.o
 .text.CGM_SetAC14_DC0
                0x01004b28       0x1c ./SDK/platform/drivers/src/clock/MPC57xx/clock_MPC57xx.o
 .text.CGM_GetAC2_SelValue
                0x01004b44       0x24 ./SDK/platform/drivers/src/clock/MPC57xx/clock_MPC57xx.o
 .text.CGM_GetAC5_SelValue
                0x01004b68       0x24 ./SDK/platform/drivers/src/clock/MPC57xx/clock_MPC57xx.o
 .text.CGM_GetAC8_SelValue
                0x01004b8c       0x24 ./SDK/platform/drivers/src/clock/MPC57xx/clock_MPC57xx.o
 .text.CGM_GetAC9_SelValue
                0x01004bb0       0x24 ./SDK/platform/drivers/src/clock/MPC57xx/clock_MPC57xx.o
 .text.CGM_SetClkout0
                0x01004bd4       0x1e ./SDK/platform/drivers/src/clock/MPC57xx/clock_MPC57xx.o
 *fill*         0x01004bf2        0x2 
 .text.CGM_SetClkout1
                0x01004bf4       0x64 ./SDK/platform/drivers/src/clock/MPC57xx/clock_MPC57xx.o
 .text.CGM_SetSC_DC0
                0x01004c58       0x46 ./SDK/platform/drivers/src/clock/MPC57xx/clock_MPC57xx.o
 *fill*         0x01004c9e        0x2 
 .text.CGM_SetSC_DC1
                0x01004ca0       0x46 ./SDK/platform/drivers/src/clock/MPC57xx/clock_MPC57xx.o
 *fill*         0x01004ce6        0x2 
 .text.CGM_SetSC_DC2
                0x01004ce8       0x46 ./SDK/platform/drivers/src/clock/MPC57xx/clock_MPC57xx.o
 *fill*         0x01004d2e        0x2 
 .text.CGM_SetSC_DC3
                0x01004d30       0x1c ./SDK/platform/drivers/src/clock/MPC57xx/clock_MPC57xx.o
 .text.CGM_SetSC_DC4
                0x01004d4c       0x1c ./SDK/platform/drivers/src/clock/MPC57xx/clock_MPC57xx.o
 .text.CGM_SetSC_DC5
                0x01004d68       0x46 ./SDK/platform/drivers/src/clock/MPC57xx/clock_MPC57xx.o
 *fill*         0x01004dae        0x2 
 .text.CGM_SetSC_DC6
                0x01004db0       0x1c ./SDK/platform/drivers/src/clock/MPC57xx/clock_MPC57xx.o
 .text.CGMCS_GetFircDividerRatio
                0x01004dcc       0x22 ./SDK/platform/drivers/src/clock/MPC57xx/clock_MPC57xx.o
 *fill*         0x01004dee        0x2 
 .text.CGMCS_GetFxoscDividerRatio
                0x01004df0       0x22 ./SDK/platform/drivers/src/clock/MPC57xx/clock_MPC57xx.o
 *fill*         0x01004e12        0x2 
 .text.CGMCS_GetSircDividerRatio
                0x01004e14       0x22 ./SDK/platform/drivers/src/clock/MPC57xx/clock_MPC57xx.o
 *fill*         0x01004e36        0x2 
 .text.CGMCS_GetSxoscDividerRatio
                0x01004e38       0x22 ./SDK/platform/drivers/src/clock/MPC57xx/clock_MPC57xx.o
 *fill*         0x01004e5a        0x2 
 .text.CGMCS_SetSircDivider
                0x01004e5c       0x28 ./SDK/platform/drivers/src/clock/MPC57xx/clock_MPC57xx.o
 .text.CGMCS_SetFircDivider
                0x01004e84       0x28 ./SDK/platform/drivers/src/clock/MPC57xx/clock_MPC57xx.o
 .text.CGMCS_SetSxosc
                0x01004eac       0x40 ./SDK/platform/drivers/src/clock/MPC57xx/clock_MPC57xx.o
 .text.CGMCS_SetFxosc
                0x01004eec       0x4a ./SDK/platform/drivers/src/clock/MPC57xx/clock_MPC57xx.o
 *fill*         0x01004f36        0x2 
 .text.CGMCS_PLLDivider
                0x01004f38       0x90 ./SDK/platform/drivers/src/clock/MPC57xx/clock_MPC57xx.o
 .text.CGMCS_GetPllPreDividerRatio
                0x01004fc8       0x28 ./SDK/platform/drivers/src/clock/MPC57xx/clock_MPC57xx.o
 .text.CGMCS_GetPLLMultiplyFactor
                0x01004ff0       0x26 ./SDK/platform/drivers/src/clock/MPC57xx/clock_MPC57xx.o
 *fill*         0x01005016        0x2 
 .text.CGMCS_GetPllFirstOutputDividerRatio
                0x01005018       0x28 ./SDK/platform/drivers/src/clock/MPC57xx/clock_MPC57xx.o
 .text.CGMCS_GetPllSecondOutputDividerRatio
                0x01005040       0x28 ./SDK/platform/drivers/src/clock/MPC57xx/clock_MPC57xx.o
 .text.CGMCS_SetPLLDenominatorFractionalLoopDivider
                0x01005068       0x24 ./SDK/platform/drivers/src/clock/MPC57xx/clock_MPC57xx.o
 .text.CGMCS_GetPLLDenominatorFractionalLoopDivider
                0x0100508c       0x22 ./SDK/platform/drivers/src/clock/MPC57xx/clock_MPC57xx.o
 *fill*         0x010050ae        0x2 
 .text.CGMCS_SetPLLNumeratorFractionalLoopDivider
                0x010050b0       0x28 ./SDK/platform/drivers/src/clock/MPC57xx/clock_MPC57xx.o
 .text.CGMCS_SetPLLSigmaDeltaModulation
                0x010050d8       0x9a ./SDK/platform/drivers/src/clock/MPC57xx/clock_MPC57xx.o
 *fill*         0x01005172        0x2 
 .text.CGMCS_SetPLLDitherControl
                0x01005174       0x5e ./SDK/platform/drivers/src/clock/MPC57xx/clock_MPC57xx.o
 *fill*         0x010051d2        0x2 
 .text.CGMCS_GetPLLNumeratorFractionalLoopDivider
                0x010051d4       0x20 ./SDK/platform/drivers/src/clock/MPC57xx/clock_MPC57xx.o
 .text.CGMCS_SetPLLFractionalDivider
                0x010051f4       0x1c ./SDK/platform/drivers/src/clock/MPC57xx/clock_MPC57xx.o
 .text.CGMCS_ConfigurePllModulation
                0x01005210       0x56 ./SDK/platform/drivers/src/clock/MPC57xx/clock_MPC57xx.o
 *fill*         0x01005266        0x2 
 .text.CMU_SetDivider
                0x01005268       0x38 ./SDK/platform/drivers/src/clock/MPC57xx/clock_MPC57xx.o
 .text.CMU_EnableCMU
                0x010052a0       0x50 ./SDK/platform/drivers/src/clock/MPC57xx/clock_MPC57xx.o
 .text.CMU_SetLowFreq
                0x010052f0       0x38 ./SDK/platform/drivers/src/clock/MPC57xx/clock_MPC57xx.o
 .text.CMU_SetHighFreq
                0x01005328       0x38 ./SDK/platform/drivers/src/clock/MPC57xx/clock_MPC57xx.o
 .text.CMU_GetStatus
                0x01005360       0x26 ./SDK/platform/drivers/src/clock/MPC57xx/clock_MPC57xx.o
 *fill*         0x01005386        0x2 
 .text.CMU_CleanStatusRegister
                0x01005388       0x26 ./SDK/platform/drivers/src/clock/MPC57xx/clock_MPC57xx.o
 *fill*         0x010053ae        0x2 
 .text.CLOCK_DRV_Init
                0x010053b0      0x108 ./SDK/platform/drivers/src/clock/MPC57xx/clock_MPC57xx.o
                0x010053b0                CLOCK_DRV_Init
 .text.CLOCK_SYS_Reset
                0x010054b8       0xc2 ./SDK/platform/drivers/src/clock/MPC57xx/clock_MPC57xx.o
 *fill*         0x0100557a        0x2 
 .text.CLOCK_SYS_ConfigureCgmcs
                0x0100557c       0x7c ./SDK/platform/drivers/src/clock/MPC57xx/clock_MPC57xx.o
 .text.CLOCK_SYS_SetIrc
                0x010055f8       0x70 ./SDK/platform/drivers/src/clock/MPC57xx/clock_MPC57xx.o
 .text.CLOCK_SYS_SetXosc
                0x01005668       0xb6 ./SDK/platform/drivers/src/clock/MPC57xx/clock_MPC57xx.o
 *fill*         0x0100571e        0x2 
 .text.CLOCK_SYS_SetPll
                0x01005720      0x204 ./SDK/platform/drivers/src/clock/MPC57xx/clock_MPC57xx.o
 .text.CLOCK_SYS_ConfigureMcMe
                0x01005924      0x68e ./SDK/platform/drivers/src/clock/MPC57xx/clock_MPC57xx.o
 *fill*         0x01005fb2        0x2 
 .text.CLOCK_SYS_ConfigureCgm
                0x01005fb4       0x48 ./SDK/platform/drivers/src/clock/MPC57xx/clock_MPC57xx.o
 .text.CLOCK_SYS_ConfigureSystemClockDividers
                0x01005ffc      0x162 ./SDK/platform/drivers/src/clock/MPC57xx/clock_MPC57xx.o
 *fill*         0x0100615e        0x2 
 .text.CLOCK_SYS_ConfigureAuxiliarySelectorsAndDividers
                0x01006160      0x4c8 ./SDK/platform/drivers/src/clock/MPC57xx/clock_MPC57xx.o
 .text.CLOCK_SYS_ConfigureClockouts
                0x01006628       0x98 ./SDK/platform/drivers/src/clock/MPC57xx/clock_MPC57xx.o
 .text.CLOCK_SYS_CalculateFrequenciesOfClockSources
                0x010066c0      0x23a ./SDK/platform/drivers/src/clock/MPC57xx/clock_MPC57xx.o
 *fill*         0x010068fa        0x2 
 .text.CLOCK_SYS_GetClockSourceFreq
                0x010068fc       0xee ./SDK/platform/drivers/src/clock/MPC57xx/clock_MPC57xx.o
 *fill*         0x010069ea        0x2 
 .text.CLOCK_SYS_GetSircFreq
                0x010069ec       0x56 ./SDK/platform/drivers/src/clock/MPC57xx/clock_MPC57xx.o
 *fill*         0x01006a42        0x2 
 .text.CLOCK_SYS_GetUndividedSircFreq
                0x01006a44       0x56 ./SDK/platform/drivers/src/clock/MPC57xx/clock_MPC57xx.o
 *fill*         0x01006a9a        0x2 
 .text.CLOCK_SYS_GetFircFreq
                0x01006a9c       0x56 ./SDK/platform/drivers/src/clock/MPC57xx/clock_MPC57xx.o
 *fill*         0x01006af2        0x2 
 .text.CLOCK_SYS_GetUndividedFircFreq
                0x01006af4       0x56 ./SDK/platform/drivers/src/clock/MPC57xx/clock_MPC57xx.o
 *fill*         0x01006b4a        0x2 
 .text.CLOCK_SYS_GetSxoscFreq
                0x01006b4c       0x56 ./SDK/platform/drivers/src/clock/MPC57xx/clock_MPC57xx.o
 *fill*         0x01006ba2        0x2 
 .text.CLOCK_SYS_GetUndividedSxoscFreq
                0x01006ba4       0x56 ./SDK/platform/drivers/src/clock/MPC57xx/clock_MPC57xx.o
 *fill*         0x01006bfa        0x2 
 .text.CLOCK_SYS_GetFxoscFreq
                0x01006bfc       0x56 ./SDK/platform/drivers/src/clock/MPC57xx/clock_MPC57xx.o
 *fill*         0x01006c52        0x2 
 .text.CLOCK_SYS_GetUndividedFxoscFreq
                0x01006c54       0x56 ./SDK/platform/drivers/src/clock/MPC57xx/clock_MPC57xx.o
 *fill*         0x01006caa        0x2 
 .text.CLOCK_SYS_GetPllPhi0Freq
                0x01006cac       0x56 ./SDK/platform/drivers/src/clock/MPC57xx/clock_MPC57xx.o
 *fill*         0x01006d02        0x2 
 .text.CLOCK_SYS_GetPllPhi1Freq
                0x01006d04       0x56 ./SDK/platform/drivers/src/clock/MPC57xx/clock_MPC57xx.o
 *fill*         0x01006d5a        0x2 
 .text.CLOCK_SYS_GetEnetRmiiFreq
                0x01006d5c       0x26 ./SDK/platform/drivers/src/clock/MPC57xx/clock_MPC57xx.o
 *fill*         0x01006d82        0x2 
 .text.CLOCK_SYS_GetSystemClockSelectorOutFreq
                0x01006d84       0x90 ./SDK/platform/drivers/src/clock/MPC57xx/clock_MPC57xx.o
 .text.CLOCK_SYS_GetSystemClockFreq
                0x01006e14      0x28e ./SDK/platform/drivers/src/clock/MPC57xx/clock_MPC57xx.o
 *fill*         0x010070a2        0x2 
 .text.CLOCK_SYS_GetClockOutsFreq
                0x010070a4       0x52 ./SDK/platform/drivers/src/clock/MPC57xx/clock_MPC57xx.o
 *fill*         0x010070f6        0x2 
 .text.CLOCK_SYS_GetModuleClockFreq
                0x010070f8      0x27a ./SDK/platform/drivers/src/clock/MPC57xx/clock_MPC57xx.o
 *fill*         0x01007372        0x2 
 .text.CLOCK_SYS_GetEnetTimeClockFreq
                0x01007374       0x80 ./SDK/platform/drivers/src/clock/MPC57xx/clock_MPC57xx.o
 .text.CLOCK_SYS_GetSpiClockFreq
                0x010073f4       0x7c ./SDK/platform/drivers/src/clock/MPC57xx/clock_MPC57xx.o
 .text.CLOCK_DRV_GetFreq
                0x01007470      0x196 ./SDK/platform/drivers/src/clock/MPC57xx/clock_MPC57xx.o
                0x01007470                CLOCK_DRV_GetFreq
 *fill*         0x01007606        0x2 
 .text.CLOCK_SYS_Init
                0x01007608       0xa0 ./SDK/platform/drivers/src/clock/MPC57xx/clock_MPC57xx.o
                0x01007608                CLOCK_SYS_Init
 .text.CLOCK_SYS_UpdateConfiguration
                0x010076a8      0x2cc ./SDK/platform/drivers/src/clock/MPC57xx/clock_MPC57xx.o
                0x010076a8                CLOCK_SYS_UpdateConfiguration
 .text.CLOCK_SYS_SetConfiguration
                0x01007974       0x2a ./SDK/platform/drivers/src/clock/MPC57xx/clock_MPC57xx.o
                0x01007974                CLOCK_SYS_SetConfiguration
 *fill*         0x0100799e        0x2 
 .text.CLOCK_SYS_SetCMU
                0x010079a0      0x162 ./SDK/platform/drivers/src/clock/MPC57xx/clock_MPC57xx.o
 *fill*         0x01007b02        0x2 
 .text.DevAssert
                0x01007b04       0x30 ./SDK/platform/drivers/src/enet/enet_driver.o
 .text.ENET_Reset
                0x01007b34       0x2e ./SDK/platform/drivers/src/enet/enet_driver.o
 *fill*         0x01007b62        0x2 
 .text.ENET_ActivateReceive
                0x01007b64       0x66 ./SDK/platform/drivers/src/enet/enet_driver.o
 *fill*         0x01007bca        0x2 
 .text.ENET_ActivateTransmit
                0x01007bcc       0x78 ./SDK/platform/drivers/src/enet/enet_driver.o
 .text.ENET_EnableInterrupts
                0x01007c44       0x24 ./SDK/platform/drivers/src/enet/enet_driver.o
 .text.ENET_Enable
                0x01007c68       0x22 ./SDK/platform/drivers/src/enet/enet_driver.o
 *fill*         0x01007c8a        0x2 
 .text.ENET_ConfigTransmitAccelerator
                0x01007c8c       0x42 ./SDK/platform/drivers/src/enet/enet_driver.o
 *fill*         0x01007cce        0x2 
 .text.ENET_ConfigReceiveAccelerator
                0x01007cd0       0x42 ./SDK/platform/drivers/src/enet/enet_driver.o
 *fill*         0x01007d12        0x2 
 .text.ENET_SetPhyAddrLower
                0x01007d14       0x20 ./SDK/platform/drivers/src/enet/enet_driver.o
 .text.ENET_SetPhyAddrUpper
                0x01007d34       0x24 ./SDK/platform/drivers/src/enet/enet_driver.o
 .text.ENET_DRV_SetTxBufferDescriptors
                0x01007d58       0xfe ./SDK/platform/drivers/src/enet/enet_driver.o
 *fill*         0x01007e56        0x2 
 .text.ENET_DRV_SetRxBufferDescriptors
                0x01007e58       0xd2 ./SDK/platform/drivers/src/enet/enet_driver.o
 *fill*         0x01007f2a        0x2 
 .text.ENET_DRV_Init
                0x01007f2c      0x51a ./SDK/platform/drivers/src/enet/enet_driver.o
                0x01007f2c                ENET_DRV_Init
 *fill*         0x01008446        0x2 
 .text.ENET_DRV_ReadFrame
                0x01008448      0x28e ./SDK/platform/drivers/src/enet/enet_driver.o
                0x01008448                ENET_DRV_ReadFrame
 *fill*         0x010086d6        0x2 
 .text.ENET_DRV_SendFrame
                0x010086d8      0x270 ./SDK/platform/drivers/src/enet/enet_driver.o
                0x010086d8                ENET_DRV_SendFrame
 .text.ENET_DRV_ProvideRxBuff
                0x01008948      0x1d2 ./SDK/platform/drivers/src/enet/enet_driver.o
                0x01008948                ENET_DRV_ProvideRxBuff
 *fill*         0x01008b1a        0x2 
 .text.ENET_DRV_SetMacAddr
                0x01008b1c       0xba ./SDK/platform/drivers/src/enet/enet_driver.o
                0x01008b1c                ENET_DRV_SetMacAddr
 *fill*         0x01008bd6        0x2 
 .text.ENET_DRV_SetSleepMode
                0x01008bd8       0x7e ./SDK/platform/drivers/src/enet/enet_driver.o
                0x01008bd8                ENET_DRV_SetSleepMode
 *fill*         0x01008c56        0x2 
 .text.ENET_DRV_ConfigCounters
                0x01008c58       0x52 ./SDK/platform/drivers/src/enet/enet_driver.o
                0x01008c58                ENET_DRV_ConfigCounters
 *fill*         0x01008caa        0x2 
 .text.ENET_ConfigBufferDescriptors
                0x01008cac       0xd0 ./SDK/platform/drivers/src/enet/enet_hw_access.o
                0x01008cac                ENET_ConfigBufferDescriptors
 .text.ENET_ConfigReceiveControl
                0x01008d7c      0x18a ./SDK/platform/drivers/src/enet/enet_hw_access.o
                0x01008d7c                ENET_ConfigReceiveControl
 *fill*         0x01008f06        0x2 
 .text.ENET_ConfigTransmitControl
                0x01008f08       0x76 ./SDK/platform/drivers/src/enet/enet_hw_access.o
                0x01008f08                ENET_ConfigTransmitControl
 *fill*         0x01008f7e        0x2 
 .text.ENET_ConfigCounters
                0x01008f80       0x86 ./SDK/platform/drivers/src/enet/enet_hw_access.o
                0x01008f80                ENET_ConfigCounters
 *fill*         0x01009006        0x2 
 .text.ENET_TransmitIRQHandler
                0x01009008       0x94 ./SDK/platform/drivers/src/enet/enet_hw_access.o
                0x01009008                ENET_TransmitIRQHandler
 .text.ENET_ReceiveIRQHandler
                0x0100909c       0x94 ./SDK/platform/drivers/src/enet/enet_hw_access.o
                0x0100909c                ENET_ReceiveIRQHandler
 .text.ENET_Transmit1IRQHandler
                0x01009130       0x90 ./SDK/platform/drivers/src/enet/enet_hw_access.o
                0x01009130                ENET_Transmit1IRQHandler
 .text.ENET_Receive1IRQHandler
                0x010091c0       0x90 ./SDK/platform/drivers/src/enet/enet_hw_access.o
                0x010091c0                ENET_Receive1IRQHandler
 .text.ENET_Transmit2IRQHandler
                0x01009250       0x94 ./SDK/platform/drivers/src/enet/enet_hw_access.o
                0x01009250                ENET_Transmit2IRQHandler
 .text.ENET_Receive2IRQHandler
                0x010092e4       0x92 ./SDK/platform/drivers/src/enet/enet_hw_access.o
                0x010092e4                ENET_Receive2IRQHandler
 *fill*         0x01009376        0x2 
 .text.ENET_ErrorIRQHandler
                0x01009378       0xa2 ./SDK/platform/drivers/src/enet/enet_hw_access.o
                0x01009378                ENET_ErrorIRQHandler
 *fill*         0x0100941a        0x2 
 .text.ENET_WakeIRQHandler
                0x0100941c       0xa0 ./SDK/platform/drivers/src/enet/enet_hw_access.o
                0x0100941c                ENET_WakeIRQHandler
 .text.ENET_TimerIRQHandler
                0x010094bc       0x9c ./SDK/platform/drivers/src/enet/enet_hw_access.o
                0x010094bc                ENET_TimerIRQHandler
 .text.ENET_ParserIRQHandler
                0x01009558       0xa2 ./SDK/platform/drivers/src/enet/enet_hw_access.o
                0x01009558                ENET_ParserIRQHandler
 *fill*         0x010095fa        0x2 
 .text.ENET0_Tx_IRQHandler
                0x010095fc       0x24 ./SDK/platform/drivers/src/enet/enet_irq.o
                0x010095fc                ENET0_Tx_IRQHandler
 .text.ENET0_Rx_IRQHandler
                0x01009620       0x24 ./SDK/platform/drivers/src/enet/enet_irq.o
                0x01009620                ENET0_Rx_IRQHandler
 .text.ENET0_Err_IRQHandler
                0x01009644       0x30 ./SDK/platform/drivers/src/enet/enet_irq.o
                0x01009644                ENET0_Err_IRQHandler
 .text.ENET0_Timer_IRQHandler
                0x01009674       0x24 ./SDK/platform/drivers/src/enet/enet_irq.o
                0x01009674                ENET0_Timer_IRQHandler
 .text.ENET0_Tx_1_IRQHandler
                0x01009698       0x24 ./SDK/platform/drivers/src/enet/enet_irq.o
                0x01009698                ENET0_Tx_1_IRQHandler
 .text.ENET0_Rx_1_IRQHandler
                0x010096bc       0x24 ./SDK/platform/drivers/src/enet/enet_irq.o
                0x010096bc                ENET0_Rx_1_IRQHandler
 .text.ENET0_Tx_2_IRQHandler
                0x010096e0       0x24 ./SDK/platform/drivers/src/enet/enet_irq.o
                0x010096e0                ENET0_Tx_2_IRQHandler
 .text.ENET0_Rx_2_IRQHandler
                0x01009704       0x24 ./SDK/platform/drivers/src/enet/enet_irq.o
                0x01009704                ENET0_Rx_2_IRQHandler
 .text.ENET0_Parser_IRQHandler
                0x01009728       0x24 ./SDK/platform/drivers/src/enet/enet_irq.o
                0x01009728                ENET0_Parser_IRQHandler
 .text.DevAssert
                0x0100974c       0x30 ./SDK/platform/drivers/src/interrupt/interrupt_manager_MPC57xx.o
 .text.INT_EnableIRQ
                0x0100977c       0x7e ./SDK/platform/drivers/src/interrupt/interrupt_manager_MPC57xx.o
 *fill*         0x010097fa        0x2 
 .text.INT_SYS_EnableIRQ
                0x010097fc       0x66 ./SDK/platform/drivers/src/interrupt/interrupt_manager_MPC57xx.o
                0x010097fc                INT_SYS_EnableIRQ
 *fill*         0x01009862        0x2 
 .text.INT_SYS_EnableIRQGlobal
                0x01009864       0x48 ./SDK/platform/drivers/src/interrupt/interrupt_manager_MPC57xx.o
                0x01009864                INT_SYS_EnableIRQGlobal
 .text.INT_SYS_DisableIRQGlobal
                0x010098ac       0x22 ./SDK/platform/drivers/src/interrupt/interrupt_manager_MPC57xx.o
                0x010098ac                INT_SYS_DisableIRQGlobal
 *fill*         0x010098ce        0x2 
 .text.DevAssert
                0x010098d0       0x30 ./SDK/platform/drivers/src/pins/siul2/pins_siul2_driver.o
 .text.REV_BIT_16
                0x01009900       0x8c ./SDK/platform/drivers/src/pins/siul2/pins_siul2_driver.o
 .text.PINS_SetPins
                0x0100998c       0x5e ./SDK/platform/drivers/src/pins/siul2/pins_siul2_driver.o
 *fill*         0x010099ea        0x2 
 .text.PINS_ClearPins
                0x010099ec       0x60 ./SDK/platform/drivers/src/pins/siul2/pins_siul2_driver.o
 .text.PINS_TogglePins
                0x01009a4c       0x60 ./SDK/platform/drivers/src/pins/siul2/pins_siul2_driver.o
 .text.PINS_ReadPins
                0x01009aac       0x54 ./SDK/platform/drivers/src/pins/siul2/pins_siul2_driver.o
 .text.PINS_DRV_Init
                0x01009b00       0x56 ./SDK/platform/drivers/src/pins/siul2/pins_siul2_driver.o
                0x01009b00                PINS_DRV_Init
 *fill*         0x01009b56        0x2 
 .text.PINS_DRV_SetPins
                0x01009b58       0x30 ./SDK/platform/drivers/src/pins/siul2/pins_siul2_driver.o
                0x01009b58                PINS_DRV_SetPins
 .text.PINS_DRV_ClearPins
                0x01009b88       0x30 ./SDK/platform/drivers/src/pins/siul2/pins_siul2_driver.o
                0x01009b88                PINS_DRV_ClearPins
 .text.PINS_DRV_TogglePins
                0x01009bb8       0x30 ./SDK/platform/drivers/src/pins/siul2/pins_siul2_driver.o
                0x01009bb8                PINS_DRV_TogglePins
 .text.PINS_DRV_ReadPins
                0x01009be8       0x2a ./SDK/platform/drivers/src/pins/siul2/pins_siul2_driver.o
                0x01009be8                PINS_DRV_ReadPins
 *fill*         0x01009c12        0x2 
 .text.DevAssert
                0x01009c14       0x30 ./SDK/platform/drivers/src/pins/siul2/siul2_hw_access.o
 .text.PINS_WritePin
                0x01009c44       0xcc ./SDK/platform/drivers/src/pins/siul2/siul2_hw_access.o
 .text.PINS_Init
                0x01009d10      0x33c ./SDK/platform/drivers/src/pins/siul2/siul2_hw_access.o
                0x01009d10                PINS_Init
 .text.copy_buff
                0x0100a04c       0x60 ./Sources/main.o
                0x0100a04c                copy_buff
 .text.delay    0x0100a0ac       0x2e ./Sources/main.o
                0x0100a0ac                delay
 *fill*         0x0100a0da        0x2 
 .text.build_ping_reply
                0x0100a0dc       0xa6 ./Sources/main.o
                0x0100a0dc                build_ping_reply
 *fill*         0x0100a182        0x2 
 .text.rx_callback
                0x0100a184       0xfc ./Sources/main.o
                0x0100a184                rx_callback
 .text.main     0x0100a280       0xc6 ./Sources/main.o
                0x0100a280                main
 *fill*         0x0100a346        0x2 
 .text.mdc_low  0x0100a348       0x28 ./Sources/mdio.o
 .text.mdc_high
                0x0100a370       0x28 ./Sources/mdio.o
 .text.mdio_low
                0x0100a398       0x28 ./Sources/mdio.o
 .text.mdio_high
                0x0100a3c0       0x28 ./Sources/mdio.o
 .text.mdio_in  0x0100a3e8       0x2c ./Sources/mdio.o
 .text.mdio_out
                0x0100a414       0x2c ./Sources/mdio.o
 .text.mdio_value
                0x0100a440       0x42 ./Sources/mdio.o
 *fill*         0x0100a482        0x2 
 .text.write_mdio
                0x0100a484       0x8a ./Sources/mdio.o
 *fill*         0x0100a50e        0x2 
 .text.read_mdio
                0x0100a510       0xde ./Sources/mdio.o
 *fill*         0x0100a5ee        0x2 
 .text.write_register_standard
                0x0100a5f0       0x72 ./Sources/mdio.o
 *fill*         0x0100a662        0x2 
 .text.read_register_standard
                0x0100a664       0x60 ./Sources/mdio.o
 .text.read_register
                0x0100a6c4       0xbc ./Sources/mdio.o
                0x0100a6c4                read_register
 .text.read_registermmd
                0x0100a780       0xa6 ./Sources/mdio.o
                0x0100a780                read_registermmd
 *fill*         0x0100a826        0x2 
 .text.write_register
                0x0100a828       0xd0 ./Sources/mdio.o
                0x0100a828                write_register
 .text.write_registermmd
                0x0100a8f8       0xc2 ./Sources/mdio.o
                0x0100a8f8                write_registermmd
 *fill*         0x0100a9ba        0x2 
 .text.init_mdio
                0x0100a9bc       0x22 ./Sources/mdio.o
                0x0100a9bc                init_mdio
 *(.init)
 *fill*         0x0100a9de        0x2 
 .init          0x0100a9e0        0xc c:/nxp/s32ds_power_v2.1/s32ds/build_tools/powerpc-eabivle-4_9/bin/../lib/gcc/powerpc-eabivle/4.9.4/e200z4/fp/ecrti.o
                0x0100a9e0                __init
 .init          0x0100a9ec        0x4 c:/nxp/s32ds_power_v2.1/s32ds/build_tools/powerpc-eabivle-4_9/bin/../lib/gcc/powerpc-eabivle/4.9.4/e200z4/fp/crtbegin.o
 .init          0x0100a9f0        0x4 c:/nxp/s32ds_power_v2.1/s32ds/build_tools/powerpc-eabivle-4_9/bin/../lib/gcc/powerpc-eabivle/4.9.4/e200z4/fp/crtend.o
 .init          0x0100a9f4        0xa c:/nxp/s32ds_power_v2.1/s32ds/build_tools/powerpc-eabivle-4_9/bin/../lib/gcc/powerpc-eabivle/4.9.4/e200z4/fp/ecrtn.o
 *(.fini)
 *fill*         0x0100a9fe        0x2 
 .fini          0x0100aa00        0xc c:/nxp/s32ds_power_v2.1/s32ds/build_tools/powerpc-eabivle-4_9/bin/../lib/gcc/powerpc-eabivle/4.9.4/e200z4/fp/ecrti.o
                0x0100aa00                __fini
 .fini          0x0100aa0c        0x4 c:/nxp/s32ds_power_v2.1/s32ds/build_tools/powerpc-eabivle-4_9/bin/../lib/gcc/powerpc-eabivle/4.9.4/e200z4/fp/crtbegin.o
 .fini          0x0100aa10        0xa c:/nxp/s32ds_power_v2.1/s32ds/build_tools/powerpc-eabivle-4_9/bin/../lib/gcc/powerpc-eabivle/4.9.4/e200z4/fp/ecrtn.o
                0x0100aa20                . = ALIGN (0x10)
 *fill*         0x0100aa1a        0x6 

.glink          0x0100aa20        0x0
 .glink         0x0100aa20        0x0 c:/nxp/s32ds_power_v2.1/s32ds/build_tools/powerpc-eabivle-4_9/bin/../lib/gcc/powerpc-eabivle/4.9.4/e200z4/fp/crtbegin.o

.sdata2         0x0100aa20        0x8
                0x0100aa20                . = ALIGN (0x4)
                0x0100aa20                __sdata2_start__ = .
 *(.sdata2)
 .sdata2        0x0100aa20        0x0 c:/nxp/s32ds_power_v2.1/s32ds/build_tools/powerpc-eabivle-4_9/bin/../lib/gcc/powerpc-eabivle/4.9.4/e200z4/fp/ecrti.o
                0x0100aa20                __SDATA2_START__
 .sdata2        0x0100aa20        0x0 c:/nxp/s32ds_power_v2.1/s32ds/build_tools/powerpc-eabivle-4_9/bin/../lib/gcc/powerpc-eabivle/4.9.4/e200z4/fp/crtbegin.o
                0x01012a20                _SDA2_BASE_
 *(.sdata2.*)
 .sdata2.s_vectors
                0x0100aa20        0x8 ./SDK/platform/devices/startup.o
                0x0100aa28                . = ALIGN (0x4)
                0x0100aa28                __sdata2_end__ = .

.got2           0x0100aa28       0x1c
 *(.got2*)
 .got2          0x0100aa28       0x1c c:/nxp/s32ds_power_v2.1/s32ds/build_tools/powerpc-eabivle-4_9/bin/../lib/gcc/powerpc-eabivle/4.9.4/e200z4/fp\libgcc.a(eabivle.o)

.preinit_array  0x0100aa44        0x0
                [!provide]                PROVIDE (__preinit_array_start, .)
 *(.preinit_array)
                [!provide]                PROVIDE (__preinit_array_end, .)

.init_array     0x0100aa44        0x0
                [!provide]                PROVIDE (__init_array_start, .)
 *(SORT(.init_array.*))
 *(.init_array)
                [!provide]                PROVIDE (__init_array_end, .)

.dtors          0x0100aa44        0x8
 *crtbegin.o(.dtors)
 .dtors         0x0100aa44        0x4 c:/nxp/s32ds_power_v2.1/s32ds/build_tools/powerpc-eabivle-4_9/bin/../lib/gcc/powerpc-eabivle/4.9.4/e200z4/fp/crtbegin.o
 *crtbegin?.o(.dtors)
 *(EXCLUDE_FILE(*crtend?.o *crtend.o) .dtors)
 .dtors         0x0100aa48        0x0 c:/nxp/s32ds_power_v2.1/s32ds/build_tools/powerpc-eabivle-4_9/bin/../lib/gcc/powerpc-eabivle/4.9.4/e200z4/fp/ecrti.o
                0x0100aa48                __DTOR_LIST__
 .dtors         0x0100aa48        0x0 c:/nxp/s32ds_power_v2.1/s32ds/build_tools/powerpc-eabivle-4_9/bin/../lib/gcc/powerpc-eabivle/4.9.4/e200z4/fp/ecrtn.o
 *(SORT(.dtors.*))
 *(.dtors)
 .dtors         0x0100aa48        0x4 c:/nxp/s32ds_power_v2.1/s32ds/build_tools/powerpc-eabivle-4_9/bin/../lib/gcc/powerpc-eabivle/4.9.4/e200z4/fp/crtend.o
                0x0100aa48                __DTOR_END__

.ctors          0x0100aa4c        0x8
 *crtbegin.o(.ctors)
 .ctors         0x0100aa4c        0x4 c:/nxp/s32ds_power_v2.1/s32ds/build_tools/powerpc-eabivle-4_9/bin/../lib/gcc/powerpc-eabivle/4.9.4/e200z4/fp/crtbegin.o
 *crtbegin?.o(.ctors)
 *(EXCLUDE_FILE(*crtend?.o *crtend.o) .ctors)
 .ctors         0x0100aa50        0x0 c:/nxp/s32ds_power_v2.1/s32ds/build_tools/powerpc-eabivle-4_9/bin/../lib/gcc/powerpc-eabivle/4.9.4/e200z4/fp/ecrti.o
                0x0100aa50                __CTOR_LIST__
 .ctors         0x0100aa50        0x0 c:/nxp/s32ds_power_v2.1/s32ds/build_tools/powerpc-eabivle-4_9/bin/../lib/gcc/powerpc-eabivle/4.9.4/e200z4/fp/ecrtn.o
                0x0100aa50                __CTOR_END__
 *(SORT(.ctors.*))
 *(.ctors)
 .ctors         0x0100aa50        0x4 c:/nxp/s32ds_power_v2.1/s32ds/build_tools/powerpc-eabivle-4_9/bin/../lib/gcc/powerpc-eabivle/4.9.4/e200z4/fp/crtend.o

.fini_array     0x0100aa54        0x0
                [!provide]                PROVIDE (__fini_array_start, .)
 *(SORT(.fini_array.*))
 *(.fini_array)
                [!provide]                PROVIDE (__fini_array_end, .)

.rodata         0x0100aa54      0x440
 *(.rodata)
 *(.rodata.*)
 .rodata.ethernet1_buffConfigArr0
                0x0100aa54       0x10 ./Generated_Code/ethernet1.o
                0x0100aa54                ethernet1_buffConfigArr0
 .rodata.MC_ME_GetModuleStatus
                0x0100aa64       0x20 ./SDK/platform/drivers/src/clock/MPC57xx/clock_MPC57xx.o
 .rodata.clockNameMappings
                0x0100aa84       0xf6 ./SDK/platform/drivers/src/clock/MPC57xx/clock_MPC57xx.o
                0x0100aa84                clockNameMappings
 *fill*         0x0100ab7a        0x2 
 .rodata.interfaceClocks
                0x0100ab7c      0x1ec ./SDK/platform/drivers/src/clock/MPC57xx/clock_MPC57xx.o
 .rodata.CLOCK_SYS_SetPll
                0x0100ad68      0x100 ./SDK/platform/drivers/src/clock/MPC57xx/clock_MPC57xx.o
 .rodata.CLOCK_SYS_GetClockSourceFreq
                0x0100ae68       0x2c ./SDK/platform/drivers/src/clock/MPC57xx/clock_MPC57xx.o

.sbss2          0x0100ae94        0x0
 .sbss2         0x0100ae94        0x0 c:/nxp/s32ds_power_v2.1/s32ds/build_tools/powerpc-eabivle-4_9/bin/../lib/gcc/powerpc-eabivle/4.9.4/e200z4/fp/ecrtn.o

.eh_frame_hdr
 *(.eh_frame_hdr)

.eh_frame       0x0100ae94        0x8
 *(.eh_frame)
 .eh_frame      0x0100ae94        0x0 c:/nxp/s32ds_power_v2.1/s32ds/build_tools/powerpc-eabivle-4_9/bin/../lib/gcc/powerpc-eabivle/4.9.4/e200z4/fp/ecrti.o
                0x0100ae94                __EH_FRAME_BEGIN__
 .eh_frame      0x0100ae94        0x0 c:/nxp/s32ds_power_v2.1/s32ds/build_tools/powerpc-eabivle-4_9/bin/../lib/gcc/powerpc-eabivle/4.9.4/e200z4/fp/crtbegin.o
 .eh_frame      0x0100ae94        0x0 c:/nxp/s32ds_power_v2.1/s32ds/build_tools/powerpc-eabivle-4_9/bin/../lib/gcc/powerpc-eabivle/4.9.4/e200z4/fp/crtbegin.o
 .eh_frame      0x0100ae94        0x4 c:/nxp/s32ds_power_v2.1/s32ds/build_tools/powerpc-eabivle-4_9/bin/../lib/gcc/powerpc-eabivle/4.9.4/e200z4/fp/crtend.o
 .eh_frame      0x0100ae98        0x4 c:/nxp/s32ds_power_v2.1/s32ds/build_tools/powerpc-eabivle-4_9/bin/../lib/gcc/powerpc-eabivle/4.9.4/e200z4/fp/ecrtn.o
                0x0100ae98                __EH_FRAME_END__

.init_table     0x0100ae9c       0x40
                0x0100ae9c                . = ALIGN (0x4)
                0x0100ae9c                __COPY_TABLE = .
 *(.init_table)
 .init_table    0x0100ae9c       0x40 ./Project_Settings/Startup_Code/startup_MPC5746C.o

.zero_table     0x0100aedc       0x14
                0x0100aedc                . = ALIGN (0x4)
                0x0100aedc                __ZERO_TABLE = .
 *(.zero_table)
 .zero_table    0x0100aedc       0x14 ./Project_Settings/Startup_Code/startup_MPC5746C.o

.RAppID_AppKey  0x0100aef0        0x4
                0x0100aef0                . = ALIGN (0x4)
                0x0100aef0                __RAPPID_APP_KEY_ADDR = .
 *(.RAppID_AppKey)
 .RAppID_AppKey
                0x0100aef0        0x4 ./Project_Settings/Startup_Code/startup_MPC5746C.o
                0x0100aef4                . = ALIGN (0x4)
                0x0100aef4                __TEXT_END = .

.rela.dyn       0x0100aef4        0x0
 .rela.iplt     0x0100aef4        0x0 c:/nxp/s32ds_power_v2.1/s32ds/build_tools/powerpc-eabivle-4_9/bin/../lib/gcc/powerpc-eabivle/4.9.4/e200z4/fp/crtbegin.o
 .rela.text     0x0100aef4        0x0 c:/nxp/s32ds_power_v2.1/s32ds/build_tools/powerpc-eabivle-4_9/bin/../lib/gcc/powerpc-eabivle/4.9.4/e200z4/fp/crtbegin.o
 .rela.data.ethernet1_InitConfig0
                0x0100aef4        0x0 c:/nxp/s32ds_power_v2.1/s32ds/build_tools/powerpc-eabivle-4_9/bin/../lib/gcc/powerpc-eabivle/4.9.4/e200z4/fp/crtbegin.o
 .rela.RAppID_AppKeyAddr
                0x0100aef4        0x0 c:/nxp/s32ds_power_v2.1/s32ds/build_tools/powerpc-eabivle-4_9/bin/../lib/gcc/powerpc-eabivle/4.9.4/e200z4/fp/crtbegin.o
 .rela.init_table
                0x0100aef4        0x0 c:/nxp/s32ds_power_v2.1/s32ds/build_tools/powerpc-eabivle-4_9/bin/../lib/gcc/powerpc-eabivle/4.9.4/e200z4/fp/crtbegin.o
 .rela.zero_table
                0x0100aef4        0x0 c:/nxp/s32ds_power_v2.1/s32ds/build_tools/powerpc-eabivle-4_9/bin/../lib/gcc/powerpc-eabivle/4.9.4/e200z4/fp/crtbegin.o
 .rela.cpu0_reset_vector
                0x0100aef4        0x0 c:/nxp/s32ds_power_v2.1/s32ds/build_tools/powerpc-eabivle-4_9/bin/../lib/gcc/powerpc-eabivle/4.9.4/e200z4/fp/crtbegin.o
 .rela.intc_vector_table
                0x0100aef4        0x0 c:/nxp/s32ds_power_v2.1/s32ds/build_tools/powerpc-eabivle-4_9/bin/../lib/gcc/powerpc-eabivle/4.9.4/e200z4/fp/crtbegin.o
 .rela.text.init_data_bss
                0x0100aef4        0x0 c:/nxp/s32ds_power_v2.1/s32ds/build_tools/powerpc-eabivle-4_9/bin/../lib/gcc/powerpc-eabivle/4.9.4/e200z4/fp/crtbegin.o
 .rela.text.INT_SYS_InstallHandler
                0x0100aef4        0x0 c:/nxp/s32ds_power_v2.1/s32ds/build_tools/powerpc-eabivle-4_9/bin/../lib/gcc/powerpc-eabivle/4.9.4/e200z4/fp/crtbegin.o
 .rela.got2     0x0100aef4        0x0 c:/nxp/s32ds_power_v2.1/s32ds/build_tools/powerpc-eabivle-4_9/bin/../lib/gcc/powerpc-eabivle/4.9.4/e200z4/fp/crtbegin.o

.interrupts_ram
                0x40000000      0xc00
                0x40000000                __VECTOR_RAM = .
 *(.m_interrupts_ram)
                0x40000c00                . = (. + __RAM_VECTOR_TABLE_SIZE)
 *fill*         0x40000000      0xc00 
                0x0100aef4                __CUSTOM_ROM = __TEXT_END

.customSectionBlock
                0x40000c00        0x0 load address 0x0100aef4
                0x40000c00                . = ALIGN (0x4)
                0x40000c00                __CUSTOM_RAM = .
                0x40000c00                __customSectionStart = .
                0x40000c00                __customSection_start__ = .
 *(.customSection)
                0x40000c00                . = ALIGN (0x4)
                0x40000c00                __customSection_end__ = .
                0x40000c00                __customSectionEnd = .
                0x0100aef4                __CUSTOM_END = (__CUSTOM_ROM + (__customSection_end__ - __customSection_start__))
                0x0100aef4                __DATA_ROM = __CUSTOM_END

.data           0x40000c00     0x4dac load address 0x0100aef4
                0x40000c00                . = ALIGN (0x4)
                0x40000c00                __DATA_RAM = .
                0x40000c00                __data_start__ = .
 *(.data)
 .data          0x40000c00        0x4 c:/nxp/s32ds_power_v2.1/s32ds/build_tools/powerpc-eabivle-4_9/bin/../lib/gcc/powerpc-eabivle/4.9.4/e200z4/fp\libgcc.a(eabivle.o)
 *(.data.*)
 .data.peripheralClockMcMeConfig0
                0x40000c04       0x48 ./Generated_Code/clockMan1.o
                0x40000c04                peripheralClockMcMeConfig0
 .data.clockMan1_InitConfig0
                0x40000c4c      0x248 ./Generated_Code/clockMan1.o
                0x40000c4c                clockMan1_InitConfig0
 .data.ethernet1_InitConfig0
                0x40000e94       0x24 ./Generated_Code/ethernet1.o
                0x40000e94                ethernet1_InitConfig0
 .data.g_pin_mux_InitConfigArr
                0x40000eb8     0x1858 ./Generated_Code/pin_mux.o
                0x40000eb8                g_pin_mux_InitConfigArr
 .data.monitoredClocks
                0x40002710      0x1ec ./SDK/platform/drivers/src/clock/MPC57xx/clock_MPC57xx.o
 .data.g_pin_mux_mdioinArr
                0x400028fc     0x1858 ./Sources/mdio.o
                0x400028fc                g_pin_mux_mdioinArr
 .data.g_pin_mux_mdiooutArr
                0x40004154     0x1858 ./Sources/mdio.o
                0x40004154                g_pin_mux_mdiooutArr
                0x400059ac                . = ALIGN (0x4)
                0x400059ac                __data_end__ = .
                0x0100fca0                __DATA_END = (__DATA_ROM + (__data_end__ - __data_start__))
                0x0100fca0                __SDATA_ROM = __DATA_END

.jcr            0x400059ac        0x0 load address 0x0100fca0
 .jcr           0x400059ac        0x0 c:/nxp/s32ds_power_v2.1/s32ds/build_tools/powerpc-eabivle-4_9/bin/../lib/gcc/powerpc-eabivle/4.9.4/e200z4/fp/crtbegin.o

.tm_clone_table
                0x400059ac        0x0 load address 0x0100fca0
 .tm_clone_table
                0x400059ac        0x0 c:/nxp/s32ds_power_v2.1/s32ds/build_tools/powerpc-eabivle-4_9/bin/../lib/gcc/powerpc-eabivle/4.9.4/e200z4/fp/crtbegin.o
 .tm_clone_table
                0x400059ac        0x0 c:/nxp/s32ds_power_v2.1/s32ds/build_tools/powerpc-eabivle-4_9/bin/../lib/gcc/powerpc-eabivle/4.9.4/e200z4/fp/crtend.o

.sdata          0x400059ac       0x14 load address 0x0100fca0
                0x400059ac                . = ALIGN (0x4)
                0x400059ac                __SDATA_RAM = .
                0x400059ac                __sdata_start__ = .
 *(.sdata)
 .sdata         0x400059ac        0x0 c:/nxp/s32ds_power_v2.1/s32ds/build_tools/powerpc-eabivle-4_9/bin/../lib/gcc/powerpc-eabivle/4.9.4/e200z4/fp/ecrti.o
                0x400059ac                __SDATA_START__
 .sdata         0x400059ac        0x0 c:/nxp/s32ds_power_v2.1/s32ds/build_tools/powerpc-eabivle-4_9/bin/../lib/gcc/powerpc-eabivle/4.9.4/e200z4/fp/crtbegin.o
                0x4000d9ac                _SDA_BASE_
 *(.sdata.*)
 .sdata.g_clockManConfigsArr
                0x400059ac        0x4 ./Generated_Code/clockMan1.o
                0x400059ac                g_clockManConfigsArr
 .sdata.ethernet1_MacAddr
                0x400059b0        0x6 ./Generated_Code/ethernet1.o
                0x400059b0                ethernet1_MacAddr
 *fill*         0x400059b6        0x2 
 .sdata.g_xtal0ClkFreq
                0x400059b8        0x4 ./SDK/platform/drivers/src/clock/MPC57xx/clock_MPC57xx.o
                0x400059b8                g_xtal0ClkFreq
 .sdata.g_xtal1ClkFreq
                0x400059bc        0x4 ./SDK/platform/drivers/src/clock/MPC57xx/clock_MPC57xx.o
                0x400059bc                g_xtal1ClkFreq
                0x400059c0                . = ALIGN (0x4)
                0x400059c0                __sdata_end__ = .
                0x0100fcb4                __SDATA_END = (__SDATA_ROM + (__sdata_end__ - __sdata_start__))

.sbss           0x400059c0       0x44 load address 0x0100fcb4
                0x400059c0                . = ALIGN (0x4)
                0x400059c0                __SBSS_START = .
                0x400059c0                __sbss_start__ = .
 *(.sbss)
 .sbss          0x400059c0        0x0 c:/nxp/s32ds_power_v2.1/s32ds/build_tools/powerpc-eabivle-4_9/bin/../lib/gcc/powerpc-eabivle/4.9.4/e200z4/fp/ecrti.o
                0x400059c0                __SBSS_START__
 .sbss          0x400059c0        0x0 c:/nxp/s32ds_power_v2.1/s32ds/build_tools/powerpc-eabivle-4_9/bin/../lib/gcc/powerpc-eabivle/4.9.4/e200z4/fp/ecrtn.o
                0x400059c0                __SBSS_END__
 *(.sbss.*)
 .sbss.g_clockManCallbacksArr
                0x400059c0        0x4 ./Generated_Code/clockMan1.o
                0x400059c0                g_clockManCallbacksArr
 .sbss.g_sircClkFreq
                0x400059c4        0x4 ./SDK/platform/drivers/src/clock/MPC57xx/clock_MPC57xx.o
 .sbss.g_sircClkUndividedFreq
                0x400059c8        0x4 ./SDK/platform/drivers/src/clock/MPC57xx/clock_MPC57xx.o
 .sbss.g_fircClkFreq
                0x400059cc        0x4 ./SDK/platform/drivers/src/clock/MPC57xx/clock_MPC57xx.o
 .sbss.g_fircClkUndividedFreq
                0x400059d0        0x4 ./SDK/platform/drivers/src/clock/MPC57xx/clock_MPC57xx.o
 .sbss.g_sxoscClkFreq
                0x400059d4        0x4 ./SDK/platform/drivers/src/clock/MPC57xx/clock_MPC57xx.o
 .sbss.g_sxoscClkUndividedFreq
                0x400059d8        0x4 ./SDK/platform/drivers/src/clock/MPC57xx/clock_MPC57xx.o
 .sbss.g_fxoscClkFreq
                0x400059dc        0x4 ./SDK/platform/drivers/src/clock/MPC57xx/clock_MPC57xx.o
 .sbss.g_fxoscClkUndividedFreq
                0x400059e0        0x4 ./SDK/platform/drivers/src/clock/MPC57xx/clock_MPC57xx.o
 .sbss.g_pllPhi0ClkFreq
                0x400059e4        0x4 ./SDK/platform/drivers/src/clock/MPC57xx/clock_MPC57xx.o
 .sbss.g_pllPhi1ClkFreq
                0x400059e8        0x4 ./SDK/platform/drivers/src/clock/MPC57xx/clock_MPC57xx.o
 .sbss.g_enetRmiiClkFreq
                0x400059ec        0x4 ./SDK/platform/drivers/src/clock/MPC57xx/clock_MPC57xx.o
 .sbss.clockSourceFrequenciesAreCalculatedAndCached.5895
                0x400059f0        0x1 ./SDK/platform/drivers/src/clock/MPC57xx/clock_MPC57xx.o
 *fill*         0x400059f1        0x3 
 .sbss.g_enetState
                0x400059f4        0x4 ./SDK/platform/drivers/src/enet/enet_driver.o
                0x400059f4                g_enetState
 .sbss.g_interruptDisableCount
                0x400059f8        0x4 ./SDK/platform/drivers/src/interrupt/interrupt_manager_MPC57xx.o
 .sbss.s_osif_tick_cnt
                0x400059fc        0x4 ./SDK/rtos/osif/osif_baremetal.o
 .sbss.exit_code
                0x40005a00        0x4 ./Sources/main.o
                0x40005a00                exit_code
                0x40005a04                . = ALIGN (0x4)
                0x40005a04                __sbss_end__ = .
                0x40005a04                __SBSS_END = .

.bss            0x40005a40      0xd10 load address 0x0100fd40
                0x40005a40                . = ALIGN (0x4)
                0x40005a40                __BSS_START = .
                0x40005a40                __bss_start__ = .
 *(.bss)
 .bss           0x40005a40       0x20 c:/nxp/s32ds_power_v2.1/s32ds/build_tools/powerpc-eabivle-4_9/bin/../lib/gcc/powerpc-eabivle/4.9.4/e200z4/fp/crtbegin.o
 *(.bss.*)
 .bss.ethernet1_State
                0x40005a60       0x48 ./Generated_Code/ethernet1.o
                0x40005a60                ethernet1_State
 *fill*         0x40005aa8       0x18 
 .bss.ethernet1_rxBuffDescrip0_0
                0x40005ac0       0x40 ./Generated_Code/ethernet1.o
 .bss.ethernet1_txBuffDescrip0_0
                0x40005b00       0x40 ./Generated_Code/ethernet1.o
 .bss.ethernet1_rxDataBuff0_0
                0x40005b40      0xc00 ./Generated_Code/ethernet1.o
 .bss.g_clockState
                0x40006740       0x10 ./SDK/platform/drivers/src/clock/MPC57xx/clock_MPC57xx.o
 *(COMMON)
                0x40006750                . = ALIGN (0x4)
                0x40006750                __bss_end__ = .
                0x40006750                __BSS_END = .
                0x0100fcb4                __CODE_ROM = __SDATA_END

.iplt           0x40006750        0x0 load address 0x01010a50
 .iplt          0x40006750        0x0 c:/nxp/s32ds_power_v2.1/s32ds/build_tools/powerpc-eabivle-4_9/bin/../lib/gcc/powerpc-eabivle/4.9.4/e200z4/fp/crtbegin.o

.code           0x40006750        0x0 load address 0x0100fcb4
                0x40006750                . = ALIGN (0x4)
                0x40006750                __CODE_RAM = .
                0x40006750                __code_start__ = .
                0x40006750                __code_ram_start__ = .
 *(.code_ram)
                0x40006750                . = ALIGN (0x4)
                0x40006750                __code_ram_end__ = .
                0x40006750                __code_end__ = .
                0x0100fcb4                __CODE_END = (__CODE_ROM + (__code_end__ - __code_start__))

.stack          0x40006750     0x1000 load address 0x01010a50
                0x40006750                __HEAP = .
                [!provide]                PROVIDE (_end, .)
                [!provide]                PROVIDE (end, .)
                0x40006750                . = (. + __HEAP_SIZE)
                0x40006750                __HEAP_END = .
                0x40006750                _stack_end = .
                0x40007750                . = (. + __STACK_SIZE)
 *fill*         0x40006750     0x1000 
                0x40007750                . = ALIGN (0x4)
                0x40007750                _stack_addr = .
                0x40007750                __SP_INIT = .
                0x00030000                __SRAM_SIZE = SRAM_SIZE
                0x40000000                __SRAM_BASE_ADDR = SRAM_BASE_ADDR
                0x00000d10                __BSS_SIZE = (__BSS_END - __BSS_START)
OUTPUT(enet_ping_mpc5746c.elf elf32-powerpc)

.comment        0x00000000       0x9c
 .comment       0x00000000        0xd c:/nxp/s32ds_power_v2.1/s32ds/build_tools/powerpc-eabivle-4_9/bin/../lib/gcc/powerpc-eabivle/4.9.4/e200z4/fp/ecrti.o
                                  0xe (size before relaxing)
 .comment       0x0000000d       0x82 c:/nxp/s32ds_power_v2.1/s32ds/build_tools/powerpc-eabivle-4_9/bin/../lib/gcc/powerpc-eabivle/4.9.4/e200z4/fp/crtbegin.o
                                 0x83 (size before relaxing)
 .comment       0x0000008f       0x83 ./Generated_Code/clockMan1.o
 .comment       0x0000008f       0x83 ./Generated_Code/ethernet1.o
 .comment       0x0000008f       0x83 ./Generated_Code/pin_mux.o
 .comment       0x0000008f       0x83 ./SDK/platform/devices/MPC5746C/startup/system_MPC5746C.o
 .comment       0x0000008f       0x83 ./SDK/platform/devices/startup.o
 .comment       0x0000008f       0x83 ./SDK/platform/drivers/src/clock/MPC57xx/clock_MPC57xx.o
 .comment       0x0000008f       0x83 ./SDK/platform/drivers/src/enet/enet_driver.o
 .comment       0x0000008f       0x83 ./SDK/platform/drivers/src/enet/enet_hw_access.o
 .comment       0x0000008f       0x83 ./SDK/platform/drivers/src/enet/enet_irq.o
 .comment       0x0000008f       0x83 ./SDK/platform/drivers/src/interrupt/interrupt_manager_MPC57xx.o
 .comment       0x0000008f       0x83 ./SDK/platform/drivers/src/pins/siul2/pins_siul2_driver.o
 .comment       0x0000008f       0x83 ./SDK/platform/drivers/src/pins/siul2/siul2_hw_access.o
 .comment       0x0000008f       0x83 ./SDK/rtos/osif/osif_baremetal.o
 .comment       0x0000008f       0x83 ./Sources/main.o
 .comment       0x0000008f       0x83 ./Sources/mdio.o
 .comment       0x0000008f       0x83 c:/nxp/s32ds_power_v2.1/s32ds/build_tools/powerpc-eabivle-4_9/bin/../lib/gcc/powerpc-eabivle/4.9.4/e200z4/fp/crtend.o
 .comment       0x0000008f        0xd c:/nxp/s32ds_power_v2.1/s32ds/build_tools/powerpc-eabivle-4_9/bin/../lib/gcc/powerpc-eabivle/4.9.4/e200z4/fp/ecrtn.o
                                  0xe (size before relaxing)

.PPC.EMB.apuinfo
                0x00000000       0x1c
 .PPC.EMB.apuinfo
                0x00000000       0x18 c:/nxp/s32ds_power_v2.1/s32ds/build_tools/powerpc-eabivle-4_9/bin/../lib/gcc/powerpc-eabivle/4.9.4/e200z4/fp/ecrti.o
 .PPC.EMB.apuinfo
                0x00000018       0x18 c:/nxp/s32ds_power_v2.1/s32ds/build_tools/powerpc-eabivle-4_9/bin/../lib/gcc/powerpc-eabivle/4.9.4/e200z4/fp/crtbegin.o
 .PPC.EMB.apuinfo
                0x00000030       0x1c ./Project_Settings/Startup_Code/core0_intc_sw_handlers.o
 .PPC.EMB.apuinfo
                0x0000004c       0x18 ./Project_Settings/Startup_Code/interrupt_vectors.o
 .PPC.EMB.apuinfo
                0x00000064       0x18 ./Project_Settings/Startup_Code/startup_MPC5746C.o
 .PPC.EMB.apuinfo
                0x0000007c       0x18 ./SDK/platform/devices/MPC5746C/startup/system_MPC5746C.o
 .PPC.EMB.apuinfo
                0x00000094       0x18 ./SDK/platform/devices/startup.o
 .PPC.EMB.apuinfo
                0x000000ac       0x18 ./SDK/platform/drivers/src/clock/MPC57xx/clock_MPC57xx.o
 .PPC.EMB.apuinfo
                0x000000c4       0x18 ./SDK/platform/drivers/src/enet/enet_driver.o
 .PPC.EMB.apuinfo
                0x000000dc       0x18 ./SDK/platform/drivers/src/enet/enet_hw_access.o
 .PPC.EMB.apuinfo
                0x000000f4       0x18 ./SDK/platform/drivers/src/enet/enet_irq.o
 .PPC.EMB.apuinfo
                0x0000010c       0x18 ./SDK/platform/drivers/src/interrupt/interrupt_manager_MPC57xx.o
 .PPC.EMB.apuinfo
                0x00000124       0x18 ./SDK/platform/drivers/src/pins/siul2/pins_siul2_driver.o
 .PPC.EMB.apuinfo
                0x0000013c       0x18 ./SDK/platform/drivers/src/pins/siul2/siul2_hw_access.o
 .PPC.EMB.apuinfo
                0x00000154       0x18 ./SDK/rtos/osif/osif_baremetal.o
 .PPC.EMB.apuinfo
                0x0000016c       0x18 ./Sources/main.o
 .PPC.EMB.apuinfo
                0x00000184       0x18 ./Sources/mdio.o
 .PPC.EMB.apuinfo
                0x0000019c       0x18 c:/nxp/s32ds_power_v2.1/s32ds/build_tools/powerpc-eabivle-4_9/bin/../lib/gcc/powerpc-eabivle/4.9.4/e200z4/fp\libgcc.a(eabivle.o)
 .PPC.EMB.apuinfo
                0x000001b4       0x18 c:/nxp/s32ds_power_v2.1/s32ds/build_tools/powerpc-eabivle-4_9/bin/../lib/gcc/powerpc-eabivle/4.9.4/e200z4/fp/crtend.o
 .PPC.EMB.apuinfo
                0x000001cc       0x18 c:/nxp/s32ds_power_v2.1/s32ds/build_tools/powerpc-eabivle-4_9/bin/../lib/gcc/powerpc-eabivle/4.9.4/e200z4/fp/ecrtn.o

.debug_info     0x00000000    0x187fa
 .debug_info    0x00000000     0x26d4 ./Generated_Code/clockMan1.o
 .debug_info    0x000026d4     0x10e4 ./Generated_Code/ethernet1.o
 .debug_info    0x000037b8      0x7c1 ./Generated_Code/pin_mux.o
 .debug_info    0x00003f79       0xee ./Project_Settings/Startup_Code/core0_intc_sw_handlers.o
 .debug_info    0x00004067       0xe9 ./Project_Settings/Startup_Code/interrupt_vectors.o
 .debug_info    0x00004150       0xe4 ./Project_Settings/Startup_Code/startup_MPC5746C.o
 .debug_info    0x00004234     0x150e ./SDK/platform/devices/MPC5746C/startup/system_MPC5746C.o
 .debug_info    0x00005742      0x360 ./SDK/platform/devices/startup.o
 .debug_info    0x00005aa2     0x50a8 ./SDK/platform/drivers/src/clock/MPC57xx/clock_MPC57xx.o
 .debug_info    0x0000ab4a     0x3af8 ./SDK/platform/drivers/src/enet/enet_driver.o
 .debug_info    0x0000e642     0x1644 ./SDK/platform/drivers/src/enet/enet_hw_access.o
 .debug_info    0x0000fc86      0xa5c ./SDK/platform/drivers/src/enet/enet_irq.o
 .debug_info    0x000106e2     0x1256 ./SDK/platform/drivers/src/interrupt/interrupt_manager_MPC57xx.o
 .debug_info    0x00011938     0x1213 ./SDK/platform/drivers/src/pins/siul2/pins_siul2_driver.o
 .debug_info    0x00012b4b      0x8f3 ./SDK/platform/drivers/src/pins/siul2/siul2_hw_access.o
 .debug_info    0x0001343e     0x16a4 ./SDK/rtos/osif/osif_baremetal.o
 .debug_info    0x00014ae2     0x3271 ./Sources/main.o
 .debug_info    0x00017d53      0xaa7 ./Sources/mdio.o

.debug_abbrev   0x00000000     0x19e4
 .debug_abbrev  0x00000000      0x126 ./Generated_Code/clockMan1.o
 .debug_abbrev  0x00000126       0xf9 ./Generated_Code/ethernet1.o
 .debug_abbrev  0x0000021f      0x10c ./Generated_Code/pin_mux.o
 .debug_abbrev  0x0000032b       0x14 ./Project_Settings/Startup_Code/core0_intc_sw_handlers.o
 .debug_abbrev  0x0000033f       0x14 ./Project_Settings/Startup_Code/interrupt_vectors.o
 .debug_abbrev  0x00000353       0x12 ./Project_Settings/Startup_Code/startup_MPC5746C.o
 .debug_abbrev  0x00000365      0x176 ./SDK/platform/devices/MPC5746C/startup/system_MPC5746C.o
 .debug_abbrev  0x000004db      0x115 ./SDK/platform/devices/startup.o
 .debug_abbrev  0x000005f0      0x287 ./SDK/platform/drivers/src/clock/MPC57xx/clock_MPC57xx.o
 .debug_abbrev  0x00000877      0x230 ./SDK/platform/drivers/src/enet/enet_driver.o
 .debug_abbrev  0x00000aa7      0x22e ./SDK/platform/drivers/src/enet/enet_hw_access.o
 .debug_abbrev  0x00000cd5       0xf4 ./SDK/platform/drivers/src/enet/enet_irq.o
 .debug_abbrev  0x00000dc9      0x1cb ./SDK/platform/drivers/src/interrupt/interrupt_manager_MPC57xx.o
 .debug_abbrev  0x00000f94      0x2a7 ./SDK/platform/drivers/src/pins/siul2/pins_siul2_driver.o
 .debug_abbrev  0x0000123b      0x1aa ./SDK/platform/drivers/src/pins/siul2/siul2_hw_access.o
 .debug_abbrev  0x000013e5      0x21b ./SDK/rtos/osif/osif_baremetal.o
 .debug_abbrev  0x00001600      0x1ee ./Sources/main.o
 .debug_abbrev  0x000017ee      0x1f6 ./Sources/mdio.o

.debug_aranges  0x00000000      0xd10
 .debug_aranges
                0x00000000       0x18 ./Generated_Code/clockMan1.o
 .debug_aranges
                0x00000018       0x18 ./Generated_Code/ethernet1.o
 .debug_aranges
                0x00000030       0x18 ./Generated_Code/pin_mux.o
 .debug_aranges
                0x00000048       0x20 ./Project_Settings/Startup_Code/core0_intc_sw_handlers.o
 .debug_aranges
                0x00000068       0x20 ./Project_Settings/Startup_Code/interrupt_vectors.o
 .debug_aranges
                0x00000088       0x28 ./Project_Settings/Startup_Code/startup_MPC5746C.o
 .debug_aranges
                0x000000b0       0x38 ./SDK/platform/devices/MPC5746C/startup/system_MPC5746C.o
 .debug_aranges
                0x000000e8       0x20 ./SDK/platform/devices/startup.o
 .debug_aranges
                0x00000108      0x4f8 ./SDK/platform/drivers/src/clock/MPC57xx/clock_MPC57xx.o
 .debug_aranges
                0x00000600      0x260 ./SDK/platform/drivers/src/enet/enet_driver.o
 .debug_aranges
                0x00000860       0xb8 ./SDK/platform/drivers/src/enet/enet_hw_access.o
 .debug_aranges
                0x00000918       0x60 ./SDK/platform/drivers/src/enet/enet_irq.o
 .debug_aranges
                0x00000978       0xc0 ./SDK/platform/drivers/src/interrupt/interrupt_manager_MPC57xx.o
 .debug_aranges
                0x00000a38      0x128 ./SDK/platform/drivers/src/pins/siul2/pins_siul2_driver.o
 .debug_aranges
                0x00000b60       0x38 ./SDK/platform/drivers/src/pins/siul2/siul2_hw_access.o
 .debug_aranges
                0x00000b98       0xa0 ./SDK/rtos/osif/osif_baremetal.o
 .debug_aranges
                0x00000c38       0x40 ./Sources/main.o
 .debug_aranges
                0x00000c78       0x98 ./Sources/mdio.o

.debug_macro    0x00000000    0x21ad5
 .debug_macro   0x00000000      0x1fb ./Generated_Code/clockMan1.o
 .debug_macro   0x000001fb       0x1c ./Generated_Code/clockMan1.o
 .debug_macro   0x00000217    0x1ff52 ./Generated_Code/clockMan1.o
 .debug_macro   0x00020169       0x10 ./Generated_Code/clockMan1.o
 .debug_macro   0x00020179      0x207 ./Generated_Code/ethernet1.o
 .debug_macro   0x00020380      0x168 ./Generated_Code/pin_mux.o
 .debug_macro   0x000204e8      0x104 ./SDK/platform/devices/MPC5746C/startup/system_MPC5746C.o
 .debug_macro   0x000205ec       0x22 ./SDK/platform/devices/MPC5746C/startup/system_MPC5746C.o
 .debug_macro   0x0002060e      0x13b ./SDK/platform/devices/startup.o
 .debug_macro   0x00020749       0x58 ./SDK/platform/devices/startup.o
 .debug_macro   0x000207a1      0x186 ./SDK/platform/drivers/src/clock/MPC57xx/clock_MPC57xx.o
 .debug_macro   0x00020927       0x28 ./SDK/platform/drivers/src/clock/MPC57xx/clock_MPC57xx.o
 .debug_macro   0x0002094f      0x1cb ./SDK/platform/drivers/src/enet/enet_driver.o
 .debug_macro   0x00020b1a       0xd0 ./SDK/platform/drivers/src/enet/enet_driver.o
 .debug_macro   0x00020bea      0x168 ./SDK/platform/drivers/src/enet/enet_hw_access.o
 .debug_macro   0x00020d52       0xca ./SDK/platform/drivers/src/enet/enet_hw_access.o
 .debug_macro   0x00020e1c      0x162 ./SDK/platform/drivers/src/enet/enet_irq.o
 .debug_macro   0x00020f7e      0x159 ./SDK/platform/drivers/src/interrupt/interrupt_manager_MPC57xx.o
 .debug_macro   0x000210d7      0x1af ./SDK/platform/drivers/src/interrupt/interrupt_manager_MPC57xx.o
 .debug_macro   0x00021286      0x168 ./SDK/platform/drivers/src/pins/siul2/pins_siul2_driver.o
 .debug_macro   0x000213ee       0x10 ./SDK/platform/drivers/src/pins/siul2/pins_siul2_driver.o
 .debug_macro   0x000213fe      0x154 ./SDK/platform/drivers/src/pins/siul2/siul2_hw_access.o
 .debug_macro   0x00021552      0x185 ./SDK/rtos/osif/osif_baremetal.o
 .debug_macro   0x000216d7      0x267 ./Sources/main.o
 .debug_macro   0x0002193e      0x197 ./Sources/mdio.o

.debug_line     0x00000000     0x7672
 .debug_line    0x00000000      0x609 ./Generated_Code/clockMan1.o
 .debug_line    0x00000609      0x609 ./Generated_Code/ethernet1.o
 .debug_line    0x00000c12      0x446 ./Generated_Code/pin_mux.o
 .debug_line    0x00001058      0x1a4 ./Project_Settings/Startup_Code/core0_intc_sw_handlers.o
 .debug_line    0x000011fc       0xb8 ./Project_Settings/Startup_Code/interrupt_vectors.o
 .debug_line    0x000012b4      0x119 ./Project_Settings/Startup_Code/startup_MPC5746C.o
 .debug_line    0x000013cd      0x401 ./SDK/platform/devices/MPC5746C/startup/system_MPC5746C.o
 .debug_line    0x000017ce      0x3ae ./SDK/platform/devices/startup.o
 .debug_line    0x00001b7c     0x197a ./SDK/platform/drivers/src/clock/MPC57xx/clock_MPC57xx.o
 .debug_line    0x000034f6      0xe94 ./SDK/platform/drivers/src/enet/enet_driver.o
 .debug_line    0x0000438a      0x752 ./SDK/platform/drivers/src/enet/enet_hw_access.o
 .debug_line    0x00004adc      0x509 ./SDK/platform/drivers/src/enet/enet_irq.o
 .debug_line    0x00004fe5      0x638 ./SDK/platform/drivers/src/interrupt/interrupt_manager_MPC57xx.o
 .debug_line    0x0000561d      0x7ee ./SDK/platform/drivers/src/pins/siul2/pins_siul2_driver.o