Archive member included to satisfy reference by file (symbol)

c:/nxp/s32ds_power_v2.1/s32ds/build_tools/powerpc-eabivle-4_9/bin/../lib/gcc/powerpc-eabivle/4.9.4/e200z4/fp\libgcc.a(eabivle.o)
                              ./Sources/main.o (__eabi)

Discarded input sections

 .text          0x00000000        0x0 c:/nxp/s32ds_power_v2.1/s32ds/build_tools/powerpc-eabivle-4_9/bin/../lib/gcc/powerpc-eabivle/4.9.4/e200z4/fp/ecrti.o
 .data          0x00000000        0x0 c:/nxp/s32ds_power_v2.1/s32ds/build_tools/powerpc-eabivle-4_9/bin/../lib/gcc/powerpc-eabivle/4.9.4/e200z4/fp/ecrti.o
 .bss           0x00000000        0x0 c:/nxp/s32ds_power_v2.1/s32ds/build_tools/powerpc-eabivle-4_9/bin/../lib/gcc/powerpc-eabivle/4.9.4/e200z4/fp/ecrti.o
 .fixup         0x00000000        0x0 c:/nxp/s32ds_power_v2.1/s32ds/build_tools/powerpc-eabivle-4_9/bin/../lib/gcc/powerpc-eabivle/4.9.4/e200z4/fp/ecrti.o
 .sbss2         0x00000000        0x0 c:/nxp/s32ds_power_v2.1/s32ds/build_tools/powerpc-eabivle-4_9/bin/../lib/gcc/powerpc-eabivle/4.9.4/e200z4/fp/ecrti.o
 .gcc_except_table
                0x00000000        0x0 c:/nxp/s32ds_power_v2.1/s32ds/build_tools/powerpc-eabivle-4_9/bin/../lib/gcc/powerpc-eabivle/4.9.4/e200z4/fp/ecrti.o
 .data          0x00000000        0x4 c:/nxp/s32ds_power_v2.1/s32ds/build_tools/powerpc-eabivle-4_9/bin/../lib/gcc/powerpc-eabivle/4.9.4/e200z4/fp/crtbegin.o
 .group         0x00000000        0x8 ./Generated_Code/Cpu.o
 .group         0x00000000        0x8 ./Generated_Code/Cpu.o
 .group         0x00000000        0x8 ./Generated_Code/Cpu.o
 .group         0x00000000        0x8 ./Generated_Code/Cpu.o
 .group         0x00000000        0x8 ./Generated_Code/Cpu.o
 .group         0x00000000        0x8 ./Generated_Code/Cpu.o
 .group         0x00000000        0x8 ./Generated_Code/Cpu.o
 .group         0x00000000        0x8 ./Generated_Code/Cpu.o
 .group         0x00000000        0x8 ./Generated_Code/Cpu.o
 .group         0x00000000        0x8 ./Generated_Code/Cpu.o
 .group         0x00000000        0x8 ./Generated_Code/Cpu.o
 .group         0x00000000        0x8 ./Generated_Code/Cpu.o
 .group         0x00000000        0x8 ./Generated_Code/Cpu.o
 .group         0x00000000        0x8 ./Generated_Code/Cpu.o
 .group         0x00000000        0x8 ./Generated_Code/Cpu.o
 .group         0x00000000        0x8 ./Generated_Code/Cpu.o
 .group         0x00000000        0x8 ./Generated_Code/Cpu.o
 .group         0x00000000        0x8 ./Generated_Code/Cpu.o
 .group         0x00000000        0x8 ./Generated_Code/Cpu.o
 .group         0x00000000        0x8 ./Generated_Code/Cpu.o
 .group         0x00000000        0x8 ./Generated_Code/Cpu.o
 .group         0x00000000        0x8 ./Generated_Code/Cpu.o
 .group         0x00000000        0x8 ./Generated_Code/Cpu.o
 .group         0x00000000        0x8 ./Generated_Code/Cpu.o
 .group         0x00000000        0x8 ./Generated_Code/Cpu.o
 .group         0x00000000        0x8 ./Generated_Code/Cpu.o
 .group         0x00000000        0x8 ./Generated_Code/Cpu.o
 .group         0x00000000        0x8 ./Generated_Code/Cpu.o
 .group         0x00000000        0x8 ./Generated_Code/Cpu.o
 .group         0x00000000        0x8 ./Generated_Code/Cpu.o
 .group         0x00000000        0x8 ./Generated_Code/Cpu.o
 .text          0x00000000        0x0 ./Generated_Code/Cpu.o
 .data          0x00000000        0x0 ./Generated_Code/Cpu.o
 .bss           0x00000000        0x0 ./Generated_Code/Cpu.o
 .debug_info    0x00000000       0x76 ./Generated_Code/Cpu.o
 .debug_abbrev  0x00000000       0x29 ./Generated_Code/Cpu.o
 .debug_aranges
                0x00000000       0x18 ./Generated_Code/Cpu.o
 .debug_macro   0x00000000      0x222 ./Generated_Code/Cpu.o
 .debug_macro   0x00000000      0x610 ./Generated_Code/Cpu.o
 .debug_macro   0x00000000       0x52 ./Generated_Code/Cpu.o
 .debug_macro   0x00000000       0xa0 ./Generated_Code/Cpu.o
 .debug_macro   0x00000000       0x16 ./Generated_Code/Cpu.o
 .debug_macro   0x00000000       0x11 ./Generated_Code/Cpu.o
 .debug_macro   0x00000000       0x75 ./Generated_Code/Cpu.o
 .debug_macro   0x00000000       0x16 ./Generated_Code/Cpu.o
 .debug_macro   0x00000000       0x5e ./Generated_Code/Cpu.o
 .debug_macro   0x00000000      0x1aa ./Generated_Code/Cpu.o
 .debug_macro   0x00000000      0x13a ./Generated_Code/Cpu.o
 .debug_macro   0x00000000       0x9d ./Generated_Code/Cpu.o
 .debug_macro   0x00000000       0x10 ./Generated_Code/Cpu.o
 .debug_macro   0x00000000      0x15b ./Generated_Code/Cpu.o
 .debug_macro   0x00000000       0x28 ./Generated_Code/Cpu.o
 .debug_macro   0x00000000       0x58 ./Generated_Code/Cpu.o
 .debug_macro   0x00000000    0x1ff40 ./Generated_Code/Cpu.o
 .debug_macro   0x00000000     0x1603 ./Generated_Code/Cpu.o
 .debug_macro   0x00000000       0x22 ./Generated_Code/Cpu.o
 .debug_macro   0x00000000      0x3fe ./Generated_Code/Cpu.o
 .debug_macro   0x00000000       0x10 ./Generated_Code/Cpu.o
 .debug_macro   0x00000000       0x16 ./Generated_Code/Cpu.o
[...]
Memory Configuration

Name             Origin             Length             Attributes
flash_rchw       0x00fa0000         0x00000004
cpu0_reset_vec   0x00fa0010         0x00000004
cpu2_reset_vec   0x00fa0004         0x00000004
rappid_boot_data 0x00fa0008         0x00000008
m_text           0x01000000         0x00140000
m_data           0x40000000         0x00030000
*default*        0x00000000         0xffffffff

Linker script and memory map

LOAD c:/nxp/s32ds_power_v2.1/s32ds/build_tools/powerpc-eabivle-4_9/bin/../lib/gcc/powerpc-eabivle/4.9.4/e200z4/fp/ecrti.o
LOAD c:/nxp/s32ds_power_v2.1/s32ds/build_tools/powerpc-eabivle-4_9/bin/../lib/gcc/powerpc-eabivle/4.9.4/e200z4/fp/crtbegin.o
LOAD ./Generated_Code/Cpu.o
LOAD ./Generated_Code/clockMan1.o
LOAD ./Generated_Code/dmaController1.o
LOAD ./Generated_Code/pin_mux.o
LOAD ./Generated_Code/spi.o
LOAD ./Generated_Code/uart_pal1.o
LOAD ./Project_Settings/Startup_Code/core0_intc_sw_handlers.o
LOAD ./Project_Settings/Startup_Code/interrupt_vectors.o
LOAD ./Project_Settings/Startup_Code/startup_MPC5746C.o
LOAD ./SDK/platform/devices/MPC5746C/startup/system_MPC5746C.o
LOAD ./SDK/platform/devices/startup.o
LOAD ./SDK/platform/drivers/src/clock/MPC57xx/clock_MPC57xx.o
LOAD ./SDK/platform/drivers/src/dspi/dspi_driver.o
LOAD ./SDK/platform/drivers/src/edma/edma_driver.o
LOAD ./SDK/platform/drivers/src/edma/edma_hw_access.o
LOAD ./SDK/platform/drivers/src/edma/edma_irq.o
LOAD ./SDK/platform/drivers/src/interrupt/interrupt_manager_MPC57xx.o
LOAD ./SDK/platform/drivers/src/linflexd/linflexd_uart_driver.o
LOAD ./SDK/platform/drivers/src/linflexd/linflexd_uart_irq.o
LOAD ./SDK/platform/drivers/src/pins/siul2/pins_siul2_driver.o
LOAD ./SDK/platform/drivers/src/pins/siul2/siul2_hw_access.o
LOAD ./SDK/platform/pal/src/spi/spi_pal.o
LOAD ./SDK/platform/pal/src/uart/uart_pal.o
LOAD ./SDK/rtos/osif/osif_baremetal.o
LOAD ./Sources/main.o
START GROUP
LOAD C:/NXP/S32DS_Power_v2.1/S32DS/build_tools/e200_ewl2/lib/e200z4/fp\libc99.a
LOAD C:/NXP/S32DS_Power_v2.1/S32DS/build_tools/e200_ewl2/lib/e200z4/fp\libm.a
LOAD c:/nxp/s32ds_power_v2.1/s32ds/build_tools/powerpc-eabivle-4_9/bin/../lib/gcc/powerpc-eabivle/4.9.4/e200z4/fp\libgcc.a
LOAD C:/NXP/S32DS_Power_v2.1/S32DS/build_tools/e200_ewl2/lib/e200z4/fp\librt.a
END GROUP
LOAD c:/nxp/s32ds_power_v2.1/s32ds/build_tools/powerpc-eabivle-4_9/bin/../lib/gcc/powerpc-eabivle/4.9.4/e200z4/fp/crtend.o
LOAD c:/nxp/s32ds_power_v2.1/s32ds/build_tools/powerpc-eabivle-4_9/bin/../lib/gcc/powerpc-eabivle/4.9.4/e200z4/fp/ecrtn.o
                0x00000000                __HEAP_SIZE = DEFINED (__heap_size__)?__heap_size__:0x0
                0x00001000                __STACK_SIZE = DEFINED (__stack_size__)?__stack_size__:0x1000
                0x01000000                FLASH_BASE_ADDR = DEFINED (__flash_base_addr__)?__flash_base_addr__:0x1000000
                0x00140000                FLASH_SIZE = DEFINED (__flash_size__)?__flash_size__:0x140000
                0x40000000                SRAM_BASE_ADDR = DEFINED (__sram_base_addr__)?__sram_base_addr__:0x40000000
                0x00030000                SRAM_SIZE = DEFINED (__sram_size__)?__sram_size__:0x30000
                0x00fa0008                RAPPID_BOOT_APP_DELAY_ADDR = 0xfa0008
                0x00fa000c                RAPPID_BOOT_APP_KEY_ADDR = 0xfa000c

.rchw           0x00fa0000        0x4
 *(.rchw)
 .rchw          0x00fa0000        0x4 ./Project_Settings/Startup_Code/startup_MPC5746C.o

.cpu0_reset_vector
                0x00fa0010        0x4
 *(.cpu0_reset_vector)
 .cpu0_reset_vector
                0x00fa0010        0x4 ./Project_Settings/Startup_Code/startup_MPC5746C.o

.cpu2_reset_vector
 *(.cpu2_reset_vector)

.RAppID_AppDelay
                0x00fa0008        0x4
 *(.RAppID_AppDelay)
 .RAppID_AppDelay
                0x00fa0008        0x4 ./Project_Settings/Startup_Code/startup_MPC5746C.o

.RAppID_AppKeyAddr
                0x00fa000c        0x4
 *(.RAppID_AppKeyAddr)
 .RAppID_AppKeyAddr
                0x00fa000c        0x4 ./Project_Settings/Startup_Code/startup_MPC5746C.o

.startup        0x01000000      0x168
                0x01000000                __start = .
 *(.startup)
 .startup       0x01000000      0x168 ./Project_Settings/Startup_Code/startup_MPC5746C.o
                0x01000000                Reset_Handler
                0x01000000                _start

.core_exceptions_table
                0x01001000       0xb4
                0x01001000                __IVPR_VALUE = .
 *(.core_exceptions_table)
 .core_exceptions_table
                0x01001000       0xb4 ./Project_Settings/Startup_Code/interrupt_vectors.o
                0x01001000                IVOR0_Vector
                0x01001000                VTABLE
                0x01001010                IVOR1_Vector
                0x01001020                IVOR2_Vector
                0x01001030                IVOR3_Vector
                0x01001040                IVOR4_Vector
                0x01001050                IVOR5_Vector
                0x01001060                IVOR6_Vector
                0x01001070                IVOR35_Vector
                0x01001080                IVOR8_Vector
                0x01001090                IVOR15_Vector
                0x010010a0                IVOR33_Vector
                0x010010b0                IVOR34_Vector

.intc_vector_table
                0x01002000      0xbfc
                0x01002000                __VECTOR_TABLE = .
                0x01002000                __interrupts_start__ = .
 *(.intc_vector_table)
 .intc_vector_table
                0x01002000      0xbfc ./Project_Settings/Startup_Code/startup_MPC5746C.o
                0x01002000                __isr_vector
                0x01002bf8                CAN1_ORed_12_15_MB_IRQHandler
                0x01002bf8                SIUL_EIRQ_16_23_IRQHandler
                0x01002bf8                CAN4_ORed_12_15_MB_IRQHandler
                0x01002bf8                PIT_Ch15_IRQHandler
                0x01002bf8                PIT_Ch0_IRQHandler
                0x01002bf8                PIT_Ch14_IRQHandler
                0x01002bf8                CAN2_ORed_12_15_MB_IRQHandler
                0x01002bf8                SAI2_Rx_IRQHandler
                0x01002bf8                PIT_Ch10_IRQHandler
                0x01002bf8                CAN5_Error_IRQHandler
                0x01002bf8                EMIOS1_26_27_IRQHandler
                0x01002bf8                IVOR34_Exception_Handler
                0x01002bf8                CAN1_ORed_IRQHandler
                0x01002bf8                EMIOS1_28_29_IRQHandler
                0x01002bf8                EMIOS0_22_23_IRQHandler
                0x01002bf8                EMIOS1_30_31_IRQHandler
                0x01002bf8                EMIOS0_10_11_IRQHandler
                0x01002bf8                ADC0_WD_IRQHandler
                0x01002bf8                IVOR5_Exception_Handler
                0x01002bf8                ADC1_WD_IRQHandler
                0x01002bf8                EMIOS1_00_01_IRQHandler
                0x01002bf8                SWT0_IRQHandler
                0x01002bf8                EMIOS0_30_31_IRQHandler
                0x01002bf8                ENET0_Rx_1_IRQHandler
                0x01002bf8                PIT_Ch7_IRQHandler
                0x01002bf8                SAI2_Tx_IRQHandler
                0x01002bf8                CAN2_Error_IRQHandler
                0x01002bf8                CAN1_ORed_64_95_MB_IRQHandler
                0x01002bf8                CAN3_Error_IRQHandler
                0x01002bf8                EMIOS1_04_05_IRQHandler
                0x01002bf8                CAN6_ORed_IRQHandler
                0x01002bf8                CAN1_ORed_08_11_MB_IRQHandler
                0x01002bf8                CAN2_ORed_64_95_MB_IRQHandler
                0x01002bf8                CAN5_ORed_04_07_MB_IRQHandler
                0x01002bf8                IVOR2_Exception_Handler
                0x01002bf8                ENET0_Tx_2_IRQHandler
                0x01002bf8                WKPU_23_16_IRQHandler
                0x01002bf8                IVOR33_Exception_Handler
                0x01002bf8                EMIOS0_24_25_IRQHandler
                0x01002bf8                CAN3_ORed_16_31_MB_IRQHandler
                0x01002bf8                SAI0_Tx_IRQHandler
                0x01002bf8                CAN1_ORed_00_03_MB_IRQHandler
                0x01002bf8                ENET0_Parser_IRQHandler
                0x01002bf8                CAN7_ORed_IRQHandler
                0x01002bf8                CAN2_ORed_04_07_MB_IRQHandler
                0x01002bf8                SAI0_Rx_IRQHandler
                0x01002bf8                ADC1_ER_IRQHandler
                0x01002bf8                EMIOS0_12_13_IRQHandler
                0x01002bf8                PIT_Ch5_IRQHandler
                0x01002bf8                CAN4_ORed_IRQHandler
                0x01002bf8                CAN5_ORed_64_95_MB_IRQHandler
                0x01002bf8                EMIOS1_14_15_IRQHandler
                0x01002bf8                CAN7_ORed_04_07_MB_IRQHandler
                0x01002bf8                CAN0_ORed_04_07_MB_IRQHandler
                0x01002bf8                ENET0_Err_IRQHandler
                0x01002bf8                IVOR15_Exception_Handler
                0x01002bf8                PIT_Ch1_IRQHandler
                0x01002bf8                BCTU_ListLast_IRQHandler
                0x01002bf8                ENET0_Rx_IRQHandler
                0x01002bf8                EMIOS0_14_15_IRQHandler
                0x01002bf8                CAN7_ORed_08_11_MB_IRQHandler
                0x01002bf8                SAI1_Tx_IRQHandler
                0x01002bf8                I2C_DRV_Module2IRQHandler
                0x01002bf8                PIT_Ch2_IRQHandler
                0x01002bf8                CMP0_IRQHandler
                0x01002bf8                EMIOS0_16_17_IRQHandler
                0x01002bf8                ADC0_EOC_IRQHandler
                0x01002bf8                CAN0_Wake_Up_IRQHandler
                0x01002bf8                CAN7_ORed_12_15_MB_IRQHandler
                0x01002bf8                CAN1_ORed_16_31_MB_IRQHandler
                0x01002bf8                CAN4_ORed_16_31_MB_IRQHandler
                0x01002bf8                PIT_Ch11_IRQHandler
                0x01002bf8                CAN2_ORed_16_31_MB_IRQHandler
                0x01002bf8                CAN4_ORed_04_07_MB_IRQHandler
                0x01002bf8                ENET0_Tx_1_IRQHandler
                0x01002bf8                CAN6_ORed_08_11_MB_IRQHandler
                0x01002bf8                CAN7_ORed_00_03_MB_IRQHandler
                0x01002bf8                PIT_Ch4_IRQHandler
                0x01002bf8                EMIOS1_10_11_IRQHandler
                0x01002bf8                CAN5_ORed_00_03_MB_IRQHandler
                0x01002bf8                CAN0_Error_IRQHandler
                0x01002bf8                CAN5_ORed_08_11_MB_IRQHandler
                0x01002bf8                PIT_Ch12_IRQHandler
                0x01002bf8                CAN3_ORed_00_03_MB_IRQHandler
                0x01002bf8                CAN3_ORed_08_11_MB_IRQHandler
                0x01002bf8                SIUL_EIRQ_00_07_IRQHandler
                0x01002bf8                CAN6_ORed_04_07_MB_IRQHandler
                0x01002bf8                ADC0_ER_IRQHandler
                0x01002bf8                CAN2_ORed_32_63_MB_IRQHandler
                0x01002bf8                CAN5_ORed_IRQHandler
                0x01002bf8                ENET0_Rx_2_IRQHandler
                0x01002bf8                CAN3_ORed_32_63_MB_IRQHandler
                0x01002bf8                STM1_Ch2_IRQHandler
                0x01002bf8                EMIOS0_04_05_IRQHandler
                0x01002bf8                STM1_Ch1_IRQHandler
                0x01002bf8                EMIOS1_12_13_IRQHandler
                0x01002bf8                IVOR3_Exception_Handler
                0x01002bf8                EMIOS1_06_07_IRQHandler
                0x01002bf8                SIUL_EIRQ_24_31_IRQHandler
                0x01002bf8                IVOR1_Exception_Handler
                0x01002bf8                CMP2_IRQHandler
                0x01002bf8                STM1_Ch0_IRQHandler
                0x01002bf8                ENET0_Tx_IRQHandler
                0x01002bf8                CAN4_Error_IRQHandler
                0x01002bf8                CAN6_ORed_64_95_MB_IRQHandler
                0x01002bf8                STM0_Ch0_IRQHandler
                0x01002bf8                HSM_DRV_IRQHandler
                0x01002bf8                CAN0_ORed_32_63_MB_IRQHandler
                0x01002bf8                CAN2_ORed_00_03_MB_IRQHandler
                0x01002bf8                PIT_RTI_IRQHandler
                0x01002bf8                IVOR8_Exception_Handler
                0x01002bf8                WKPU_31_24_IRQHandler
                0x01002bf8                CAN4_ORed_00_03_MB_IRQHandler
                0x01002bf8                CAN7_ORed_16_31_MB_IRQHandler
                0x01002bf8                CAN1_Error_IRQHandler
                0x01002bf8                I2C_DRV_Module1IRQHandler
                0x01002bf8                CAN4_ORed_32_63_MB_IRQHandler
                0x01002bf8                PIT_Ch13_IRQHandler
                0x01002bf8                STM0_Ch2_IRQHandler
                0x01002bf8                CAN0_ORed_IRQHandler
                0x01002bf8                EMIOS1_02_03_IRQHandler
                0x01002bf8                CAN3_ORed_04_07_MB_IRQHandler
                0x01002bf8                WKPU_15_08_IRQHandler
                0x01002bf8                EMIOS0_00_01_IRQHandler
                0x01002bf8                RTC0_IRQHandler
                0x01002bf8                CAN7_ORed_32_63_MB_IRQHandler
                0x01002bf8                CAN4_ORed_64_95_MB_IRQHandler
                0x01002bf8                CAN0_ORed_12_15_MB_IRQHandler
                0x01002bf8                CAN5_ORed_12_15_MB_IRQHandler
                0x01002bf8                STM0_Ch3_IRQHandler
                0x01002bf8                EMIOS0_20_21_IRQHandler
                0x01002bf8                I2C_DRV_Module0IRQHandler
                0x01002bf8                I2C_DRV_Module3IRQHandler
                0x01002bf8                EMIOS1_24_25_IRQHandler
                0x01002bf8                CAN7_ORed_64_95_MB_IRQHandler
                0x01002bf8                IVOR6_Exception_Handler
                0x01002bf8                PIT_Ch6_IRQHandler
                0x01002bf8                STM1_Ch3_IRQHandler
                0x01002bf8                EMIOS0_18_19_IRQHandler
                0x01002bf8                IVOR0_Exception_Handler
                0x01002bf8                IVOR35_Exception_Handler
                0x01002bf8                EMIOS1_08_09_IRQHandler
                0x01002bf8                PIT_Ch3_IRQHandler
                0x01002bf8                CAN3_ORed_64_95_MB_IRQHandler
                0x01002bf8                EMIOS0_26_27_IRQHandler
                0x01002bf8                CAN7_Error_IRQHandler
                0x01002bf8                CAN3_ORed_12_15_MB_IRQHandler
                0x01002bf8                EMIOS0_08_09_IRQHandler
                0x01002bf8                CAN6_ORed_16_31_MB_IRQHandler
                0x01002bf8                EMIOS1_22_23_IRQHandler
                0x01002bf8                CAN6_ORed_00_03_MB_IRQHandler
                0x01002bf8                PIT_Ch9_IRQHandler
                0x01002bf8                SIUL_EIRQ_08_15_IRQHandler
                0x01002bf8                CAN2_ORed_08_11_MB_IRQHandler
                0x01002bf8                SWT1_IRQHandler
                0x01002bf8                EMIOS1_16_17_IRQHandler
                0x01002bf8                CAN6_Error_IRQHandler
                0x01002bf8                CAN0_ORed_08_11_MB_IRQHandler
                0x01002bf8                API0_IRQHandler
                0x01002bf8                FLASH_Done_IRQHandler
                0x01002bf8                CAN2_ORed_IRQHandler
                0x01002bf8                CAN5_ORed_32_63_MB_IRQHandler
                0x01002bf8                EMIOS1_18_19_IRQHandler
                0x01002bf8                CAN6_ORed_12_15_MB_IRQHandler
                0x01002bf8                ENET0_Timer_IRQHandler
                0x01002bf8                EMIOS0_28_29_IRQHandler
                0x01002bf8                CAN1_ORed_32_63_MB_IRQHandler
                0x01002bf8                DefaultISR
                0x01002bf8                EMIOS0_06_07_IRQHandler
                0x01002bf8                CAN6_ORed_32_63_MB_IRQHandler
                0x01002bf8                EMIOS0_02_03_IRQHandler
                0x01002bf8                CAN4_ORed_08_11_MB_IRQHandler
                0x01002bf8                PIT_Ch8_IRQHandler
                0x01002bf8                CAN0_ORed_00_03_MB_IRQHandler
                0x01002bf8                CAN0_ORed_16_31_MB_IRQHandler
                0x01002bf8                CAN0_ORed_64_95_MB_IRQHandler
                0x01002bf8                CMP1_IRQHandler
                0x01002bf8                ADC1_EOC_IRQHandler
                0x01002bf8                STM0_Ch1_IRQHandler
                0x01002bf8                FCCU0_IRQ_Handler
                0x01002bf8                WKPU_07_00_IRQHandler
                0x01002bf8                BCTU_ConvUpdate_IRQHandler
                0x01002bf8                CAN5_ORed_16_31_MB_IRQHandler
                0x01002bf8                EMIOS1_20_21_IRQHandler
                0x01002bf8                SAI1_Rx_IRQHandler
                0x01002bf8                CAN1_ORed_04_07_MB_IRQHandler
                0x01002bf8                CAN3_ORed_IRQHandler
                0x01002bfc                __interrupts_end__ = .
                0x00000c00                __RAM_VECTOR_TABLE_SIZE = 0xc00
                0x01002c00                __VECTOR_TABLE_COPY_END = (__VECTOR_TABLE + __RAM_VECTOR_TABLE_SIZE)

.text           0x01002c00     0x4d30
 *(.text.startup)
 *(.text)
 .text          0x01002c00      0x16c c:/nxp/s32ds_power_v2.1/s32ds/build_tools/powerpc-eabivle-4_9/bin/../lib/gcc/powerpc-eabivle/4.9.4/e200z4/fp/crtbegin.o
 *fill*         0x01002d6c        0x4 
 .text          0x01002d70      0x2f6 ./Project_Settings/Startup_Code/core0_intc_sw_handlers.o
                0x01002db0                IVOR0_Handler
                0x01002dde                IVOR1_Handler
                0x01002e2c                IVOR2_Handler
                0x01002e66                IVOR3_Handler
                0x01002ea0                IVOR4_Handler
                0x01002ee8                IVOR5_Handler
                0x01002f22                IVOR6_Handler
                0x01002f5c                IVOR8_Handler
                0x01002f96                IVOR15_Handler
                0x01002fc4                IVOR33_Handler
                0x01002ffe                IVOR34_Handler
                0x01003038                IVOR35_Handler
 .text          0x01003066       0x4a c:/nxp/s32ds_power_v2.1/s32ds/build_tools/powerpc-eabivle-4_9/bin/../lib/gcc/powerpc-eabivle/4.9.4/e200z4/fp\libgcc.a(eabivle.o)
                0x01003066                __eabi
 .text          0x010030b0       0x48 c:/nxp/s32ds_power_v2.1/s32ds/build_tools/powerpc-eabivle-4_9/bin/../lib/gcc/powerpc-eabivle/4.9.4/e200z4/fp/crtend.o
 *(.text.*)
 .text.SystemInit
                0x010030f8       0x7a ./SDK/platform/devices/MPC5746C/startup/system_MPC5746C.o
                0x010030f8                SystemInit
 *fill*         0x01003172        0x2 
 .text.init_data_bss
                0x01003174       0xb4 ./SDK/platform/devices/startup.o
                0x01003174                init_data_bss
 .text.CLOCK_SYS_GetFircFreq
                0x01003228       0x1e ./SDK/platform/drivers/src/clock/MPC57xx/clock_MPC57xx.o
 *fill*         0x01003246        0x2 
 .text.CLOCK_SYS_GetFxoscFreq
                0x01003248       0x1e ./SDK/platform/drivers/src/clock/MPC57xx/clock_MPC57xx.o
 *fill*         0x01003266        0x2 
 .text.CLOCK_SYS_CalculateFrequenciesOfClockSources
                0x01003268      0x136 ./SDK/platform/drivers/src/clock/MPC57xx/clock_MPC57xx.o
 *fill*         0x0100339e        0x2 
 .text.CLOCK_SYS_GetSystemClockFreq
                0x010033a0      0x1e6 ./SDK/platform/drivers/src/clock/MPC57xx/clock_MPC57xx.o
 *fill*         0x01003586        0x2 
 .text.CLOCK_DRV_GetFreq
                0x01003588      0x456 ./SDK/platform/drivers/src/clock/MPC57xx/clock_MPC57xx.o
                0x01003588                CLOCK_DRV_GetFreq
 *fill*         0x010039de        0x2 
 .text.CLOCK_DRV_Init
                0x010039e0      0xb78 ./SDK/platform/drivers/src/clock/MPC57xx/clock_MPC57xx.o
                0x010039e0                CLOCK_DRV_Init
 .text.CLOCK_SYS_Init
                0x01004558       0x4c ./SDK/platform/drivers/src/clock/MPC57xx/clock_MPC57xx.o
                0x01004558                CLOCK_SYS_Init
 .text.CLOCK_SYS_UpdateConfiguration
                0x010045a4      0x186 ./SDK/platform/drivers/src/clock/MPC57xx/clock_MPC57xx.o
                0x010045a4                CLOCK_SYS_UpdateConfiguration
 *fill*         0x0100472a        0x2 
 .text.CLOCK_SYS_GetFreq
                0x0100472c       0x14 ./SDK/platform/drivers/src/clock/MPC57xx/clock_MPC57xx.o
                0x0100472c                CLOCK_SYS_GetFreq
 .text.DSPI_UpdateTransferDoneState
                0x01004740       0x66 ./SDK/platform/drivers/src/dspi/dspi_driver.o
 *fill*         0x010047a6        0x2 
 .text.DSPI_DRV_MasterCompleteDMATransfer
                0x010047a8       0x50 ./SDK/platform/drivers/src/dspi/dspi_driver.o
 .text.DSPI_SEND_isr
                0x010047f8       0xf2 ./SDK/platform/drivers/src/dspi/dspi_driver.o
 *fill*         0x010048ea        0x2 
 .text.DSPI_RECEIVE_isr
                0x010048ec       0xca ./SDK/platform/drivers/src/dspi/dspi_driver.o
 *fill*         0x010049b6        0x2 
 .text.DSPI_MasterInit
                0x010049b8      0x416 ./SDK/platform/drivers/src/dspi/dspi_driver.o
                0x010049b8                DSPI_MasterInit
 *fill*         0x01004dce        0x2 
 .text.DSPI_MasterTransfer
                0x01004dd0      0x27a ./SDK/platform/drivers/src/dspi/dspi_driver.o
                0x01004dd0                DSPI_MasterTransfer
 *fill*         0x0100504a        0x2 
 .text.DSPI_AbortTransfer
                0x0100504c       0x80 ./SDK/platform/drivers/src/dspi/dspi_driver.o
                0x0100504c                DSPI_AbortTransfer
 .text.DSPI_DRV_TrannsferFail
                0x010050cc       0x2c ./SDK/platform/drivers/src/dspi/dspi_driver.o
 .text.DSPI0_Send_IRQHandler
                0x010050f8       0x16 ./SDK/platform/drivers/src/dspi/dspi_driver.o
                0x010050f8                DSPI0_Send_IRQHandler
 *fill*         0x0100510e        0x2 
 .text.DSPI1_Send_IRQHandler
                0x01005110       0x16 ./SDK/platform/drivers/src/dspi/dspi_driver.o
                0x01005110                DSPI1_Send_IRQHandler
 *fill*         0x01005126        0x2 
 .text.DSPI2_Send_IRQHandler
                0x01005128       0x16 ./SDK/platform/drivers/src/dspi/dspi_driver.o
                0x01005128                DSPI2_Send_IRQHandler
 *fill*         0x0100513e        0x2 
 .text.DSPI3_Send_IRQHandler
                0x01005140       0x16 ./SDK/platform/drivers/src/dspi/dspi_driver.o
                0x01005140                DSPI3_Send_IRQHandler
 *fill*         0x01005156        0x2 
 .text.DSPI4_Send_IRQHandler
                0x01005158       0x16 ./SDK/platform/drivers/src/dspi/dspi_driver.o
                0x01005158                DSPI4_Send_IRQHandler
 *fill*         0x0100516e        0x2 
 .text.DSPI5_Send_IRQHandler
                0x01005170       0x16 ./SDK/platform/drivers/src/dspi/dspi_driver.o
                0x01005170                DSPI5_Send_IRQHandler
 *fill*         0x01005186        0x2 
 .text.DSPI6_Send_IRQHandler
                0x01005188       0x16 ./SDK/platform/drivers/src/dspi/dspi_driver.o
                0x01005188                DSPI6_Send_IRQHandler
 *fill*         0x0100519e        0x2 
 .text.DSPI7_Send_IRQHandler
                0x010051a0       0x16 ./SDK/platform/drivers/src/dspi/dspi_driver.o
                0x010051a0                DSPI7_Send_IRQHandler
 *fill*         0x010051b6        0x2 
 .text.DSPI0_Receive_IRQHandler
                0x010051b8       0x16 ./SDK/platform/drivers/src/dspi/dspi_driver.o
                0x010051b8                DSPI0_Receive_IRQHandler
 *fill*         0x010051ce        0x2 
 .text.DSPI1_Receive_IRQHandler
                0x010051d0       0x16 ./SDK/platform/drivers/src/dspi/dspi_driver.o
                0x010051d0                DSPI1_Receive_IRQHandler
 *fill*         0x010051e6        0x2 
 .text.DSPI2_Receive_IRQHandler
                0x010051e8       0x16 ./SDK/platform/drivers/src/dspi/dspi_driver.o
                0x010051e8                DSPI2_Receive_IRQHandler
 *fill*         0x010051fe        0x2 
 .text.DSPI3_Receive_IRQHandler
                0x01005200       0x16 ./SDK/platform/drivers/src/dspi/dspi_driver.o
                0x01005200                DSPI3_Receive_IRQHandler
 *fill*         0x01005216        0x2 
 .text.DSPI4_Receive_IRQHandler
                0x01005218       0x16 ./SDK/platform/drivers/src/dspi/dspi_driver.o
                0x01005218                DSPI4_Receive_IRQHandler
 *fill*         0x0100522e        0x2 
 .text.DSPI5_Receive_IRQHandler
                0x01005230       0x16 ./SDK/platform/drivers/src/dspi/dspi_driver.o
                0x01005230                DSPI5_Receive_IRQHandler
 *fill*         0x01005246        0x2 
 .text.DSPI6_Receive_IRQHandler
                0x01005248       0x16 ./SDK/platform/drivers/src/dspi/dspi_driver.o
                0x01005248                DSPI6_Receive_IRQHandler
 *fill*         0x0100525e        0x2 
 .text.DSPI7_Receive_IRQHandler
                0x01005260       0x16 ./SDK/platform/drivers/src/dspi/dspi_driver.o
                0x01005260                DSPI7_Receive_IRQHandler
 *fill*         0x01005276        0x2 
 .text.DSPI0_FIFO_Error_IRQHandler
                0x01005278       0x16 ./SDK/platform/drivers/src/dspi/dspi_driver.o
                0x01005278                DSPI0_FIFO_Error_IRQHandler
 *fill*         0x0100528e        0x2 
 .text.DSPI1_FIFO_Error_IRQHandler
                0x01005290       0x16 ./SDK/platform/drivers/src/dspi/dspi_driver.o
                0x01005290                DSPI1_FIFO_Error_IRQHandler
 *fill*         0x010052a6        0x2 
 .text.DSPI2_FIFO_Error_IRQHandler
                0x010052a8       0x16 ./SDK/platform/drivers/src/dspi/dspi_driver.o
                0x010052a8                DSPI2_FIFO_Error_IRQHandler
 *fill*         0x010052be        0x2 
 .text.DSPI3_FIFO_Error_IRQHandler
                0x010052c0       0x16 ./SDK/platform/drivers/src/dspi/dspi_driver.o
                0x010052c0                DSPI3_FIFO_Error_IRQHandler
 *fill*         0x010052d6        0x2 
 .text.DSPI4_FIFO_Error_IRQHandler
                0x010052d8       0x16 ./SDK/platform/drivers/src/dspi/dspi_driver.o
                0x010052d8                DSPI4_FIFO_Error_IRQHandler
 *fill*         0x010052ee        0x2 
 .text.DSPI5_FIFO_Error_IRQHandler
                0x010052f0       0x16 ./SDK/platform/drivers/src/dspi/dspi_driver.o
                0x010052f0                DSPI5_FIFO_Error_IRQHandler
 *fill*         0x01005306        0x2 
 .text.DSPI6_FIFO_Error_IRQHandler
                0x01005308       0x16 ./SDK/platform/drivers/src/dspi/dspi_driver.o
                0x01005308                DSPI6_FIFO_Error_IRQHandler
 *fill*         0x0100531e        0x2 
 .text.DSPI7_FIFO_Error_IRQHandler
                0x01005320       0x16 ./SDK/platform/drivers/src/dspi/dspi_driver.o
                0x01005320                DSPI7_FIFO_Error_IRQHandler
 *fill*         0x01005336        0x2 
 .text.EDMA_DRV_InstallCallback
                0x01005338       0x5e ./SDK/platform/drivers/src/edma/edma_driver.o
                0x01005338                EDMA_DRV_InstallCallback
 *fill*         0x01005396        0x2 
 .text.EDMA_DRV_IRQHandler
                0x01005398       0x52 ./SDK/platform/drivers/src/edma/edma_driver.o
                0x01005398                EDMA_DRV_IRQHandler
 *fill*         0x010053ea        0x2 
 .text.EDMA_DRV_ErrorIRQHandler
                0x010053ec       0x6c ./SDK/platform/drivers/src/edma/edma_driver.o
                0x010053ec                EDMA_DRV_ErrorIRQHandler
 .text.EDMA_DRV_ConfigSingleBlockTransfer
                0x01005458      0x1ea ./SDK/platform/drivers/src/edma/edma_driver.o
                0x01005458                EDMA_DRV_ConfigSingleBlockTransfer
 *fill*         0x01005642        0x2 
 .text.EDMA_DRV_ConfigMultiBlockTransfer
                0x01005644       0xa6 ./SDK/platform/drivers/src/edma/edma_driver.o
                0x01005644                EDMA_DRV_ConfigMultiBlockTransfer
 *fill*         0x010056ea        0x2 
 .text.EDMA_DRV_StartChannel
                0x010056ec       0x6c ./SDK/platform/drivers/src/edma/edma_driver.o
                0x010056ec                EDMA_DRV_StartChannel
 .text.EDMA_DRV_StopChannel
                0x01005758       0x6c ./SDK/platform/drivers/src/edma/edma_driver.o
                0x01005758                EDMA_DRV_StopChannel
 .text.EDMA_DRV_SetSrcAddr
                0x010057c4       0x6a ./SDK/platform/drivers/src/edma/edma_driver.o
                0x010057c4                EDMA_DRV_SetSrcAddr
 *fill*         0x0100582e        0x2 
 .text.EDMA_DRV_SetDestAddr
                0x01005830       0x6a ./SDK/platform/drivers/src/edma/edma_driver.o
                0x01005830                EDMA_DRV_SetDestAddr
 *fill*         0x0100589a        0x2 
 .text.EDMA_DRV_SetMajorLoopIterationCount
                0x0100589c       0x6a ./SDK/platform/drivers/src/edma/edma_driver.o
                0x0100589c                EDMA_DRV_SetMajorLoopIterationCount
 *fill*         0x01005906        0x2 
 .text.EDMA_DRV_GetDmaRegBaseAddr
                0x01005908       0x12 ./SDK/platform/drivers/src/edma/edma_driver.o
                0x01005908                EDMA_DRV_GetDmaRegBaseAddr
 *fill*         0x0100591a        0x2 
 .text.EDMA_GetErrorIntStatusFlag
                0x0100591c        0xa ./SDK/platform/drivers/src/edma/edma_hw_access.o
                0x0100591c                EDMA_GetErrorIntStatusFlag
 *fill*         0x01005926        0x2 
 .text.EDMA_ClearErrorIntStatusFlag
                0x01005928       0x12 ./SDK/platform/drivers/src/edma/edma_hw_access.o
                0x01005928                EDMA_ClearErrorIntStatusFlag
 *fill*         0x0100593a        0x2 
 .text.EDMA_SetDmaRequestCmd
                0x0100593c       0x12 ./SDK/platform/drivers/src/edma/edma_hw_access.o
                0x0100593c                EDMA_SetDmaRequestCmd
 *fill*         0x0100594e        0x2 
 .text.EDMA_ClearDoneStatusFlag
                0x01005950       0x12 ./SDK/platform/drivers/src/edma/edma_hw_access.o
                0x01005950                EDMA_ClearDoneStatusFlag
 *fill*         0x01005962        0x2 
 .text.EDMA_ClearIntStatusFlag
                0x01005964       0x12 ./SDK/platform/drivers/src/edma/edma_hw_access.o
                0x01005964                EDMA_ClearIntStatusFlag
 *fill*         0x01005976        0x2 
 .text.EDMA_SetMinorLoopMappingCmd
                0x01005978       0x14 ./SDK/platform/drivers/src/edma/edma_hw_access.o
                0x01005978                EDMA_SetMinorLoopMappingCmd
 .text.EDMA_TCDClearReg
                0x0100598c       0x34 ./SDK/platform/drivers/src/edma/edma_hw_access.o
                0x0100598c                EDMA_TCDClearReg
 .text.EDMA_TCDSetSrcAddr
                0x010059c0       0x18 ./SDK/platform/drivers/src/edma/edma_hw_access.o
                0x010059c0                EDMA_TCDSetSrcAddr
 .text.EDMA_TCDSetSrcOffset
                0x010059d8       0x1e ./SDK/platform/drivers/src/edma/edma_hw_access.o
                0x010059d8                EDMA_TCDSetSrcOffset
 *fill*         0x010059f6        0x2 
 .text.EDMA_TCDSetAttribute
                0x010059f8       0x30 ./SDK/platform/drivers/src/edma/edma_hw_access.o
                0x010059f8                EDMA_TCDSetAttribute
 .text.EDMA_TCDSetNbytes
                0x01005a28       0x54 ./SDK/platform/drivers/src/edma/edma_hw_access.o
                0x01005a28                EDMA_TCDSetNbytes
 .text.EDMA_TCDSetDestAddr
                0x01005a7c       0x18 ./SDK/platform/drivers/src/edma/edma_hw_access.o
                0x01005a7c                EDMA_TCDSetDestAddr
 .text.EDMA_TCDSetDestOffset
                0x01005a94       0x1c ./SDK/platform/drivers/src/edma/edma_hw_access.o
                0x01005a94                EDMA_TCDSetDestOffset
 .text.EDMA_TCDSetDisableDmaRequestAfterTCDDoneCmd
                0x01005ab0       0x34 ./SDK/platform/drivers/src/edma/edma_hw_access.o
                0x01005ab0                EDMA_TCDSetDisableDmaRequestAfterTCDDoneCmd
 .text.EDMA_TCDSetMajorCompleteIntCmd
                0x01005ae4       0x34 ./SDK/platform/drivers/src/edma/edma_hw_access.o
                0x01005ae4                EDMA_TCDSetMajorCompleteIntCmd
 .text.EDMA_TCDSetMajorCount
                0x01005b18       0x72 ./SDK/platform/drivers/src/edma/edma_hw_access.o
                0x01005b18                EDMA_TCDSetMajorCount
 *fill*         0x01005b8a        0x2 
 .text.DMA0_Ch0_IRQHandler
                0x01005b8c       0x16 ./SDK/platform/drivers/src/edma/edma_irq.o
                0x01005b8c                DMA0_Ch0_IRQHandler
 *fill*         0x01005ba2        0x2 
 .text.DMA0_Ch1_IRQHandler
                0x01005ba4       0x16 ./SDK/platform/drivers/src/edma/edma_irq.o
                0x01005ba4                DMA0_Ch1_IRQHandler
 *fill*         0x01005bba        0x2 
 .text.DMA0_Ch2_IRQHandler
                0x01005bbc       0x16 ./SDK/platform/drivers/src/edma/edma_irq.o
                0x01005bbc                DMA0_Ch2_IRQHandler
 *fill*         0x01005bd2        0x2 
 .text.DMA0_Ch3_IRQHandler
                0x01005bd4       0x16 ./SDK/platform/drivers/src/edma/edma_irq.o
                0x01005bd4                DMA0_Ch3_IRQHandler
 *fill*         0x01005bea        0x2 
 .text.DMA0_Ch4_IRQHandler
                0x01005bec       0x16 ./SDK/platform/drivers/src/edma/edma_irq.o
                0x01005bec                DMA0_Ch4_IRQHandler
 *fill*         0x01005c02        0x2 
 .text.DMA0_Ch5_IRQHandler
                0x01005c04       0x16 ./SDK/platform/drivers/src/edma/edma_irq.o
                0x01005c04                DMA0_Ch5_IRQHandler
 *fill*         0x01005c1a        0x2 
 .text.DMA0_Ch6_IRQHandler
                0x01005c1c       0x16 ./SDK/platform/drivers/src/edma/edma_irq.o
                0x01005c1c                DMA0_Ch6_IRQHandler
 *fill*         0x01005c32        0x2 
 .text.DMA0_Ch7_IRQHandler
                0x01005c34       0x16 ./SDK/platform/drivers/src/edma/edma_irq.o
                0x01005c34                DMA0_Ch7_IRQHandler
 *fill*         0x01005c4a        0x2 
 .text.DMA0_Ch8_IRQHandler
                0x01005c4c       0x16 ./SDK/platform/drivers/src/edma/edma_irq.o
                0x01005c4c                DMA0_Ch8_IRQHandler
 *fill*         0x01005c62        0x2 
 .text.DMA0_Ch9_IRQHandler
                0x01005c64       0x16 ./SDK/platform/drivers/src/edma/edma_irq.o
                0x01005c64                DMA0_Ch9_IRQHandler
 *fill*         0x01005c7a        0x2 
 .text.DMA0_Ch10_IRQHandler
                0x01005c7c       0x16 ./SDK/platform/drivers/src/edma/edma_irq.o
                0x01005c7c                DMA0_Ch10_IRQHandler
 *fill*         0x01005c92        0x2 
 .text.DMA0_Ch11_IRQHandler
                0x01005c94       0x16 ./SDK/platform/drivers/src/edma/edma_irq.o
                0x01005c94                DMA0_Ch11_IRQHandler
 *fill*         0x01005caa        0x2 
 .text.DMA0_Ch12_IRQHandler
                0x01005cac       0x16 ./SDK/platform/drivers/src/edma/edma_irq.o
                0x01005cac                DMA0_Ch12_IRQHandler
 *fill*         0x01005cc2        0x2 
 .text.DMA0_Ch13_IRQHandler
                0x01005cc4       0x16 ./SDK/platform/drivers/src/edma/edma_irq.o
                0x01005cc4                DMA0_Ch13_IRQHandler
 *fill*         0x01005cda        0x2 
 .text.DMA0_Ch14_IRQHandler
                0x01005cdc       0x16 ./SDK/platform/drivers/src/edma/edma_irq.o
                0x01005cdc                DMA0_Ch14_IRQHandler
 *fill*         0x01005cf2        0x2 
 .text.DMA0_Ch15_IRQHandler
                0x01005cf4       0x16 ./SDK/platform/drivers/src/edma/edma_irq.o
                0x01005cf4                DMA0_Ch15_IRQHandler
 *fill*         0x01005d0a        0x2 
 .text.DMA0_Ch16_IRQHandler
                0x01005d0c       0x16 ./SDK/platform/drivers/src/edma/edma_irq.o
                0x01005d0c                DMA0_Ch16_IRQHandler
 *fill*         0x01005d22        0x2 
 .text.DMA0_Ch17_IRQHandler
                0x01005d24       0x16 ./SDK/platform/drivers/src/edma/edma_irq.o
                0x01005d24                DMA0_Ch17_IRQHandler
 *fill*         0x01005d3a        0x2 
 .text.DMA0_Ch18_IRQHandler
                0x01005d3c       0x16 ./SDK/platform/drivers/src/edma/edma_irq.o
                0x01005d3c                DMA0_Ch18_IRQHandler
 *fill*         0x01005d52        0x2 
 .text.DMA0_Ch19_IRQHandler
                0x01005d54       0x16 ./SDK/platform/drivers/src/edma/edma_irq.o
                0x01005d54                DMA0_Ch19_IRQHandler
 *fill*         0x01005d6a        0x2 
 .text.DMA0_Ch20_IRQHandler
                0x01005d6c       0x16 ./SDK/platform/drivers/src/edma/edma_irq.o
                0x01005d6c                DMA0_Ch20_IRQHandler
 *fill*         0x01005d82        0x2 
 .text.DMA0_Ch21_IRQHandler
                0x01005d84       0x16 ./SDK/platform/drivers/src/edma/edma_irq.o
                0x01005d84                DMA0_Ch21_IRQHandler
 *fill*         0x01005d9a        0x2 
 .text.DMA0_Ch22_IRQHandler
                0x01005d9c       0x16 ./SDK/platform/drivers/src/edma/edma_irq.o
                0x01005d9c                DMA0_Ch22_IRQHandler
 *fill*         0x01005db2        0x2 
 .text.DMA0_Ch23_IRQHandler
                0x01005db4       0x16 ./SDK/platform/drivers/src/edma/edma_irq.o
                0x01005db4                DMA0_Ch23_IRQHandler
 *fill*         0x01005dca        0x2 
 .text.DMA0_Ch24_IRQHandler
                0x01005dcc       0x16 ./SDK/platform/drivers/src/edma/edma_irq.o
                0x01005dcc                DMA0_Ch24_IRQHandler
 *fill*         0x01005de2        0x2 
 .text.DMA0_Ch25_IRQHandler
                0x01005de4       0x16 ./SDK/platform/drivers/src/edma/edma_irq.o
                0x01005de4                DMA0_Ch25_IRQHandler
 *fill*         0x01005dfa        0x2 
 .text.DMA0_Ch26_IRQHandler
                0x01005dfc       0x16 ./SDK/platform/drivers/src/edma/edma_irq.o
                0x01005dfc                DMA0_Ch26_IRQHandler
 *fill*         0x01005e12        0x2 
 .text.DMA0_Ch27_IRQHandler
                0x01005e14       0x16 ./SDK/platform/drivers/src/edma/edma_irq.o
                0x01005e14                DMA0_Ch27_IRQHandler
 *fill*         0x01005e2a        0x2 
 .text.DMA0_Ch28_IRQHandler
                0x01005e2c       0x16 ./SDK/platform/drivers/src/edma/edma_irq.o
                0x01005e2c                DMA0_Ch28_IRQHandler
 *fill*         0x01005e42        0x2 
 .text.DMA0_Ch29_IRQHandler
                0x01005e44       0x16 ./SDK/platform/drivers/src/edma/edma_irq.o
                0x01005e44                DMA0_Ch29_IRQHandler
 *fill*         0x01005e5a        0x2 
 .text.DMA0_Ch30_IRQHandler
                0x01005e5c       0x16 ./SDK/platform/drivers/src/edma/edma_irq.o
                0x01005e5c                DMA0_Ch30_IRQHandler
 *fill*         0x01005e72        0x2 
 .text.DMA0_Ch31_IRQHandler
                0x01005e74       0x16 ./SDK/platform/drivers/src/edma/edma_irq.o
                0x01005e74                DMA0_Ch31_IRQHandler
 *fill*         0x01005e8a        0x2 
 .text.DMA0_Ch0_Ch31_Error_IRQHandler
                0x01005e8c       0x42 ./SDK/platform/drivers/src/edma/edma_irq.o
                0x01005e8c                DMA0_Ch0_Ch31_Error_IRQHandler
 *fill*         0x01005ece        0x2 
 .text.INT_SYS_InstallHandler
                0x01005ed0       0x62 ./SDK/platform/drivers/src/interrupt/interrupt_manager_MPC57xx.o
                0x01005ed0                INT_SYS_InstallHandler
 *fill*         0x01005f32        0x2 
 .text.INT_SYS_EnableIRQ
                0x01005f34       0x4c ./SDK/platform/drivers/src/interrupt/interrupt_manager_MPC57xx.o
                0x01005f34                INT_SYS_EnableIRQ
 .text.INT_SYS_EnableIRQGlobal
                0x01005f80       0x26 ./SDK/platform/drivers/src/interrupt/interrupt_manager_MPC57xx.o
                0x01005f80                INT_SYS_EnableIRQGlobal
 *fill*         0x01005fa6        0x2 
 .text.INT_SYS_DisableIRQGlobal
                0x01005fa8       0x10 ./SDK/platform/drivers/src/interrupt/interrupt_manager_MPC57xx.o
                0x01005fa8                INT_SYS_DisableIRQGlobal
 .text.LINFLEXD_UART_DRV_PutData
                0x01005fb8       0x84 ./SDK/platform/drivers/src/linflexd/linflexd_uart_driver.o
 .text.LINFLEXD_UART_DRV_StartSendUsingInterrupts
                0x0100603c       0x7c ./SDK/platform/drivers/src/linflexd/linflexd_uart_driver.o
 .text.LINFLEXD_UART_DRV_StartSendUsingDma
                0x010060b8      0x108 ./SDK/platform/drivers/src/linflexd/linflexd_uart_driver.o
 .text.LINFLEXD_UART_DRV_CompleteSendUsingInterrupts
                0x010061c0       0x5e ./SDK/platform/drivers/src/linflexd/linflexd_uart_driver.o
 *fill*         0x0100621e        0x2 
 .text.LINFLEXD_UART_DRV_CompleteReceiveUsingInterrupts
                0x01006220       0x68 ./SDK/platform/drivers/src/linflexd/linflexd_uart_driver.o
 .text.LINFLEXD_UART_DRV_CompleteSendUsingDma
                0x01006288       0xf2 ./SDK/platform/drivers/src/linflexd/linflexd_uart_driver.o
 *fill*         0x0100637a        0x2 
 .text.LINFLEXD_UART_DRV_CompleteReceiveUsingDma
                0x0100637c      0x112 ./SDK/platform/drivers/src/linflexd/linflexd_uart_driver.o
 *fill*         0x0100648e        0x2 
 .text.LINFLEXD_UART_DRV_SetBaudRate
                0x01006490      0x114 ./SDK/platform/drivers/src/linflexd/linflexd_uart_driver.o
                0x01006490                LINFLEXD_UART_DRV_SetBaudRate
 .text.LINFLEXD_UART_DRV_InstallRxCallback
                0x010065a4       0x22 ./SDK/platform/drivers/src/linflexd/linflexd_uart_driver.o
                0x010065a4                LINFLEXD_UART_DRV_InstallRxCallback
 *fill*         0x010065c6        0x2 
 .text.LINFLEXD_UART_DRV_InstallTxCallback
                0x010065c8       0x22 ./SDK/platform/drivers/src/linflexd/linflexd_uart_driver.o
                0x010065c8                LINFLEXD_UART_DRV_InstallTxCallback
 *fill*         0x010065ea        0x2 
 .text.LINFLEXD_UART_DRV_Init
                0x010065ec      0x2ce ./SDK/platform/drivers/src/linflexd/linflexd_uart_driver.o
                0x010065ec                LINFLEXD_UART_DRV_Init
 *fill*         0x010068ba        0x2 
 .text.LINFLEXD_UART_DRV_SendDataBlocking
                0x010068bc       0xb4 ./SDK/platform/drivers/src/linflexd/linflexd_uart_driver.o
                0x010068bc                LINFLEXD_UART_DRV_SendDataBlocking
 .text.LINFLEXD_UART_DRV_SetRxBuffer
                0x01006970       0x56 ./SDK/platform/drivers/src/linflexd/linflexd_uart_driver.o
                0x01006970                LINFLEXD_UART_DRV_SetRxBuffer
 *fill*         0x010069c6        0x2 
 .text.LINFLEXD_UART_DRV_RxIRQHandler
                0x010069c8       0xde ./SDK/platform/drivers/src/linflexd/linflexd_uart_driver.o
                0x010069c8                LINFLEXD_UART_DRV_RxIRQHandler
 *fill*         0x01006aa6        0x2 
 .text.LINFLEXD_UART_DRV_TxIRQHandler
                0x01006aa8       0x92 ./SDK/platform/drivers/src/linflexd/linflexd_uart_driver.o
                0x01006aa8                LINFLEXD_UART_DRV_TxIRQHandler
 *fill*         0x01006b3a        0x2 
 .text.LINFLEXD_UART_DRV_ErrIRQHandler
                0x01006b3c       0x8e ./SDK/platform/drivers/src/linflexd/linflexd_uart_driver.o
                0x01006b3c                LINFLEXD_UART_DRV_ErrIRQHandler
 *fill*         0x01006bca        0x2 
 .text.LINFLEXD0_UART_RxIRQHandler
                0x01006bcc       0x16 ./SDK/platform/drivers/src/linflexd/linflexd_uart_irq.o
                0x01006bcc                LINFLEXD0_UART_RxIRQHandler
 *fill*         0x01006be2        0x2 
 .text.LINFLEXD1_UART_RxIRQHandler
                0x01006be4       0x16 ./SDK/platform/drivers/src/linflexd/linflexd_uart_irq.o
                0x01006be4                LINFLEXD1_UART_RxIRQHandler
 *fill*         0x01006bfa        0x2 
 .text.LINFLEXD2_UART_RxIRQHandler
                0x01006bfc       0x16 ./SDK/platform/drivers/src/linflexd/linflexd_uart_irq.o
                0x01006bfc                LINFLEXD2_UART_RxIRQHandler
 *fill*         0x01006c12        0x2 
 .text.LINFLEXD3_UART_RxIRQHandler
                0x01006c14       0x16 ./SDK/platform/drivers/src/linflexd/linflexd_uart_irq.o
                0x01006c14                LINFLEXD3_UART_RxIRQHandler
 *fill*         0x01006c2a        0x2 
 .text.LINFLEXD4_UART_RxIRQHandler
                0x01006c2c       0x16 ./SDK/platform/drivers/src/linflexd/linflexd_uart_irq.o
                0x01006c2c                LINFLEXD4_UART_RxIRQHandler
 *fill*         0x01006c42        0x2 
 .text.LINFLEXD5_UART_RxIRQHandler
                0x01006c44       0x16 ./SDK/platform/drivers/src/linflexd/linflexd_uart_irq.o
                0x01006c44                LINFLEXD5_UART_RxIRQHandler
 *fill*         0x01006c5a        0x2 
 .text.LINFLEXD6_UART_RxIRQHandler
                0x01006c5c       0x16 ./SDK/platform/drivers/src/linflexd/linflexd_uart_irq.o
                0x01006c5c                LINFLEXD6_UART_RxIRQHandler
 *fill*         0x01006c72        0x2 
 .text.LINFLEXD7_UART_RxIRQHandler
                0x01006c74       0x16 ./SDK/platform/drivers/src/linflexd/linflexd_uart_irq.o
                0x01006c74                LINFLEXD7_UART_RxIRQHandler
 *fill*         0x01006c8a        0x2 
 .text.LINFLEXD8_UART_RxIRQHandler
                0x01006c8c       0x16 ./SDK/platform/drivers/src/linflexd/linflexd_uart_irq.o
                0x01006c8c                LINFLEXD8_UART_RxIRQHandler
 *fill*         0x01006ca2        0x2 
 .text.LINFLEXD9_UART_RxIRQHandler
                0x01006ca4       0x16 ./SDK/platform/drivers/src/linflexd/linflexd_uart_irq.o
                0x01006ca4                LINFLEXD9_UART_RxIRQHandler
 *fill*         0x01006cba        0x2 
 .text.LINFLEXD10_UART_RxIRQHandler
                0x01006cbc       0x16 ./SDK/platform/drivers/src/linflexd/linflexd_uart_irq.o
                0x01006cbc                LINFLEXD10_UART_RxIRQHandler
 *fill*         0x01006cd2        0x2 
 .text.LINFLEXD11_UART_RxIRQHandler
                0x01006cd4       0x16 ./SDK/platform/drivers/src/linflexd/linflexd_uart_irq.o
                0x01006cd4                LINFLEXD11_UART_RxIRQHandler
 *fill*         0x01006cea        0x2 
 .text.LINFLEXD12_UART_RxIRQHandler
                0x01006cec       0x16 ./SDK/platform/drivers/src/linflexd/linflexd_uart_irq.o
                0x01006cec                LINFLEXD12_UART_RxIRQHandler
 *fill*         0x01006d02        0x2 
 .text.LINFLEXD13_UART_RxIRQHandler
                0x01006d04       0x16 ./SDK/platform/drivers/src/linflexd/linflexd_uart_irq.o
                0x01006d04                LINFLEXD13_UART_RxIRQHandler
 *fill*         0x01006d1a        0x2 
 .text.LINFLEXD14_UART_RxIRQHandler
                0x01006d1c       0x16 ./SDK/platform/drivers/src/linflexd/linflexd_uart_irq.o
                0x01006d1c                LINFLEXD14_UART_RxIRQHandler
 *fill*         0x01006d32        0x2 
 .text.LINFLEXD15_UART_RxIRQHandler
                0x01006d34       0x16 ./SDK/platform/drivers/src/linflexd/linflexd_uart_irq.o
                0x01006d34                LINFLEXD15_UART_RxIRQHandler
 *fill*         0x01006d4a        0x2 
 .text.LINFLEXD0_UART_TxIRQHandler
                0x01006d4c       0x16 ./SDK/platform/drivers/src/linflexd/linflexd_uart_irq.o
                0x01006d4c                LINFLEXD0_UART_TxIRQHandler
 *fill*         0x01006d62        0x2 
 .text.LINFLEXD1_UART_TxIRQHandler
                0x01006d64       0x16 ./SDK/platform/drivers/src/linflexd/linflexd_uart_irq.o
                0x01006d64                LINFLEXD1_UART_TxIRQHandler
 *fill*         0x01006d7a        0x2 
 .text.LINFLEXD2_UART_TxIRQHandler
                0x01006d7c       0x16 ./SDK/platform/drivers/src/linflexd/linflexd_uart_irq.o
                0x01006d7c                LINFLEXD2_UART_TxIRQHandler
 *fill*         0x01006d92        0x2 
 .text.LINFLEXD3_UART_TxIRQHandler
                0x01006d94       0x16 ./SDK/platform/drivers/src/linflexd/linflexd_uart_irq.o
                0x01006d94                LINFLEXD3_UART_TxIRQHandler
 *fill*         0x01006daa        0x2 
 .text.LINFLEXD4_UART_TxIRQHandler
                0x01006dac       0x16 ./SDK/platform/drivers/src/linflexd/linflexd_uart_irq.o
                0x01006dac                LINFLEXD4_UART_TxIRQHandler
 *fill*         0x01006dc2        0x2 
 .text.LINFLEXD5_UART_TxIRQHandler
                0x01006dc4       0x16 ./SDK/platform/drivers/src/linflexd/linflexd_uart_irq.o
                0x01006dc4                LINFLEXD5_UART_TxIRQHandler
 *fill*         0x01006dda        0x2 
 .text.LINFLEXD6_UART_TxIRQHandler
                0x01006ddc       0x16 ./SDK/platform/drivers/src/linflexd/linflexd_uart_irq.o
                0x01006ddc                LINFLEXD6_UART_TxIRQHandler
 *fill*         0x01006df2        0x2 
 .text.LINFLEXD7_UART_TxIRQHandler
                0x01006df4       0x16 ./SDK/platform/drivers/src/linflexd/linflexd_uart_irq.o
                0x01006df4                LINFLEXD7_UART_TxIRQHandler
 *fill*         0x01006e0a        0x2 
 .text.LINFLEXD8_UART_TxIRQHandler
                0x01006e0c       0x16 ./SDK/platform/drivers/src/linflexd/linflexd_uart_irq.o
                0x01006e0c                LINFLEXD8_UART_TxIRQHandler
 *fill*         0x01006e22        0x2 
 .text.LINFLEXD9_UART_TxIRQHandler
                0x01006e24       0x16 ./SDK/platform/drivers/src/linflexd/linflexd_uart_irq.o
                0x01006e24                LINFLEXD9_UART_TxIRQHandler
 *fill*         0x01006e3a        0x2 
 .text.LINFLEXD10_UART_TxIRQHandler
                0x01006e3c       0x16 ./SDK/platform/drivers/src/linflexd/linflexd_uart_irq.o
                0x01006e3c                LINFLEXD10_UART_TxIRQHandler
 *fill*         0x01006e52        0x2 
 .text.LINFLEXD11_UART_TxIRQHandler
                0x01006e54       0x16 ./SDK/platform/drivers/src/linflexd/linflexd_uart_irq.o
                0x01006e54                LINFLEXD11_UART_TxIRQHandler
 *fill*         0x01006e6a        0x2 
 .text.LINFLEXD12_UART_TxIRQHandler
                0x01006e6c       0x16 ./SDK/platform/drivers/src/linflexd/linflexd_uart_irq.o
                0x01006e6c                LINFLEXD12_UART_TxIRQHandler
 *fill*         0x01006e82        0x2 
 .text.LINFLEXD13_UART_TxIRQHandler
                0x01006e84       0x16 ./SDK/platform/drivers/src/linflexd/linflexd_uart_irq.o
                0x01006e84                LINFLEXD13_UART_TxIRQHandler
 *fill*         0x01006e9a        0x2 
 .text.LINFLEXD14_UART_TxIRQHandler
                0x01006e9c       0x16 ./SDK/platform/drivers/src/linflexd/linflexd_uart_irq.o
                0x01006e9c                LINFLEXD14_UART_TxIRQHandler
 *fill*         0x01006eb2        0x2 
 .text.LINFLEXD15_UART_TxIRQHandler
                0x01006eb4       0x16 ./SDK/platform/drivers/src/linflexd/linflexd_uart_irq.o
                0x01006eb4                LINFLEXD15_UART_TxIRQHandler
 *fill*         0x01006eca        0x2 
 .text.LINFLEXD0_UART_ErrIRQHandler
                0x01006ecc       0x16 ./SDK/platform/drivers/src/linflexd/linflexd_uart_irq.o
                0x01006ecc                LINFLEXD0_UART_ErrIRQHandler
 *fill*         0x01006ee2        0x2 
 .text.LINFLEXD1_UART_ErrIRQHandler
                0x01006ee4       0x16 ./SDK/platform/drivers/src/linflexd/linflexd_uart_irq.o
                0x01006ee4                LINFLEXD1_UART_ErrIRQHandler
 *fill*         0x01006efa        0x2 
 .text.LINFLEXD2_UART_ErrIRQHandler
                0x01006efc       0x16 ./SDK/platform/drivers/src/linflexd/linflexd_uart_irq.o
                0x01006efc                LINFLEXD2_UART_ErrIRQHandler
 *fill*         0x01006f12        0x2 
 .text.LINFLEXD3_UART_ErrIRQHandler
                0x01006f14       0x16 ./SDK/platform/drivers/src/linflexd/linflexd_uart_irq.o
                0x01006f14                LINFLEXD3_UART_ErrIRQHandler
 *fill*         0x01006f2a        0x2 
 .text.LINFLEXD4_UART_ErrIRQHandler
                0x01006f2c       0x16 ./SDK/platform/drivers/src/linflexd/linflexd_uart_irq.o
                0x01006f2c                LINFLEXD4_UART_ErrIRQHandler
 *fill*         0x01006f42        0x2 
 .text.LINFLEXD5_UART_ErrIRQHandler
                0x01006f44       0x16 ./SDK/platform/drivers/src/linflexd/linflexd_uart_irq.o
                0x01006f44                LINFLEXD5_UART_ErrIRQHandler
 *fill*         0x01006f5a        0x2 
 .text.LINFLEXD6_UART_ErrIRQHandler
                0x01006f5c       0x16 ./SDK/platform/drivers/src/linflexd/linflexd_uart_irq.o
                0x01006f5c                LINFLEXD6_UART_ErrIRQHandler
 *fill*         0x01006f72        0x2 
 .text.LINFLEXD7_UART_ErrIRQHandler
                0x01006f74       0x16 ./SDK/platform/drivers/src/linflexd/linflexd_uart_irq.o
                0x01006f74                LINFLEXD7_UART_ErrIRQHandler
 *fill*         0x01006f8a        0x2 
 .text.LINFLEXD8_UART_ErrIRQHandler
                0x01006f8c       0x16 ./SDK/platform/drivers/src/linflexd/linflexd_uart_irq.o
                0x01006f8c                LINFLEXD8_UART_ErrIRQHandler
 *fill*         0x01006fa2        0x2 
 .text.LINFLEXD9_UART_ErrIRQHandler
                0x01006fa4       0x16 ./SDK/platform/drivers/src/linflexd/linflexd_uart_irq.o
                0x01006fa4                LINFLEXD9_UART_ErrIRQHandler
 *fill*         0x01006fba        0x2 
 .text.LINFLEXD10_UART_ErrIRQHandler
                0x01006fbc       0x16 ./SDK/platform/drivers/src/linflexd/linflexd_uart_irq.o
                0x01006fbc                LINFLEXD10_UART_ErrIRQHandler
 *fill*         0x01006fd2        0x2 
 .text.LINFLEXD11_UART_ErrIRQHandler
                0x01006fd4       0x16 ./SDK/platform/drivers/src/linflexd/linflexd_uart_irq.o
                0x01006fd4                LINFLEXD11_UART_ErrIRQHandler
 *fill*         0x01006fea        0x2 
 .text.LINFLEXD12_UART_ErrIRQHandler
                0x01006fec       0x16 ./SDK/platform/drivers/src/linflexd/linflexd_uart_irq.o
                0x01006fec                LINFLEXD12_UART_ErrIRQHandler
 *fill*         0x01007002        0x2 
 .text.LINFLEXD13_UART_ErrIRQHandler
                0x01007004       0x16 ./SDK/platform/drivers/src/linflexd/linflexd_uart_irq.o
                0x01007004                LINFLEXD13_UART_ErrIRQHandler
 *fill*         0x0100701a        0x2 
 .text.LINFLEXD14_UART_ErrIRQHandler
                0x0100701c       0x16 ./SDK/platform/drivers/src/linflexd/linflexd_uart_irq.o
                0x0100701c                LINFLEXD14_UART_ErrIRQHandler
 *fill*         0x01007032        0x2 
 .text.LINFLEXD15_UART_ErrIRQHandler
                0x01007034       0x16 ./SDK/platform/drivers/src/linflexd/linflexd_uart_irq.o
                0x01007034                LINFLEXD15_UART_ErrIRQHandler
 *fill*         0x0100704a        0x2 
 .text.PINS_DRV_Init
                0x0100704c       0x38 ./SDK/platform/drivers/src/pins/siul2/pins_siul2_driver.o
                0x0100704c                PINS_DRV_Init
 .text.PINS_Init
                0x01007084      0x1b2 ./SDK/platform/drivers/src/pins/siul2/siul2_hw_access.o
                0x01007084                PINS_Init
 .text.GetDspiIndex
                0x01007236       0x12 ./SDK/platform/pal/src/spi/spi_pal.o
 .text.SPI_MasterInit
                0x01007248       0xc2 ./SDK/platform/pal/src/spi/spi_pal.o
                0x01007248                SPI_MasterInit
 *fill*         0x0100730a        0x2 
 .text.SPI_MasterTransfer
                0x0100730c       0x40 ./SDK/platform/pal/src/spi/spi_pal.o
                0x0100730c                SPI_MasterTransfer
 .text.UART_Init
                0x0100734c      0x17c ./SDK/platform/pal/src/uart/uart_pal.o
                0x0100734c                UART_Init
 .text.UART_SendDataBlocking
                0x010074c8       0x64 ./SDK/platform/pal/src/uart/uart_pal.o
                0x010074c8                UART_SendDataBlocking
 .text.UART_SetRxBuffer
                0x0100752c       0x4a ./SDK/platform/pal/src/uart/uart_pal.o
                0x0100752c                UART_SetRxBuffer
 *fill*         0x01007576        0x2 
 .text.OSIF_PIT_IRQHandler
                0x01007578       0x22 ./SDK/rtos/osif/osif_baremetal.o
                0x01007578                OSIF_PIT_IRQHandler
 *fill*         0x0100759a        0x2 
 .text.OSIF_SemaWait
                0x0100759c      0x154 ./SDK/rtos/osif/osif_baremetal.o
                0x0100759c                OSIF_SemaWait
 .text.OSIF_SemaPost
                0x010076f0       0x54 ./SDK/rtos/osif/osif_baremetal.o
                0x010076f0                OSIF_SemaPost
 .text.OSIF_SemaCreate
                0x01007744       0x42 ./SDK/rtos/osif/osif_baremetal.o
                0x01007744                OSIF_SemaCreate
 *fill*         0x01007786        0x2 
 .text.delay    0x01007788       0x1a ./Sources/main.o
                0x01007788                delay
 *fill*         0x010077a2        0x2 
 .text.rxCallback
                0x010077a4       0x50 ./Sources/main.o
                0x010077a4                rxCallback
 .text.main     0x010077f4       0xf6 ./Sources/main.o
                0x010077f4                main
 *(.init)
 *fill*         0x010078ea        0x2 
 .init          0x010078ec        0xc c:/nxp/s32ds_power_v2.1/s32ds/build_tools/powerpc-eabivle-4_9/bin/../lib/gcc/powerpc-eabivle/4.9.4/e200z4/fp/ecrti.o
                0x010078ec                __init
 .init          0x010078f8        0x4 c:/nxp/s32ds_power_v2.1/s32ds/build_tools/powerpc-eabivle-4_9/bin/../lib/gcc/powerpc-eabivle/4.9.4/e200z4/fp/crtbegin.o
 .init          0x010078fc        0x4 c:/nxp/s32ds_power_v2.1/s32ds/build_tools/powerpc-eabivle-4_9/bin/../lib/gcc/powerpc-eabivle/4.9.4/e200z4/fp/crtend.o
 .init          0x01007900        0xa c:/nxp/s32ds_power_v2.1/s32ds/build_tools/powerpc-eabivle-4_9/bin/../lib/gcc/powerpc-eabivle/4.9.4/e200z4/fp/ecrtn.o
 *(.fini)
 *fill*         0x0100790a        0x2 
 .fini          0x0100790c        0xc c:/nxp/s32ds_power_v2.1/s32ds/build_tools/powerpc-eabivle-4_9/bin/../lib/gcc/powerpc-eabivle/4.9.4/e200z4/fp/ecrti.o
                0x0100790c                __fini
 .fini          0x01007918        0x4 c:/nxp/s32ds_power_v2.1/s32ds/build_tools/powerpc-eabivle-4_9/bin/../lib/gcc/powerpc-eabivle/4.9.4/e200z4/fp/crtbegin.o
 .fini          0x0100791c        0xa c:/nxp/s32ds_power_v2.1/s32ds/build_tools/powerpc-eabivle-4_9/bin/../lib/gcc/powerpc-eabivle/4.9.4/e200z4/fp/ecrtn.o
                0x01007930                . = ALIGN (0x10)
 *fill*         0x01007926        0xa 

.glink          0x01007930        0x0
 .glink         0x01007930        0x0 c:/nxp/s32ds_power_v2.1/s32ds/build_tools/powerpc-eabivle-4_9/bin/../lib/gcc/powerpc-eabivle/4.9.4/e200z4/fp/crtbegin.o

.sdata2         0x01007930       0x18
                0x01007930                . = ALIGN (0x4)
                0x01007930                __sdata2_start__ = .
 *(.sdata2)
 .sdata2        0x01007930        0x0 c:/nxp/s32ds_power_v2.1/s32ds/build_tools/powerpc-eabivle-4_9/bin/../lib/gcc/powerpc-eabivle/4.9.4/e200z4/fp/ecrti.o
                0x01007930                __SDATA2_START__
 .sdata2        0x01007930        0x0 c:/nxp/s32ds_power_v2.1/s32ds/build_tools/powerpc-eabivle-4_9/bin/../lib/gcc/powerpc-eabivle/4.9.4/e200z4/fp/crtbegin.o
                0x0100f930                _SDA2_BASE_
 *(.sdata2.*)
 .sdata2.uart_pal1_instance
                0x01007930        0x8 ./Generated_Code/uart_pal1.o
                0x01007930                uart_pal1_instance
 .sdata2.s_vectors
                0x01007938        0x8 ./SDK/platform/devices/startup.o
 .sdata2.PCS_Mapping
                0x01007940        0x8 ./SDK/platform/drivers/src/dspi/dspi_driver.o
                0x01007948                . = ALIGN (0x4)
                0x01007948                __sdata2_end__ = .

.got2           0x01007948       0x1c
 *(.got2*)
 .got2          0x01007948       0x1c c:/nxp/s32ds_power_v2.1/s32ds/build_tools/powerpc-eabivle-4_9/bin/../lib/gcc/powerpc-eabivle/4.9.4/e200z4/fp\libgcc.a(eabivle.o)

.preinit_array  0x01007964        0x0
                [!provide]                PROVIDE (__preinit_array_start, .)
 *(.preinit_array)
                [!provide]                PROVIDE (__preinit_array_end, .)

.init_array     0x01007964        0x0
                [!provide]                PROVIDE (__init_array_start, .)
 *(SORT(.init_array.*))
 *(.init_array)
                [!provide]                PROVIDE (__init_array_end, .)

.dtors          0x01007964        0x8
 *crtbegin.o(.dtors)
 .dtors         0x01007964        0x4 c:/nxp/s32ds_power_v2.1/s32ds/build_tools/powerpc-eabivle-4_9/bin/../lib/gcc/powerpc-eabivle/4.9.4/e200z4/fp/crtbegin.o
 *crtbegin?.o(.dtors)
 *(EXCLUDE_FILE(*crtend?.o *crtend.o) .dtors)
 .dtors         0x01007968        0x0 c:/nxp/s32ds_power_v2.1/s32ds/build_tools/powerpc-eabivle-4_9/bin/../lib/gcc/powerpc-eabivle/4.9.4/e200z4/fp/ecrti.o
                0x01007968                __DTOR_LIST__
 .dtors         0x01007968        0x0 c:/nxp/s32ds_power_v2.1/s32ds/build_tools/powerpc-eabivle-4_9/bin/../lib/gcc/powerpc-eabivle/4.9.4/e200z4/fp/ecrtn.o
 *(SORT(.dtors.*))
 *(.dtors)
 .dtors         0x01007968        0x4 c:/nxp/s32ds_power_v2.1/s32ds/build_tools/powerpc-eabivle-4_9/bin/../lib/gcc/powerpc-eabivle/4.9.4/e200z4/fp/crtend.o
                0x01007968                __DTOR_END__

.ctors          0x0100796c        0x8
 *crtbegin.o(.ctors)
 .ctors         0x0100796c        0x4 c:/nxp/s32ds_power_v2.1/s32ds/build_tools/powerpc-eabivle-4_9/bin/../lib/gcc/powerpc-eabivle/4.9.4/e200z4/fp/crtbegin.o
 *crtbegin?.o(.ctors)
 *(EXCLUDE_FILE(*crtend?.o *crtend.o) .ctors)
 .ctors         0x01007970        0x0 c:/nxp/s32ds_power_v2.1/s32ds/build_tools/powerpc-eabivle-4_9/bin/../lib/gcc/powerpc-eabivle/4.9.4/e200z4/fp/ecrti.o
                0x01007970                __CTOR_LIST__
 .ctors         0x01007970        0x0 c:/nxp/s32ds_power_v2.1/s32ds/build_tools/powerpc-eabivle-4_9/bin/../lib/gcc/powerpc-eabivle/4.9.4/e200z4/fp/ecrtn.o
                0x01007970                __CTOR_END__
 *(SORT(.ctors.*))
 *(.ctors)
 .ctors         0x01007970        0x4 c:/nxp/s32ds_power_v2.1/s32ds/build_tools/powerpc-eabivle-4_9/bin/../lib/gcc/powerpc-eabivle/4.9.4/e200z4/fp/crtend.o

.fini_array     0x01007974        0x0
                [!provide]                PROVIDE (__fini_array_start, .)
 *(SORT(.fini_array.*))
 *(.fini_array)
                [!provide]                PROVIDE (__fini_array_end, .)

.rodata         0x01007974      0xa7c
 *(.rodata)
 *(.rodata.*)
 .rodata.MasterConfig0
                0x01007974       0x30 ./Generated_Code/spi.o
                0x01007974                MasterConfig0
 .rodata.uart_pal1_Config0
                0x010079a4       0x2c ./Generated_Code/uart_pal1.o
                0x010079a4                uart_pal1_Config0
 .rodata.CLOCK_DRV_GetFreq
                0x010079d0       0x6c ./SDK/platform/drivers/src/clock/MPC57xx/clock_MPC57xx.o
 .rodata.CLOCK_DRV_Init
                0x01007a3c      0x100 ./SDK/platform/drivers/src/clock/MPC57xx/clock_MPC57xx.o
 .rodata.interfaceClocks
                0x01007b3c      0x1ec ./SDK/platform/drivers/src/clock/MPC57xx/clock_MPC57xx.o
 .rodata.monitoredClocks
                0x01007d28      0x1ec ./SDK/platform/drivers/src/clock/MPC57xx/clock_MPC57xx.o
 .rodata.clockNameMappings
                0x01007f14       0xf6 ./SDK/platform/drivers/src/clock/MPC57xx/clock_MPC57xx.o
                0x01007f14                clockNameMappings
 *fill*         0x0100800a        0x2 
 .rodata.dspiRecieveInterruptVector
                0x0100800c       0x20 ./SDK/platform/drivers/src/dspi/dspi_driver.o
 .rodata.baudRateScaler.6034
                0x0100802c       0x40 ./SDK/platform/drivers/src/dspi/dspi_driver.o
 .rodata.clock_Mapping.6033
                0x0100806c       0x20 ./SDK/platform/drivers/src/dspi/dspi_driver.o
 .rodata.DSPI_Instances
                0x0100808c       0x20 ./SDK/platform/drivers/src/dspi/dspi_driver.o
 .rodata.dspiSendInterruptVector
                0x010080ac       0x20 ./SDK/platform/drivers/src/dspi/dspi_driver.o
 .rodata.dspiFaultInterruptVector
                0x010080cc       0x20 ./SDK/platform/drivers/src/dspi/dspi_driver.o
 .rodata.prescalerValues
                0x010080ec       0x10 ./SDK/platform/drivers/src/dspi/dspi_driver.o
 .rodata.EDMA_DRV_ConfigSingleBlockTransfer
                0x010080fc       0x10 ./SDK/platform/drivers/src/edma/edma_driver.o
 .rodata.s_LINFlexDInstHasDma
                0x0100810c       0x10 ./SDK/platform/drivers/src/linflexd/linflexd_uart_driver.o
 .rodata.s_uartLINFlexDRxIntVec
                0x0100811c       0x40 ./SDK/platform/drivers/src/linflexd/linflexd_uart_driver.o
 .rodata.s_uartLINFlexDErrIntVec
                0x0100815c       0x40 ./SDK/platform/drivers/src/linflexd/linflexd_uart_driver.o
 .rodata.s_uartLINFlexDTxIntVec
                0x0100819c       0x40 ./SDK/platform/drivers/src/linflexd/linflexd_uart_driver.o
 .rodata.s_uartLINFlexDClkNames
                0x010081dc       0x40 ./SDK/platform/drivers/src/linflexd/linflexd_uart_driver.o
 .rodata.s_LINFlexDBase
                0x0100821c       0x40 ./SDK/platform/drivers/src/linflexd/linflexd_uart_driver.o
 .rodata.s_LINFlexDInstHasFilters
                0x0100825c       0x10 ./SDK/platform/drivers/src/linflexd/linflexd_uart_driver.o
 .rodata.g_uartLINFlexDTxIsr
                0x0100826c       0x40 ./SDK/platform/drivers/src/linflexd/linflexd_uart_irq.o
                0x0100826c                g_uartLINFlexDTxIsr
 .rodata.g_uartLINFlexDErrIsr
                0x010082ac       0x40 ./SDK/platform/drivers/src/linflexd/linflexd_uart_irq.o
                0x010082ac                g_uartLINFlexDErrIsr
 .rodata.g_uartLINFlexDRxIsr
                0x010082ec       0x40 ./SDK/platform/drivers/src/linflexd/linflexd_uart_irq.o
                0x010082ec                g_uartLINFlexDRxIsr
 .rodata.UART_Init
                0x0100832c       0x18 ./SDK/platform/pal/src/uart/uart_pal.o
 .rodata.pitIrqId.4942
                0x01008344       0x44 ./SDK/rtos/osif/osif_baremetal.o
 .rodata.str1.4
                0x01008388       0x68 ./Sources/main.o
                                 0x65 (size before relaxing)

.sbss2          0x010083f0        0x0
 .sbss2         0x010083f0        0x0 c:/nxp/s32ds_power_v2.1/s32ds/build_tools/powerpc-eabivle-4_9/bin/../lib/gcc/powerpc-eabivle/4.9.4/e200z4/fp/ecrtn.o

.eh_frame_hdr
 *(.eh_frame_hdr)

.eh_frame       0x010083f0        0x8
 *(.eh_frame)
 .eh_frame      0x010083f0        0x0 c:/nxp/s32ds_power_v2.1/s32ds/build_tools/powerpc-eabivle-4_9/bin/../lib/gcc/powerpc-eabivle/4.9.4/e200z4/fp/ecrti.o
                0x010083f0                __EH_FRAME_BEGIN__
 .eh_frame      0x010083f0        0x0 c:/nxp/s32ds_power_v2.1/s32ds/build_tools/powerpc-eabivle-4_9/bin/../lib/gcc/powerpc-eabivle/4.9.4/e200z4/fp/crtbegin.o
 .eh_frame      0x010083f0        0x0 c:/nxp/s32ds_power_v2.1/s32ds/build_tools/powerpc-eabivle-4_9/bin/../lib/gcc/powerpc-eabivle/4.9.4/e200z4/fp/crtbegin.o
 .eh_frame      0x010083f0        0x4 c:/nxp/s32ds_power_v2.1/s32ds/build_tools/powerpc-eabivle-4_9/bin/../lib/gcc/powerpc-eabivle/4.9.4/e200z4/fp/crtend.o
 .eh_frame      0x010083f4        0x4 c:/nxp/s32ds_power_v2.1/s32ds/build_tools/powerpc-eabivle-4_9/bin/../lib/gcc/powerpc-eabivle/4.9.4/e200z4/fp/ecrtn.o
                0x010083f4                __EH_FRAME_END__

.init_table     0x010083f8       0x40
                0x010083f8                . = ALIGN (0x4)
                0x010083f8                __COPY_TABLE = .
 *(.init_table)
 .init_table    0x010083f8       0x40 ./Project_Settings/Startup_Code/startup_MPC5746C.o

.zero_table     0x01008438       0x14
                0x01008438                . = ALIGN (0x4)
                0x01008438                __ZERO_TABLE = .
 *(.zero_table)
 .zero_table    0x01008438       0x14 ./Project_Settings/Startup_Code/startup_MPC5746C.o

.RAppID_AppKey  0x0100844c        0x4
                0x0100844c                . = ALIGN (0x4)
                0x0100844c                __RAPPID_APP_KEY_ADDR = .
 *(.RAppID_AppKey)
 .RAppID_AppKey
                0x0100844c        0x4 ./Project_Settings/Startup_Code/startup_MPC5746C.o
                0x01008450                . = ALIGN (0x4)
                0x01008450                __TEXT_END = .

.rela.dyn       0x01008450        0x0
 .rela.iplt     0x01008450        0x0 c:/nxp/s32ds_power_v2.1/s32ds/build_tools/powerpc-eabivle-4_9/bin/../lib/gcc/powerpc-eabivle/4.9.4/e200z4/fp/crtbegin.o
 .rela.text     0x01008450        0x0 c:/nxp/s32ds_power_v2.1/s32ds/build_tools/powerpc-eabivle-4_9/bin/../lib/gcc/powerpc-eabivle/4.9.4/e200z4/fp/crtbegin.o
 .rela.rodata.uart_pal1_Config0
                0x01008450        0x0 c:/nxp/s32ds_power_v2.1/s32ds/build_tools/powerpc-eabivle-4_9/bin/../lib/gcc/powerpc-eabivle/4.9.4/e200z4/fp/crtbegin.o
 .rela.RAppID_AppKeyAddr
                0x01008450        0x0 c:/nxp/s32ds_power_v2.1/s32ds/build_tools/powerpc-eabivle-4_9/bin/../lib/gcc/powerpc-eabivle/4.9.4/e200z4/fp/crtbegin.o
 .rela.init_table
                0x01008450        0x0 c:/nxp/s32ds_power_v2.1/s32ds/build_tools/powerpc-eabivle-4_9/bin/../lib/gcc/powerpc-eabivle/4.9.4/e200z4/fp/crtbegin.o
 .rela.zero_table
                0x01008450        0x0 c:/nxp/s32ds_power_v2.1/s32ds/build_tools/powerpc-eabivle-4_9/bin/../lib/gcc/powerpc-eabivle/4.9.4/e200z4/fp/crtbegin.o
 .rela.cpu0_reset_vector
                0x01008450        0x0 c:/nxp/s32ds_power_v2.1/s32ds/build_tools/powerpc-eabivle-4_9/bin/../lib/gcc/powerpc-eabivle/4.9.4/e200z4/fp/crtbegin.o
 .rela.intc_vector_table
                0x01008450        0x0 c:/nxp/s32ds_power_v2.1/s32ds/build_tools/powerpc-eabivle-4_9/bin/../lib/gcc/powerpc-eabivle/4.9.4/e200z4/fp/crtbegin.o
 .rela.text.init_data_bss
                0x01008450        0x0 c:/nxp/s32ds_power_v2.1/s32ds/build_tools/powerpc-eabivle-4_9/bin/../lib/gcc/powerpc-eabivle/4.9.4/e200z4/fp/crtbegin.o
 .rela.text.INT_SYS_InstallHandler
                0x01008450        0x0 c:/nxp/s32ds_power_v2.1/s32ds/build_tools/powerpc-eabivle-4_9/bin/../lib/gcc/powerpc-eabivle/4.9.4/e200z4/fp/crtbegin.o
 .rela.text.LINFLEXD_UART_DRV_Init
                0x01008450        0x0 c:/nxp/s32ds_power_v2.1/s32ds/build_tools/powerpc-eabivle-4_9/bin/../lib/gcc/powerpc-eabivle/4.9.4/e200z4/fp/crtbegin.o
 .rela.text.LINFLEXD_UART_DRV_Deinit
                0x01008450        0x0 c:/nxp/s32ds_power_v2.1/s32ds/build_tools/powerpc-eabivle-4_9/bin/../lib/gcc/powerpc-eabivle/4.9.4/e200z4/fp/crtbegin.o
 .rela.got2     0x01008450        0x0 c:/nxp/s32ds_power_v2.1/s32ds/build_tools/powerpc-eabivle-4_9/bin/../lib/gcc/powerpc-eabivle/4.9.4/e200z4/fp/crtbegin.o

.interrupts_ram
                0x40000000      0xc00
                0x40000000                __VECTOR_RAM = .
 *(.m_interrupts_ram)
                0x40000c00                . = (. + __RAM_VECTOR_TABLE_SIZE)
 *fill*         0x40000000      0xc00 
                0x01008450                __CUSTOM_ROM = __TEXT_END

.customSectionBlock
                0x40000c00        0x0 load address 0x01008450
                0x40000c00                . = ALIGN (0x4)
                0x40000c00                __CUSTOM_RAM = .
                0x40000c00                __customSectionStart = .
                0x40000c00                __customSection_start__ = .
 *(.customSection)
                0x40000c00                . = ALIGN (0x4)
                0x40000c00                __customSection_end__ = .
                0x40000c00                __customSectionEnd = .
                0x01008450                __CUSTOM_END = (__CUSTOM_ROM + (__customSection_end__ - __customSection_start__))
                0x01008450                __DATA_ROM = __CUSTOM_END

.data           0x40000c00     0x152c load address 0x01008450
                0x40000c00                . = ALIGN (0x4)
                0x40000c00                __DATA_RAM = .
                0x40000c00                __data_start__ = .
 *(.data)
 .data          0x40000c00        0x4 c:/nxp/s32ds_power_v2.1/s32ds/build_tools/powerpc-eabivle-4_9/bin/../lib/gcc/powerpc-eabivle/4.9.4/e200z4/fp\libgcc.a(eabivle.o)
 *(.data.*)
 .data.peripheralClockMcMeConfig0
                0x40000c04      0x2dc ./Generated_Code/clockMan1.o
                0x40000c04                peripheralClockMcMeConfig0
 .data.clockMan1_InitConfig0
                0x40000ee0      0x248 ./Generated_Code/clockMan1.o
                0x40000ee0                clockMan1_InitConfig0
 .data.g_pin_mux_InitConfigArr
                0x40001128     0x1004 ./Generated_Code/pin_mux.o
                0x40001128                g_pin_mux_InitConfigArr
                0x4000212c                . = ALIGN (0x4)
                0x4000212c                __data_end__ = .
                0x0100997c                __DATA_END = (__DATA_ROM + (__data_end__ - __data_start__))
                0x0100997c                __SDATA_ROM = __DATA_END

.jcr            0x4000212c        0x0 load address 0x0100997c
 .jcr           0x4000212c        0x0 c:/nxp/s32ds_power_v2.1/s32ds/build_tools/powerpc-eabivle-4_9/bin/../lib/gcc/powerpc-eabivle/4.9.4/e200z4/fp/crtbegin.o

.tm_clone_table
                0x4000212c        0x0 load address 0x0100997c
 .tm_clone_table
                0x4000212c        0x0 c:/nxp/s32ds_power_v2.1/s32ds/build_tools/powerpc-eabivle-4_9/bin/../lib/gcc/powerpc-eabivle/4.9.4/e200z4/fp/crtbegin.o
 .tm_clone_table
                0x4000212c        0x0 c:/nxp/s32ds_power_v2.1/s32ds/build_tools/powerpc-eabivle-4_9/bin/../lib/gcc/powerpc-eabivle/4.9.4/e200z4/fp/crtend.o

.sdata          0x4000212c       0x18 load address 0x0100997c
                0x4000212c                . = ALIGN (0x4)
                0x4000212c                __SDATA_RAM = .
                0x4000212c                __sdata_start__ = .
 *(.sdata)
 .sdata         0x4000212c        0x0 c:/nxp/s32ds_power_v2.1/s32ds/build_tools/powerpc-eabivle-4_9/bin/../lib/gcc/powerpc-eabivle/4.9.4/e200z4/fp/ecrti.o
                0x4000212c                __SDATA_START__
 .sdata         0x4000212c        0x0 c:/nxp/s32ds_power_v2.1/s32ds/build_tools/powerpc-eabivle-4_9/bin/../lib/gcc/powerpc-eabivle/4.9.4/e200z4/fp/crtbegin.o
                0x4000a12c                _SDA_BASE_
 *(.sdata.*)
 .sdata.g_clockManConfigsArr
                0x4000212c        0x4 ./Generated_Code/clockMan1.o
                0x4000212c                g_clockManConfigsArr
 .sdata.spiInstance
                0x40002130        0x8 ./Generated_Code/spi.o
                0x40002130                spiInstance
 .sdata.g_xtal0ClkFreq
                0x40002138        0x4 ./SDK/platform/drivers/src/clock/MPC57xx/clock_MPC57xx.o
                0x40002138                g_xtal0ClkFreq
 .sdata.g_xtal1ClkFreq
                0x4000213c        0x4 ./SDK/platform/drivers/src/clock/MPC57xx/clock_MPC57xx.o
                0x4000213c                g_xtal1ClkFreq
 .sdata.first_init.4934
                0x40002140        0x1 ./SDK/rtos/osif/osif_baremetal.o
                0x40002144                . = ALIGN (0x4)
 *fill*         0x40002141        0x3 
                0x40002144                __sdata_end__ = .
                0x01009994                __SDATA_END = (__SDATA_ROM + (__sdata_end__ - __sdata_start__))

.sbss           0x40002144       0x68 load address 0x01009994
                0x40002144                . = ALIGN (0x4)
                0x40002144                __SBSS_START = .
                0x40002144                __sbss_start__ = .
 *(.sbss)
 .sbss          0x40002144        0x0 c:/nxp/s32ds_power_v2.1/s32ds/build_tools/powerpc-eabivle-4_9/bin/../lib/gcc/powerpc-eabivle/4.9.4/e200z4/fp/ecrti.o
                0x40002144                __SBSS_START__
 .sbss          0x40002144        0x0 c:/nxp/s32ds_power_v2.1/s32ds/build_tools/powerpc-eabivle-4_9/bin/../lib/gcc/powerpc-eabivle/4.9.4/e200z4/fp/ecrtn.o
                0x40002144                __SBSS_END__
 *(.sbss.*)
 .sbss.g_clockManCallbacksArr
                0x40002144        0x4 ./Generated_Code/clockMan1.o
                0x40002144                g_clockManCallbacksArr
 .sbss.g_pllPhi1ClkFreq
                0x40002148        0x4 ./SDK/platform/drivers/src/clock/MPC57xx/clock_MPC57xx.o
 .sbss.g_enetRmiiClkFreq
                0x4000214c        0x4 ./SDK/platform/drivers/src/clock/MPC57xx/clock_MPC57xx.o
 .sbss.g_fircClkUndividedFreq
                0x40002150        0x4 ./SDK/platform/drivers/src/clock/MPC57xx/clock_MPC57xx.o
 .sbss.g_sircClkUndividedFreq
                0x40002154        0x4 ./SDK/platform/drivers/src/clock/MPC57xx/clock_MPC57xx.o
 .sbss.g_fircClkFreq
                0x40002158        0x4 ./SDK/platform/drivers/src/clock/MPC57xx/clock_MPC57xx.o
 .sbss.g_sxoscClkFreq
                0x4000215c        0x4 ./SDK/platform/drivers/src/clock/MPC57xx/clock_MPC57xx.o
 .sbss.g_pllPhi0ClkFreq
                0x40002160        0x4 ./SDK/platform/drivers/src/clock/MPC57xx/clock_MPC57xx.o
 .sbss.g_sircClkFreq
                0x40002164        0x4 ./SDK/platform/drivers/src/clock/MPC57xx/clock_MPC57xx.o
 .sbss.g_sxoscClkUndividedFreq
                0x40002168        0x4 ./SDK/platform/drivers/src/clock/MPC57xx/clock_MPC57xx.o
 .sbss.clockSourceFrequenciesAreCalculatedAndCached.5895
                0x4000216c        0x1 ./SDK/platform/drivers/src/clock/MPC57xx/clock_MPC57xx.o
 *fill*         0x4000216d        0x3 
 .sbss.g_fxoscClkUndividedFreq
                0x40002170        0x4 ./SDK/platform/drivers/src/clock/MPC57xx/clock_MPC57xx.o
 .sbss.g_fxoscClkFreq
                0x40002174        0x4 ./SDK/platform/drivers/src/clock/MPC57xx/clock_MPC57xx.o
 .sbss.s_virtEdmaState
                0x40002178        0x4 ./SDK/platform/drivers/src/edma/edma_driver.o
 .sbss.g_interruptDisableCount
                0x4000217c        0x4 ./SDK/platform/drivers/src/interrupt/interrupt_manager_MPC57xx.o
 .sbss.DspiStateInstanceMapping
                0x40002180        0x4 ./SDK/platform/pal/src/spi/spi_pal.o
 .sbss.DspiStateIsAllocated
                0x40002184        0x1 ./SDK/platform/pal/src/spi/spi_pal.o
 *fill*         0x40002185        0x3 
 .sbss.s_linFlexDStateInstanceMapping
                0x40002188        0x1 ./SDK/platform/pal/src/uart/uart_pal.o
 *fill*         0x40002189        0x3 
 .sbss.s_linFlexDStateIsAllocated
                0x4000218c        0x1 ./SDK/platform/pal/src/uart/uart_pal.o
 *fill*         0x4000218d        0x3 
 .sbss.s_osif_tick_cnt
                0x40002190        0x4 ./SDK/rtos/osif/osif_baremetal.o
 .sbss.exit_code
                0x40002194        0x4 ./Sources/main.o
                0x40002194                exit_code
 .sbss.bufferIdx
                0x40002198        0x1 ./Sources/main.o
                0x40002198                bufferIdx
 *fill*         0x40002199        0x3 
 .sbss.masterTxBuffer
                0x4000219c        0x8 ./Sources/main.o
                0x4000219c                masterTxBuffer
 .sbss.rxbuff   0x400021a4        0x8 ./Sources/main.o
                0x400021a4                rxbuff
                0x400021ac                . = ALIGN (0x4)
                0x400021ac                __sbss_end__ = .
                0x400021ac                __SBSS_END = .

.bss            0x400021ac      0x118 load address 0x010099fc
                0x400021ac                . = ALIGN (0x4)
                0x400021ac                __BSS_START = .
                0x400021ac                __bss_start__ = .
 *(.bss)
 .bss           0x400021ac       0x20 c:/nxp/s32ds_power_v2.1/s32ds/build_tools/powerpc-eabivle-4_9/bin/../lib/gcc/powerpc-eabivle/4.9.4/e200z4/fp/crtbegin.o
 *(.bss.*)
 .bss.g_clockState
                0x400021cc       0x10 ./SDK/platform/drivers/src/clock/MPC57xx/clock_MPC57xx.o
 .bss.DSPI_state
                0x400021dc       0x20 ./SDK/platform/drivers/src/dspi/dspi_driver.o
 .bss.s_uartLINFlexDStatePtr
                0x400021fc       0x40 ./SDK/platform/drivers/src/linflexd/linflexd_uart_driver.o
 .bss.dspiState
                0x4000223c       0x38 ./SDK/platform/pal/src/spi/spi_pal.o
 .bss.s_linFlexDState
                0x40002274       0x44 ./SDK/platform/pal/src/uart/uart_pal.o
 .bss.buffer    0x400022b8        0xa ./Sources/main.o
                0x400022b8                buffer
 *(COMMON)
                0x400022c4                . = ALIGN (0x4)
 *fill*         0x400022c2        0x2 
                0x400022c4                __bss_end__ = .
                0x400022c4                __BSS_END = .
                0x01009994                __CODE_ROM = __SDATA_END

.iplt           0x400022d0        0x0 load address 0x01009b20
 .iplt          0x400022d0        0x0 c:/nxp/s32ds_power_v2.1/s32ds/build_tools/powerpc-eabivle-4_9/bin/../lib/gcc/powerpc-eabivle/4.9.4/e200z4/fp/crtbegin.o

.code           0x400022c4        0x0 load address 0x01009994
                0x400022c4                . = ALIGN (0x4)
                0x400022c4                __CODE_RAM = .
                0x400022c4                __code_start__ = .
                0x400022c4                __code_ram_start__ = .
 *(.code_ram)
                0x400022c4                . = ALIGN (0x4)
                0x400022c4                __code_ram_end__ = .
                0x400022c4                __code_end__ = .
                0x01009994                __CODE_END = (__CODE_ROM + (__code_end__ - __code_start__))

.stack          0x400022d0     0x1000 load address 0x01009b20
                0x400022d0                __HEAP = .
                [!provide]                PROVIDE (_end, .)
                [!provide]                PROVIDE (end, .)
                0x400022d0                . = (. + __HEAP_SIZE)
                0x400022d0                __HEAP_END = .
                0x400022d0                _stack_end = .
                0x400032d0                . = (. + __STACK_SIZE)
 *fill*         0x400022d0     0x1000 
                0x400032d0                . = ALIGN (0x4)
                0x400032d0                _stack_addr = .
                0x400032d0                __SP_INIT = .
                0x00030000                __SRAM_SIZE = SRAM_SIZE
                0x40000000                __SRAM_BASE_ADDR = SRAM_BASE_ADDR
                0x00000118                __BSS_SIZE = (__BSS_END - __BSS_START)
OUTPUT(spi_pal_mpc5746c.elf elf32-powerpc)

.comment        0x00000000       0x9c
 .comment       0x00000000        0xd c:/nxp/s32ds_power_v2.1/s32ds/build_tools/powerpc-eabivle-4_9/bin/../lib/gcc/powerpc-eabivle/4.9.4/e200z4/fp/ecrti.o
                                  0xe (size before relaxing)
 .comment       0x0000000d       0x82 c:/nxp/s32ds_power_v2.1/s32ds/build_tools/powerpc-eabivle-4_9/bin/../lib/gcc/powerpc-eabivle/4.9.4/e200z4/fp/crtbegin.o
                                 0x83 (size before relaxing)
 .comment       0x0000008f       0x83 ./Generated_Code/clockMan1.o
 .comment       0x0000008f       0x83 ./Generated_Code/pin_mux.o
 .comment       0x0000008f       0x83 ./Generated_Code/spi.o
 .comment       0x0000008f       0x83 ./Generated_Code/uart_pal1.o
 .comment       0x0000008f       0x83 ./SDK/platform/devices/MPC5746C/startup/system_MPC5746C.o
 .comment       0x0000008f       0x83 ./SDK/platform/devices/startup.o
 .comment       0x0000008f       0x83 ./SDK/platform/drivers/src/clock/MPC57xx/clock_MPC57xx.o
 .comment       0x0000008f       0x83 ./SDK/platform/drivers/src/dspi/dspi_driver.o
 .comment       0x0000008f       0x83 ./SDK/platform/drivers/src/edma/edma_driver.o
 .comment       0x0000008f       0x83 ./SDK/platform/drivers/src/edma/edma_hw_access.o
 .comment       0x0000008f       0x83 ./SDK/platform/drivers/src/edma/edma_irq.o
 .comment       0x0000008f       0x83 ./SDK/platform/drivers/src/interrupt/interrupt_manager_MPC57xx.o
 .comment       0x0000008f       0x83 ./SDK/platform/drivers/src/linflexd/linflexd_uart_driver.o
 .comment       0x0000008f       0x83 ./SDK/platform/drivers/src/linflexd/linflexd_uart_irq.o
 .comment       0x0000008f       0x83 ./SDK/platform/drivers/src/pins/siul2/pins_siul2_driver.o
 .comment       0x0000008f       0x83 ./SDK/platform/drivers/src/pins/siul2/siul2_hw_access.o
 .comment       0x0000008f       0x83 ./SDK/platform/pal/src/spi/spi_pal.o
 .comment       0x0000008f       0x83 ./SDK/platform/pal/src/uart/uart_pal.o
 .comment       0x0000008f       0x83 ./SDK/rtos/osif/osif_baremetal.o
 .comment       0x0000008f       0x83 ./Sources/main.o
 .comment       0x0000008f       0x83 c:/nxp/s32ds_power_v2.1/s32ds/build_tools/powerpc-eabivle-4_9/bin/../lib/gcc/powerpc-eabivle/4.9.4/e200z4/fp/crtend.o
 .comment       0x0000008f        0xd c:/nxp/s32ds_power_v2.1/s32ds/build_tools/powerpc-eabivle-4_9/bin/../lib/gcc/powerpc-eabivle/4.9.4/e200z4/fp/ecrtn.o
                                  0xe (size before relaxing)

.PPC.EMB.apuinfo
                0x00000000       0x20
 .PPC.EMB.apuinfo
                0x00000000       0x18 c:/nxp/s32ds_power_v2.1/s32ds/build_tools/powerpc-eabivle-4_9/bin/../lib/gcc/powerpc-eabivle/4.9.4/e200z4/fp/ecrti.o
 .PPC.EMB.apuinfo
                0x00000018       0x18 c:/nxp/s32ds_power_v2.1/s32ds/build_tools/powerpc-eabivle-4_9/bin/../lib/gcc/powerpc-eabivle/4.9.4/e200z4/fp/crtbegin.o
 .PPC.EMB.apuinfo
                0x00000030       0x1c ./Project_Settings/Startup_Code/core0_intc_sw_handlers.o
 .PPC.EMB.apuinfo
                0x0000004c       0x18 ./Project_Settings/Startup_Code/interrupt_vectors.o
 .PPC.EMB.apuinfo
                0x00000064       0x18 ./Project_Settings/Startup_Code/startup_MPC5746C.o
 .PPC.EMB.apuinfo
                0x0000007c       0x18 ./SDK/platform/devices/MPC5746C/startup/system_MPC5746C.o
 .PPC.EMB.apuinfo
                0x00000094       0x18 ./SDK/platform/devices/startup.o
 .PPC.EMB.apuinfo
                0x000000ac       0x18 ./SDK/platform/drivers/src/clock/MPC57xx/clock_MPC57xx.o
 .PPC.EMB.apuinfo
                0x000000c4       0x18 ./SDK/platform/drivers/src/dspi/dspi_driver.o
 .PPC.EMB.apuinfo
                0x000000dc       0x18 ./SDK/platform/drivers/src/edma/edma_driver.o
 .PPC.EMB.apuinfo
                0x000000f4       0x18 ./SDK/platform/drivers/src/edma/edma_hw_access.o
 .PPC.EMB.apuinfo
                0x0000010c       0x18 ./SDK/platform/drivers/src/edma/edma_irq.o
 .PPC.EMB.apuinfo
                0x00000124       0x18 ./SDK/platform/drivers/src/interrupt/interrupt_manager_MPC57xx.o
 .PPC.EMB.apuinfo
                0x0000013c       0x1c ./SDK/platform/drivers/src/linflexd/linflexd_uart_driver.o
 .PPC.EMB.apuinfo
                0x00000158       0x18 ./SDK/platform/drivers/src/linflexd/linflexd_uart_irq.o
 .PPC.EMB.apuinfo
                0x00000170       0x18 ./SDK/platform/drivers/src/pins/siul2/pins_siul2_driver.o
 .PPC.EMB.apuinfo
                0x00000188       0x18 ./SDK/platform/drivers/src/pins/siul2/siul2_hw_access.o
 .PPC.EMB.apuinfo
                0x000001a0       0x18 ./SDK/platform/pal/src/spi/spi_pal.o
 .PPC.EMB.apuinfo
                0x000001b8       0x18 ./SDK/platform/pal/src/uart/uart_pal.o
 .PPC.EMB.apuinfo
                0x000001d0       0x18 ./SDK/rtos/osif/osif_baremetal.o
 .PPC.EMB.apuinfo
                0x000001e8       0x18 ./Sources/main.o
 .PPC.EMB.apuinfo
                0x00000200       0x18 c:/nxp/s32ds_power_v2.1/s32ds/build_tools/powerpc-eabivle-4_9/bin/../lib/gcc/powerpc-eabivle/4.9.4/e200z4/fp\libgcc.a(eabivle.o)
 .PPC.EMB.apuinfo
                0x00000218       0x18 c:/nxp/s32ds_power_v2.1/s32ds/build_tools/powerpc-eabivle-4_9/bin/../lib/gcc/powerpc-eabivle/4.9.4/e200z4/fp/crtend.o
 .PPC.EMB.apuinfo
                0x00000230       0x18 c:/nxp/s32ds_power_v2.1/s32ds/build_tools/powerpc-eabivle-4_9/bin/../lib/gcc/powerpc-eabivle/4.9.4/e200z4/fp/ecrtn.o

.debug_info     0x00000000    0x28e4a
 .debug_info    0x00000000     0x26ce ./Generated_Code/clockMan1.o
 .debug_info    0x000026ce      0x7c1 ./Generated_Code/pin_mux.o
 .debug_info    0x00002e8f      0xdf0 ./Generated_Code/spi.o
 .debug_info    0x00003c7f      0xe07 ./Generated_Code/uart_pal1.o
 .debug_info    0x00004a86       0xec ./Project_Settings/Startup_Code/core0_intc_sw_handlers.o
 .debug_info    0x00004b72       0xe7 ./Project_Settings/Startup_Code/interrupt_vectors.o
 .debug_info    0x00004c59       0xe2 ./Project_Settings/Startup_Code/startup_MPC5746C.o
 .debug_info    0x00004d3b     0x1529 ./SDK/platform/devices/MPC5746C/startup/system_MPC5746C.o
 .debug_info    0x00006264      0x35c ./SDK/platform/devices/startup.o
 .debug_info    0x000065c0     0x6922 ./SDK/platform/drivers/src/clock/MPC57xx/clock_MPC57xx.o
 .debug_info    0x0000cee2     0x5462 ./SDK/platform/drivers/src/dspi/dspi_driver.o
 .debug_info    0x00012344     0x4aa6 ./SDK/platform/drivers/src/edma/edma_driver.o
 .debug_info    0x00016dea     0x1715 ./SDK/platform/drivers/src/edma/edma_hw_access.o
 .debug_info    0x000184ff      0x94b ./SDK/platform/drivers/src/edma/edma_irq.o
 .debug_info    0x00018e4a     0x1794 ./SDK/platform/drivers/src/interrupt/interrupt_manager_MPC57xx.o
 .debug_info    0x0001a5de     0x4440 ./SDK/platform/drivers/src/linflexd/linflexd_uart_driver.o
 .debug_info    0x0001ea1e      0x864 ./SDK/platform/drivers/src/linflexd/linflexd_uart_irq.o
 .debug_info    0x0001f282     0x16c8 ./SDK/platform/drivers/src/pins/siul2/pins_siul2_driver.o
 .debug_info    0x0002094a      0x9c3 ./SDK/platform/drivers/src/pins/siul2/siul2_hw_access.o
 .debug_info    0x0002130d     0x156b ./SDK/platform/pal/src/spi/spi_pal.o
 .debug_info    0x00022878     0x152f ./SDK/platform/pal/src/uart/uart_pal.o
 .debug_info    0x00023da7     0x1ad7 ./SDK/rtos/osif/osif_baremetal.o
 .debug_info    0x0002587e     0x35cc ./Sources/main.o

.debug_abbrev   0x00000000     0x2d16
 .debug_abbrev  0x00000000      0x126 ./Generated_Code/clockMan1.o
 .debug_abbrev  0x00000126      0x10c ./Generated_Code/pin_mux.o
 .debug_abbrev  0x00000232       0xa0 ./Generated_Code/spi.o
 .debug_abbrev  0x000002d2       0xa0 ./Generated_Code/uart_pal1.o
 .debug_abbrev  0x00000372       0x14 ./Project_Settings/Startup_Code/core0_intc_sw_handlers.o
 .debug_abbrev  0x00000386       0x14 ./Project_Settings/Startup_Code/interrupt_vectors.o
 .debug_abbrev  0x0000039a       0x12 ./Project_Settings/Startup_Code/startup_MPC5746C.o
 .debug_abbrev  0x000003ac      0x16d ./SDK/platform/devices/MPC5746C/startup/system_MPC5746C.o
 .debug_abbrev  0x00000519      0x131 ./SDK/platform/devices/startup.o
 .debug_abbrev  0x0000064a      0x3bf ./SDK/platform/drivers/src/clock/MPC57xx/clock_MPC57xx.o
 .debug_abbrev  0x00000a09      0x3f7 ./SDK/platform/drivers/src/dspi/dspi_driver.o
 .debug_abbrev  0x00000e00      0x3d1 ./SDK/platform/drivers/src/edma/edma_driver.o
 .debug_abbrev  0x000011d1      0x2c1 ./SDK/platform/drivers/src/edma/edma_hw_access.o
 .debug_abbrev  0x00001492      0x19f ./SDK/platform/drivers/src/edma/edma_irq.o
 .debug_abbrev  0x00001631      0x285 ./SDK/platform/drivers/src/interrupt/interrupt_manager_MPC57xx.o
 .debug_abbrev  0x000018b6      0x431 ./SDK/platform/drivers/src/linflexd/linflexd_uart_driver.o
 .debug_abbrev  0x00001ce7       0xfe ./SDK/platform/drivers/src/linflexd/linflexd_uart_irq.o
 .debug_abbrev  0x00001de5      0x312 ./SDK/platform/drivers/src/pins/siul2/pins_siul2_driver.o
 .debug_abbrev  0x000020f7      0x211 ./SDK/platform/drivers/src/pins/siul2/siul2_hw_access.o
 .debug_abbrev  0x00002308      0x280 ./SDK/platform/pal/src/spi/spi_pal.o
 .debug_abbrev  0x00002588      0x262 ./SDK/platform/pal/src/uart/uart_pal.o
 .debug_abbrev  0x000027ea      0x2f6 ./SDK/rtos/osif/osif_baremetal.o
 .debug_abbrev  0x00002ae0      0x236 ./Sources/main.o

.debug_aranges  0x00000000      0xc78
 .debug_aranges
                0x00000000       0x18 ./Generated_Code/clockMan1.o
 .debug_aranges
                0x00000018       0x18 ./Generated_Code/pin_mux.o
 .debug_aranges
                0x00000030       0x18 ./Generated_Code/spi.o
 .debug_aranges
                0x00000048       0x18 ./Generated_Code/uart_pal1.o
 .debug_aranges
                0x00000060       0x20 ./Project_Settings/Startup_Code/core0_intc_sw_handlers.o
 .debug_aranges
                0x00000080       0x20 ./Project_Settings/Startup_Code/interrupt_vectors.o
 .debug_aranges
                0x000000a0       0x28 ./Project_Settings/Startup_Code/startup_MPC5746C.o
 .debug_aranges
                0x000000c8       0x30 ./SDK/platform/devices/MPC5746C/startup/system_MPC5746C.o
 .debug_aranges
                0x000000f8       0x20 ./SDK/platform/devices/startup.o
 .debug_aranges
                0x00000118       0x78 ./SDK/platform/drivers/src/clock/MPC57xx/clock_MPC57xx.o
 .debug_aranges
                0x00000190      0x180 ./SDK/platform/drivers/src/dspi/dspi_driver.o
 .debug_aranges
                0x00000310      0x138 ./SDK/platform/drivers/src/edma/edma_driver.o
 .debug_aranges
                0x00000448      0x178 ./SDK/platform/drivers/src/edma/edma_hw_access.o
 .debug_aranges
                0x000005c0      0x120 ./SDK/platform/drivers/src/edma/edma_irq.o
 .debug_aranges
                0x000006e0       0x80 ./SDK/platform/drivers/src/interrupt/interrupt_manager_MPC57xx.o
 .debug_aranges