Archive member included to satisfy reference by file (symbol)

C:/NXP/S32DS_Power_v2.1/S32DS/build_tools/e200_ewl2/lib/e200z4/fp\libc99.a(strlen.o)
                              ./Sources/main.o (strlen)
c:/nxp/s32ds_power_v2.1/s32ds/build_tools/powerpc-eabivle-4_9/bin/../lib/gcc/powerpc-eabivle/4.9.4/e200z4/fp\libgcc.a(eabivle.o)
                              ./Sources/main.o (__eabi)

Discarded input sections

 .text          0x00000000        0x0 c:/nxp/s32ds_power_v2.1/s32ds/build_tools/powerpc-eabivle-4_9/bin/../lib/gcc/powerpc-eabivle/4.9.4/e200z4/fp/ecrti.o
 .data          0x00000000        0x0 c:/nxp/s32ds_power_v2.1/s32ds/build_tools/powerpc-eabivle-4_9/bin/../lib/gcc/powerpc-eabivle/4.9.4/e200z4/fp/ecrti.o
 .bss           0x00000000        0x0 c:/nxp/s32ds_power_v2.1/s32ds/build_tools/powerpc-eabivle-4_9/bin/../lib/gcc/powerpc-eabivle/4.9.4/e200z4/fp/ecrti.o
 .fixup         0x00000000        0x0 c:/nxp/s32ds_power_v2.1/s32ds/build_tools/powerpc-eabivle-4_9/bin/../lib/gcc/powerpc-eabivle/4.9.4/e200z4/fp/ecrti.o
 .sbss          0x00000000        0x0 c:/nxp/s32ds_power_v2.1/s32ds/build_tools/powerpc-eabivle-4_9/bin/../lib/gcc/powerpc-eabivle/4.9.4/e200z4/fp/ecrti.o
 .sbss2         0x00000000        0x0 c:/nxp/s32ds_power_v2.1/s32ds/build_tools/powerpc-eabivle-4_9/bin/../lib/gcc/powerpc-eabivle/4.9.4/e200z4/fp/ecrti.o
 .gcc_except_table
                0x00000000        0x0 c:/nxp/s32ds_power_v2.1/s32ds/build_tools/powerpc-eabivle-4_9/bin/../lib/gcc/powerpc-eabivle/4.9.4/e200z4/fp/ecrti.o
 .data          0x00000000        0x4 c:/nxp/s32ds_power_v2.1/s32ds/build_tools/powerpc-eabivle-4_9/bin/../lib/gcc/powerpc-eabivle/4.9.4/e200z4/fp/crtbegin.o
 .group         0x00000000        0x8 ./Generated_Code/Cpu.o
 .group         0x00000000        0x8 ./Generated_Code/Cpu.o
 .group         0x00000000        0x8 ./Generated_Code/Cpu.o
 .group         0x00000000        0x8 ./Generated_Code/Cpu.o
 .group         0x00000000        0x8 ./Generated_Code/Cpu.o
 .group         0x00000000        0x8 ./Generated_Code/Cpu.o
 .group         0x00000000        0x8 ./Generated_Code/Cpu.o
 .group         0x00000000        0x8 ./Generated_Code/Cpu.o
 .group         0x00000000        0x8 ./Generated_Code/Cpu.o
 .group         0x00000000        0x8 ./Generated_Code/Cpu.o
 .group         0x00000000        0x8 ./Generated_Code/Cpu.o
 .group         0x00000000        0x8 ./Generated_Code/Cpu.o
 .group         0x00000000        0x8 ./Generated_Code/Cpu.o
 .group         0x00000000        0x8 ./Generated_Code/Cpu.o
 .group         0x00000000        0x8 ./Generated_Code/Cpu.o
 .group         0x00000000        0x8 ./Generated_Code/Cpu.o
 .group         0x00000000        0x8 ./Generated_Code/Cpu.o
 .group         0x00000000        0x8 ./Generated_Code/Cpu.o
 .group         0x00000000        0x8 ./Generated_Code/Cpu.o
 .group         0x00000000        0x8 ./Generated_Code/Cpu.o
 .group         0x00000000        0x8 ./Generated_Code/Cpu.o
 .group         0x00000000        0x8 ./Generated_Code/Cpu.o
 .group         0x00000000        0x8 ./Generated_Code/Cpu.o
 .group         0x00000000        0x8 ./Generated_Code/Cpu.o
 .group         0x00000000        0x8 ./Generated_Code/Cpu.o
 .group         0x00000000        0x8 ./Generated_Code/Cpu.o
 .group         0x00000000        0x8 ./Generated_Code/Cpu.o
 .group         0x00000000        0x8 ./Generated_Code/Cpu.o
 .group         0x00000000        0x8 ./Generated_Code/Cpu.o
 .group         0x00000000        0x8 ./Generated_Code/Cpu.o
 .text          0x00000000        0x0 ./Generated_Code/Cpu.o
 .data          0x00000000        0x0 ./Generated_Code/Cpu.o
 .bss           0x00000000        0x0 ./Generated_Code/Cpu.o
 .debug_info    0x00000000       0x76 ./Generated_Code/Cpu.o
 .debug_abbrev  0x00000000       0x29 ./Generated_Code/Cpu.o
 .debug_aranges
                0x00000000       0x18 ./Generated_Code/Cpu.o
 .debug_macro   0x00000000      0x239 ./Generated_Code/Cpu.o
 .debug_macro   0x00000000      0x60a ./Generated_Code/Cpu.o
 .debug_macro   0x00000000       0x52 ./Generated_Code/Cpu.o
 .debug_macro   0x00000000       0xa0 ./Generated_Code/Cpu.o
 .debug_macro   0x00000000       0x16 ./Generated_Code/Cpu.o
 .debug_macro   0x00000000       0x11 ./Generated_Code/Cpu.o
 .debug_macro   0x00000000       0x75 ./Generated_Code/Cpu.o
 .debug_macro   0x00000000       0x16 ./Generated_Code/Cpu.o
 .debug_macro   0x00000000       0x5e ./Generated_Code/Cpu.o
 .debug_macro   0x00000000      0x1aa ./Generated_Code/Cpu.o
 .debug_macro   0x00000000      0x13a ./Generated_Code/Cpu.o
 .debug_macro   0x00000000       0x9d ./Generated_Code/Cpu.o
 .debug_macro   0x00000000       0x10 ./Generated_Code/Cpu.o
 .debug_macro   0x00000000      0x15b ./Generated_Code/Cpu.o
 .debug_macro   0x00000000       0x28 ./Generated_Code/Cpu.o
 .debug_macro   0x00000000       0x58 ./Generated_Code/Cpu.o
 .debug_macro   0x00000000    0x1fdc8 ./Generated_Code/Cpu.o
 .debug_macro   0x00000000     0x14d6 ./Generated_Code/Cpu.o
[...]
Memory Configuration

Name             Origin             Length             Attributes
SRAM             0x40000000         0x00030000
*default*        0x00000000         0xffffffff

Linker script and memory map

LOAD c:/nxp/s32ds_power_v2.1/s32ds/build_tools/powerpc-eabivle-4_9/bin/../lib/gcc/powerpc-eabivle/4.9.4/e200z4/fp/ecrti.o
LOAD c:/nxp/s32ds_power_v2.1/s32ds/build_tools/powerpc-eabivle-4_9/bin/../lib/gcc/powerpc-eabivle/4.9.4/e200z4/fp/crtbegin.o
LOAD ./Generated_Code/Cpu.o
LOAD ./Generated_Code/clockMan1.o
LOAD ./Generated_Code/dmaController1.o
LOAD ./Generated_Code/i2cmaster.o
LOAD ./Generated_Code/pin_mux.o
LOAD ./Generated_Code/uart_pal1.o
LOAD ./Project_Settings/Startup_Code/core0_intc_sw_handlers.o
LOAD ./Project_Settings/Startup_Code/interrupt_vectors.o
LOAD ./Project_Settings/Startup_Code/startup_MPC5746C.o
LOAD ./SDK/platform/devices/MPC5746C/startup/system_MPC5746C.o
LOAD ./SDK/platform/devices/startup.o
LOAD ./SDK/platform/drivers/src/clock/MPC57xx/clock_MPC57xx.o
LOAD ./SDK/platform/drivers/src/edma/edma_driver.o
LOAD ./SDK/platform/drivers/src/edma/edma_hw_access.o
LOAD ./SDK/platform/drivers/src/edma/edma_irq.o
LOAD ./SDK/platform/drivers/src/i2c/i2c_driver.o
LOAD ./SDK/platform/drivers/src/i2c/i2c_irq.o
LOAD ./SDK/platform/drivers/src/interrupt/interrupt_manager_MPC57xx.o
LOAD ./SDK/platform/drivers/src/linflexd/linflexd_uart_driver.o
LOAD ./SDK/platform/drivers/src/linflexd/linflexd_uart_irq.o
LOAD ./SDK/platform/drivers/src/pins/siul2/pins_siul2_driver.o
LOAD ./SDK/platform/drivers/src/pins/siul2/siul2_hw_access.o
LOAD ./SDK/platform/pal/src/i2c/i2c_pal.o
LOAD ./SDK/platform/pal/src/uart/uart_pal.o
LOAD ./SDK/rtos/osif/osif_baremetal.o
LOAD ./Sources/main.o
START GROUP
LOAD C:/NXP/S32DS_Power_v2.1/S32DS/build_tools/e200_ewl2/lib/e200z4/fp\libc99.a
LOAD C:/NXP/S32DS_Power_v2.1/S32DS/build_tools/e200_ewl2/lib/e200z4/fp\libm.a
LOAD c:/nxp/s32ds_power_v2.1/s32ds/build_tools/powerpc-eabivle-4_9/bin/../lib/gcc/powerpc-eabivle/4.9.4/e200z4/fp\libgcc.a
LOAD C:/NXP/S32DS_Power_v2.1/S32DS/build_tools/e200_ewl2/lib/e200z4/fp\librt.a
END GROUP
LOAD c:/nxp/s32ds_power_v2.1/s32ds/build_tools/powerpc-eabivle-4_9/bin/../lib/gcc/powerpc-eabivle/4.9.4/e200z4/fp/crtend.o
LOAD c:/nxp/s32ds_power_v2.1/s32ds/build_tools/powerpc-eabivle-4_9/bin/../lib/gcc/powerpc-eabivle/4.9.4/e200z4/fp/ecrtn.o
                0x00000000                __HEAP_SIZE = DEFINED (__heap_size__)?__heap_size__:0x0
                0x00001000                __STACK_SIZE = DEFINED (__stack_size__)?__stack_size__:0x1000
                0x40000000                SRAM_BASE_ADDR = DEFINED (__sram_base_addr__)?__sram_base_addr__:0x40000000
                0x00030000                SRAM_SIZE = DEFINED (__sram_size__)?__sram_size__:0x30000

.startup        0x40000000      0x168
                0x40000000                __start = .
 *(.startup)
 .startup       0x40000000      0x168 ./Project_Settings/Startup_Code/startup_MPC5746C.o
                0x40000000                Reset_Handler
                0x40000000                _start

.core_exceptions_table
                0x40001000       0xb4
                0x40001000                __IVPR_VALUE = .
 *(.core_exceptions_table)
 .core_exceptions_table
                0x40001000       0xb4 ./Project_Settings/Startup_Code/interrupt_vectors.o
                0x40001000                IVOR0_Vector
                0x40001000                VTABLE
                0x40001010                IVOR1_Vector
                0x40001020                IVOR2_Vector
                0x40001030                IVOR3_Vector
                0x40001040                IVOR4_Vector
                0x40001050                IVOR5_Vector
                0x40001060                IVOR6_Vector
                0x40001070                IVOR35_Vector
                0x40001080                IVOR8_Vector
                0x40001090                IVOR15_Vector
                0x400010a0                IVOR33_Vector
                0x400010b0                IVOR34_Vector

.intc_vector_table
                0x40002000      0xbfc
                0x40002000                __VECTOR_TABLE = .
                0x40002000                __VECTOR_RAM = .
                0x40002000                __interrupts_start__ = .
 *(.intc_vector_table)
 .intc_vector_table
                0x40002000      0xbfc ./Project_Settings/Startup_Code/startup_MPC5746C.o
                0x40002000                __isr_vector
                0x40002bf8                SIUL_EIRQ_16_23_IRQHandler
                0x40002bf8                DSPI6_Send_IRQHandler
                0x40002bf8                EMIOS1_26_27_IRQHandler
                0x40002bf8                IVOR34_Exception_Handler
                0x40002bf8                DSPI4_Send_IRQHandler
                0x40002bf8                CAN5_Error_IRQHandler
                0x40002bf8                PIT_Ch15_IRQHandler
                0x40002bf8                CAN1_ORed_12_15_MB_IRQHandler
                0x40002bf8                DSPI1_Send_IRQHandler
                0x40002bf8                DSPI0_FIFO_Error_IRQHandler
                0x40002bf8                CAN4_ORed_12_15_MB_IRQHandler
                0x40002bf8                DSPI5_FIFO_Error_IRQHandler
                0x40002bf8                EMIOS1_00_01_IRQHandler
                0x40002bf8                CAN1_ORed_IRQHandler
                0x40002bf8                SAI0_Rx_IRQHandler
                0x40002bf8                DSPI3_Receive_IRQHandler
                0x40002bf8                ADC1_ER_IRQHandler
                0x40002bf8                EMIOS1_28_29_IRQHandler
                0x40002bf8                EMIOS0_22_23_IRQHandler
                0x40002bf8                EMIOS1_30_31_IRQHandler
                0x40002bf8                ADC1_WD_IRQHandler
                0x40002bf8                IVOR5_Exception_Handler
                0x40002bf8                ADC0_WD_IRQHandler
                0x40002bf8                EMIOS0_10_11_IRQHandler
                0x40002bf8                PIT_Ch0_IRQHandler
                0x40002bf8                PIT_Ch14_IRQHandler
                0x40002bf8                CAN2_ORed_12_15_MB_IRQHandler
                0x40002bf8                DSPI3_Send_IRQHandler
                0x40002bf8                ENET0_Tx_2_IRQHandler
                0x40002bf8                CAN2_ORed_04_07_MB_IRQHandler
                0x40002bf8                CAN7_ORed_IRQHandler
                0x40002bf8                IVOR2_Exception_Handler
                0x40002bf8                CAN5_ORed_04_07_MB_IRQHandler
                0x40002bf8                CAN1_ORed_64_95_MB_IRQHandler
                0x40002bf8                CAN2_Error_IRQHandler
                0x40002bf8                SAI2_Tx_IRQHandler
                0x40002bf8                PIT_Ch7_IRQHandler
                0x40002bf8                ENET0_Parser_IRQHandler
                0x40002bf8                DSPI2_FIFO_Error_IRQHandler
                0x40002bf8                CAN1_ORed_00_03_MB_IRQHandler
                0x40002bf8                EMIOS0_30_31_IRQHandler
                0x40002bf8                SWT0_IRQHandler
                0x40002bf8                PIT_Ch10_IRQHandler
                0x40002bf8                SAI2_Rx_IRQHandler
                0x40002bf8                ENET0_Rx_1_IRQHandler
                0x40002bf8                WKPU_23_16_IRQHandler
                0x40002bf8                SAI0_Tx_IRQHandler
                0x40002bf8                CAN3_ORed_16_31_MB_IRQHandler
                0x40002bf8                EMIOS0_24_25_IRQHandler
                0x40002bf8                IVOR33_Exception_Handler
                0x40002bf8                CAN5_ORed_00_03_MB_IRQHandler
                0x40002bf8                DSPI2_Receive_IRQHandler
                0x40002bf8                CAN4_ORed_IRQHandler
                0x40002bf8                PIT_Ch5_IRQHandler
                0x40002bf8                EMIOS0_12_13_IRQHandler
                0x40002bf8                PIT_Ch1_IRQHandler
                0x40002bf8                CAN5_ORed_64_95_MB_IRQHandler
                0x40002bf8                EMIOS1_14_15_IRQHandler
                0x40002bf8                DSPI0_Send_IRQHandler
                0x40002bf8                IVOR15_Exception_Handler
                0x40002bf8                ENET0_Err_IRQHandler
                0x40002bf8                CAN0_ORed_04_07_MB_IRQHandler
                0x40002bf8                CAN7_ORed_04_07_MB_IRQHandler
                0x40002bf8                DSPI6_Receive_IRQHandler
                0x40002bf8                BCTU_ListLast_IRQHandler
                0x40002bf8                DSPI0_Receive_IRQHandler
                0x40002bf8                SAI1_Tx_IRQHandler
                0x40002bf8                CAN7_ORed_08_11_MB_IRQHandler
                0x40002bf8                EMIOS0_14_15_IRQHandler
                0x40002bf8                PIT_Ch2_IRQHandler
                0x40002bf8                CMP0_IRQHandler
                0x40002bf8                DSPI2_Send_IRQHandler
                0x40002bf8                ENET0_Rx_IRQHandler
                0x40002bf8                CAN0_Wake_Up_IRQHandler
                0x40002bf8                ADC0_EOC_IRQHandler
                0x40002bf8                EMIOS0_16_17_IRQHandler
                0x40002bf8                CAN7_ORed_12_15_MB_IRQHandler
                0x40002bf8                DSPI4_FIFO_Error_IRQHandler
                0x40002bf8                PIT_Ch11_IRQHandler
                0x40002bf8                CAN0_Error_IRQHandler
                0x40002bf8                CAN5_ORed_08_11_MB_IRQHandler
                0x40002bf8                PIT_Ch12_IRQHandler
                0x40002bf8                CAN2_ORed_16_31_MB_IRQHandler
                0x40002bf8                CAN4_ORed_04_07_MB_IRQHandler
                0x40002bf8                ENET0_Tx_1_IRQHandler
                0x40002bf8                EMIOS1_10_11_IRQHandler
                0x40002bf8                PIT_Ch4_IRQHandler
                0x40002bf8                CAN7_ORed_00_03_MB_IRQHandler
                0x40002bf8                CAN6_ORed_08_11_MB_IRQHandler
                0x40002bf8                CAN3_ORed_32_63_MB_IRQHandler
                0x40002bf8                ENET0_Rx_2_IRQHandler
                0x40002bf8                CAN3_ORed_08_11_MB_IRQHandler
                0x40002bf8                CAN3_ORed_00_03_MB_IRQHandler
                0x40002bf8                CAN4_ORed_16_31_MB_IRQHandler
                0x40002bf8                CAN1_ORed_16_31_MB_IRQHandler
                0x40002bf8                SIUL_EIRQ_00_07_IRQHandler
                0x40002bf8                CAN6_ORed_04_07_MB_IRQHandler
                0x40002bf8                ADC0_ER_IRQHandler
                0x40002bf8                CAN5_ORed_IRQHandler
                0x40002bf8                DSPI1_FIFO_Error_IRQHandler
                0x40002bf8                CAN2_ORed_32_63_MB_IRQHandler
                0x40002bf8                DSPI7_Receive_IRQHandler
                0x40002bf8                CAN3_Error_IRQHandler
                0x40002bf8                EMIOS1_04_05_IRQHandler
                0x40002bf8                CAN4_Error_IRQHandler
                0x40002bf8                CAN6_ORed_64_95_MB_IRQHandler
                0x40002bf8                STM0_Ch0_IRQHandler
                0x40002bf8                DSPI5_Receive_IRQHandler
                0x40002bf8                STM1_Ch1_IRQHandler
                0x40002bf8                EMIOS1_12_13_IRQHandler
                0x40002bf8                IVOR3_Exception_Handler
                0x40002bf8                IVOR1_Exception_Handler
                0x40002bf8                DSPI7_FIFO_Error_IRQHandler
                0x40002bf8                SIUL_EIRQ_24_31_IRQHandler
                0x40002bf8                EMIOS1_06_07_IRQHandler
                0x40002bf8                CAN1_Error_IRQHandler
                0x40002bf8                CAN7_ORed_16_31_MB_IRQHandler
                0x40002bf8                IVOR0_Exception_Handler
                0x40002bf8                IVOR35_Exception_Handler
                0x40002bf8                CAN0_ORed_00_03_MB_IRQHandler
                0x40002bf8                PIT_Ch8_IRQHandler
                0x40002bf8                HSM_DRV_IRQHandler
                0x40002bf8                CAN0_ORed_32_63_MB_IRQHandler
                0x40002bf8                CAN2_ORed_00_03_MB_IRQHandler
                0x40002bf8                CAN4_ORed_00_03_MB_IRQHandler
                0x40002bf8                WKPU_31_24_IRQHandler
                0x40002bf8                IVOR8_Exception_Handler
                0x40002bf8                PIT_RTI_IRQHandler
                0x40002bf8                CMP2_IRQHandler
                0x40002bf8                STM1_Ch0_IRQHandler
                0x40002bf8                CAN0_ORed_IRQHandler
                0x40002bf8                STM0_Ch2_IRQHandler
                0x40002bf8                CAN0_ORed_12_15_MB_IRQHandler
                0x40002bf8                CAN5_ORed_12_15_MB_IRQHandler
                0x40002bf8                EMIOS1_02_03_IRQHandler
                0x40002bf8                CAN3_ORed_04_07_MB_IRQHandler
                0x40002bf8                WKPU_15_08_IRQHandler
                0x40002bf8                CAN4_ORed_64_95_MB_IRQHandler
                0x40002bf8                CAN7_ORed_32_63_MB_IRQHandler
                0x40002bf8                RTC0_IRQHandler
                0x40002bf8                EMIOS0_00_01_IRQHandler
                0x40002bf8                STM0_Ch3_IRQHandler
                0x40002bf8                EMIOS0_18_19_IRQHandler
                0x40002bf8                EMIOS0_20_21_IRQHandler
                0x40002bf8                PIT_Ch13_IRQHandler
                0x40002bf8                CAN4_ORed_32_63_MB_IRQHandler
                0x40002bf8                ENET0_Tx_IRQHandler
                0x40002bf8                DSPI3_FIFO_Error_IRQHandler
                0x40002bf8                EMIOS1_24_25_IRQHandler
                0x40002bf8                CAN7_ORed_64_95_MB_IRQHandler
                0x40002bf8                DSPI7_Send_IRQHandler
                0x40002bf8                STM1_Ch3_IRQHandler
                0x40002bf8                PIT_Ch6_IRQHandler
                0x40002bf8                IVOR6_Exception_Handler
                0x40002bf8                CAN4_ORed_08_11_MB_IRQHandler
                0x40002bf8                EMIOS0_02_03_IRQHandler
                0x40002bf8                CAN6_ORed_00_03_MB_IRQHandler
                0x40002bf8                PIT_Ch9_IRQHandler
                0x40002bf8                SIUL_EIRQ_08_15_IRQHandler
                0x40002bf8                CAN5_ORed_32_63_MB_IRQHandler
                0x40002bf8                EMIOS1_08_09_IRQHandler
                0x40002bf8                PIT_Ch3_IRQHandler
                0x40002bf8                CAN3_ORed_64_95_MB_IRQHandler
                0x40002bf8                DSPI6_FIFO_Error_IRQHandler
                0x40002bf8                CAN7_Error_IRQHandler
                0x40002bf8                DSPI4_Receive_IRQHandler
                0x40002bf8                EMIOS0_26_27_IRQHandler
                0x40002bf8                CAN2_ORed_IRQHandler
                0x40002bf8                FLASH_Done_IRQHandler
                0x40002bf8                STM1_Ch2_IRQHandler
                0x40002bf8                CAN2_ORed_64_95_MB_IRQHandler
                0x40002bf8                CAN1_ORed_08_11_MB_IRQHandler
                0x40002bf8                CAN6_ORed_IRQHandler
                0x40002bf8                EMIOS0_04_05_IRQHandler
                0x40002bf8                CAN2_ORed_08_11_MB_IRQHandler
                0x40002bf8                SWT1_IRQHandler
                0x40002bf8                API0_IRQHandler
                0x40002bf8                CAN0_ORed_08_11_MB_IRQHandler
                0x40002bf8                CAN6_Error_IRQHandler
                0x40002bf8                EMIOS1_16_17_IRQHandler
                0x40002bf8                CAN3_ORed_12_15_MB_IRQHandler
                0x40002bf8                EMIOS0_08_09_IRQHandler
                0x40002bf8                CMP1_IRQHandler
                0x40002bf8                CAN1_ORed_04_07_MB_IRQHandler
                0x40002bf8                SAI1_Rx_IRQHandler
                0x40002bf8                EMIOS1_20_21_IRQHandler
                0x40002bf8                CAN0_ORed_64_95_MB_IRQHandler
                0x40002bf8                CAN0_ORed_16_31_MB_IRQHandler
                0x40002bf8                EMIOS0_28_29_IRQHandler
                0x40002bf8                CAN6_ORed_32_63_MB_IRQHandler
                0x40002bf8                EMIOS0_06_07_IRQHandler
                0x40002bf8                DefaultISR
                0x40002bf8                CAN1_ORed_32_63_MB_IRQHandler
                0x40002bf8                CAN5_ORed_16_31_MB_IRQHandler
                0x40002bf8                BCTU_ConvUpdate_IRQHandler
                0x40002bf8                EMIOS1_18_19_IRQHandler
                0x40002bf8                EMIOS1_22_23_IRQHandler
                0x40002bf8                CAN6_ORed_16_31_MB_IRQHandler
                0x40002bf8                DSPI1_Receive_IRQHandler
                0x40002bf8                CAN6_ORed_12_15_MB_IRQHandler
                0x40002bf8                ENET0_Timer_IRQHandler
                0x40002bf8                ADC1_EOC_IRQHandler
                0x40002bf8                WKPU_07_00_IRQHandler
                0x40002bf8                FCCU0_IRQ_Handler
                0x40002bf8                STM0_Ch1_IRQHandler
                0x40002bf8                DSPI5_Send_IRQHandler
                0x40002bf8                CAN3_ORed_IRQHandler
                0x40002bfc                __interrupts_end__ = .
                0x00000000                __RAM_VECTOR_TABLE_SIZE = 0x0
                0x40002000                __VECTOR_TABLE_COPY_END = (__VECTOR_TABLE + __RAM_VECTOR_TABLE_SIZE)
                0x00000000                __CUSTOM_ROM = 0x0
                0x00000000                __CUSTOM_END = 0x0

.customSectionBlock
                0x40002bfc        0x0
                0x40002bfc                . = ALIGN (0x4)
                0x40002bfc                __CUSTOM_RAM = .
                0x40002bfc                __customSectionStart = .
                0x40002bfc                __customSection_start__ = .
 *(.customSection)
                0x40002bfc                __customSection_end__ = .
                0x40002bfc                __customSectionEnd = .

.text           0x40002c00     0x5040
 *(.text.startup)
 *(.text)
 .text          0x40002c00      0x16c c:/nxp/s32ds_power_v2.1/s32ds/build_tools/powerpc-eabivle-4_9/bin/../lib/gcc/powerpc-eabivle/4.9.4/e200z4/fp/crtbegin.o
 *fill*         0x40002d6c        0x4 
 .text          0x40002d70      0x2f6 ./Project_Settings/Startup_Code/core0_intc_sw_handlers.o
                0x40002db0                IVOR0_Handler
                0x40002dde                IVOR1_Handler
                0x40002e2c                IVOR2_Handler
                0x40002e66                IVOR3_Handler
                0x40002ea0                IVOR4_Handler
                0x40002ee8                IVOR5_Handler
                0x40002f22                IVOR6_Handler
                0x40002f5c                IVOR8_Handler
                0x40002f96                IVOR15_Handler
                0x40002fc4                IVOR33_Handler
                0x40002ffe                IVOR34_Handler
                0x40003038                IVOR35_Handler
 .text          0x40003066       0x4a c:/nxp/s32ds_power_v2.1/s32ds/build_tools/powerpc-eabivle-4_9/bin/../lib/gcc/powerpc-eabivle/4.9.4/e200z4/fp\libgcc.a(eabivle.o)
                0x40003066                __eabi
 .text          0x400030b0       0x48 c:/nxp/s32ds_power_v2.1/s32ds/build_tools/powerpc-eabivle-4_9/bin/../lib/gcc/powerpc-eabivle/4.9.4/e200z4/fp/crtend.o
 *(.text.*)
 .text.SystemInit
                0x400030f8       0x7a ./SDK/platform/devices/MPC5746C/startup/system_MPC5746C.o
                0x400030f8                SystemInit
 *fill*         0x40003172        0x2 
 .text.init_data_bss
                0x40003174       0xb4 ./SDK/platform/devices/startup.o
                0x40003174                init_data_bss
 .text.CLOCK_SYS_GetFircFreq
                0x40003228       0x1e ./SDK/platform/drivers/src/clock/MPC57xx/clock_MPC57xx.o
 *fill*         0x40003246        0x2 
 .text.CLOCK_SYS_GetFxoscFreq
                0x40003248       0x1e ./SDK/platform/drivers/src/clock/MPC57xx/clock_MPC57xx.o
 *fill*         0x40003266        0x2 
 .text.CLOCK_SYS_CalculateFrequenciesOfClockSources
                0x40003268      0x136 ./SDK/platform/drivers/src/clock/MPC57xx/clock_MPC57xx.o
 *fill*         0x4000339e        0x2 
 .text.CLOCK_SYS_GetSystemClockFreq
                0x400033a0      0x1e6 ./SDK/platform/drivers/src/clock/MPC57xx/clock_MPC57xx.o
 *fill*         0x40003586        0x2 
 .text.CLOCK_DRV_Init
                0x40003588      0xb2a ./SDK/platform/drivers/src/clock/MPC57xx/clock_MPC57xx.o
                0x40003588                CLOCK_DRV_Init
 *fill*         0x400040b2        0x2 
 .text.CLOCK_DRV_GetFreq
                0x400040b4      0x444 ./SDK/platform/drivers/src/clock/MPC57xx/clock_MPC57xx.o
                0x400040b4                CLOCK_DRV_GetFreq
 .text.CLOCK_SYS_Init
                0x400044f8       0x4c ./SDK/platform/drivers/src/clock/MPC57xx/clock_MPC57xx.o
                0x400044f8                CLOCK_SYS_Init
 .text.CLOCK_SYS_UpdateConfiguration
                0x40004544      0x186 ./SDK/platform/drivers/src/clock/MPC57xx/clock_MPC57xx.o
                0x40004544                CLOCK_SYS_UpdateConfiguration
 *fill*         0x400046ca        0x2 
 .text.CLOCK_SYS_GetFreq
                0x400046cc       0x14 ./SDK/platform/drivers/src/clock/MPC57xx/clock_MPC57xx.o
                0x400046cc                CLOCK_SYS_GetFreq
 .text.EDMA_DRV_InstallCallback
                0x400046e0       0x42 ./SDK/platform/drivers/src/edma/edma_driver.o
                0x400046e0                EDMA_DRV_InstallCallback
 *fill*         0x40004722        0x2 
 .text.EDMA_DRV_IRQHandler
                0x40004724       0x52 ./SDK/platform/drivers/src/edma/edma_driver.o
                0x40004724                EDMA_DRV_IRQHandler
 *fill*         0x40004776        0x2 
 .text.EDMA_DRV_ErrorIRQHandler
                0x40004778       0x6c ./SDK/platform/drivers/src/edma/edma_driver.o
                0x40004778                EDMA_DRV_ErrorIRQHandler
 .text.EDMA_DRV_ConfigSingleBlockTransfer
                0x400047e4      0x1c6 ./SDK/platform/drivers/src/edma/edma_driver.o
                0x400047e4                EDMA_DRV_ConfigSingleBlockTransfer
 *fill*         0x400049aa        0x2 
 .text.EDMA_DRV_ConfigMultiBlockTransfer
                0x400049ac       0x72 ./SDK/platform/drivers/src/edma/edma_driver.o
                0x400049ac                EDMA_DRV_ConfigMultiBlockTransfer
 *fill*         0x40004a1e        0x2 
 .text.EDMA_DRV_StartChannel
                0x40004a20       0x6c ./SDK/platform/drivers/src/edma/edma_driver.o
                0x40004a20                EDMA_DRV_StartChannel
 .text.EDMA_DRV_StopChannel
                0x40004a8c       0x6c ./SDK/platform/drivers/src/edma/edma_driver.o
                0x40004a8c                EDMA_DRV_StopChannel
 .text.EDMA_DRV_SetChannelRequestAndTrigger
                0x40004af8       0x82 ./SDK/platform/drivers/src/edma/edma_driver.o
                0x40004af8                EDMA_DRV_SetChannelRequestAndTrigger
 *fill*         0x40004b7a        0x2 
 .text.EDMA_DRV_SetSrcAddr
                0x40004b7c       0x6a ./SDK/platform/drivers/src/edma/edma_driver.o
                0x40004b7c                EDMA_DRV_SetSrcAddr
 *fill*         0x40004be6        0x2 
 .text.EDMA_DRV_SetDestAddr
                0x40004be8       0x6a ./SDK/platform/drivers/src/edma/edma_driver.o
                0x40004be8                EDMA_DRV_SetDestAddr
 *fill*         0x40004c52        0x2 
 .text.EDMA_DRV_SetMajorLoopIterationCount
                0x40004c54       0x6a ./SDK/platform/drivers/src/edma/edma_driver.o
                0x40004c54                EDMA_DRV_SetMajorLoopIterationCount
 *fill*         0x40004cbe        0x2 
 .text.EDMA_DRV_DisableRequestsOnTransferComplete
                0x40004cc0       0x6a ./SDK/platform/drivers/src/edma/edma_driver.o
                0x40004cc0                EDMA_DRV_DisableRequestsOnTransferComplete
 *fill*         0x40004d2a        0x2 
 .text.EDMA_DRV_GetDmaRegBaseAddr
                0x40004d2c       0x12 ./SDK/platform/drivers/src/edma/edma_driver.o
                0x40004d2c                EDMA_DRV_GetDmaRegBaseAddr
 *fill*         0x40004d3e        0x2 
 .text.EDMA_GetErrorIntStatusFlag
                0x40004d40        0xa ./SDK/platform/drivers/src/edma/edma_hw_access.o
                0x40004d40                EDMA_GetErrorIntStatusFlag
 *fill*         0x40004d4a        0x2 
 .text.EDMA_ClearErrorIntStatusFlag
                0x40004d4c       0x12 ./SDK/platform/drivers/src/edma/edma_hw_access.o
                0x40004d4c                EDMA_ClearErrorIntStatusFlag
 *fill*         0x40004d5e        0x2 
 .text.EDMA_SetDmaRequestCmd
                0x40004d60       0x12 ./SDK/platform/drivers/src/edma/edma_hw_access.o
                0x40004d60                EDMA_SetDmaRequestCmd
 *fill*         0x40004d72        0x2 
 .text.EDMA_ClearDoneStatusFlag
                0x40004d74       0x12 ./SDK/platform/drivers/src/edma/edma_hw_access.o
                0x40004d74                EDMA_ClearDoneStatusFlag
 *fill*         0x40004d86        0x2 
 .text.EDMA_ClearIntStatusFlag
                0x40004d88       0x12 ./SDK/platform/drivers/src/edma/edma_hw_access.o
                0x40004d88                EDMA_ClearIntStatusFlag
 *fill*         0x40004d9a        0x2 
 .text.EDMA_SetMinorLoopMappingCmd
                0x40004d9c       0x14 ./SDK/platform/drivers/src/edma/edma_hw_access.o
                0x40004d9c                EDMA_SetMinorLoopMappingCmd
 .text.EDMA_TCDClearReg
                0x40004db0       0x34 ./SDK/platform/drivers/src/edma/edma_hw_access.o
                0x40004db0                EDMA_TCDClearReg
 .text.EDMA_TCDSetSrcAddr
                0x40004de4       0x18 ./SDK/platform/drivers/src/edma/edma_hw_access.o
                0x40004de4                EDMA_TCDSetSrcAddr
 .text.EDMA_TCDSetSrcOffset
                0x40004dfc       0x1e ./SDK/platform/drivers/src/edma/edma_hw_access.o
                0x40004dfc                EDMA_TCDSetSrcOffset
 *fill*         0x40004e1a        0x2 
 .text.EDMA_TCDSetAttribute
                0x40004e1c       0x30 ./SDK/platform/drivers/src/edma/edma_hw_access.o
                0x40004e1c                EDMA_TCDSetAttribute
 .text.EDMA_TCDSetNbytes
                0x40004e4c       0x54 ./SDK/platform/drivers/src/edma/edma_hw_access.o
                0x40004e4c                EDMA_TCDSetNbytes
 .text.EDMA_TCDSetDestAddr
                0x40004ea0       0x18 ./SDK/platform/drivers/src/edma/edma_hw_access.o
                0x40004ea0                EDMA_TCDSetDestAddr
 .text.EDMA_TCDSetDestOffset
                0x40004eb8       0x1c ./SDK/platform/drivers/src/edma/edma_hw_access.o
                0x40004eb8                EDMA_TCDSetDestOffset
 .text.EDMA_TCDSetDisableDmaRequestAfterTCDDoneCmd
                0x40004ed4       0x34 ./SDK/platform/drivers/src/edma/edma_hw_access.o
                0x40004ed4                EDMA_TCDSetDisableDmaRequestAfterTCDDoneCmd
 .text.EDMA_TCDSetMajorCompleteIntCmd
                0x40004f08       0x34 ./SDK/platform/drivers/src/edma/edma_hw_access.o
                0x40004f08                EDMA_TCDSetMajorCompleteIntCmd
 .text.EDMA_TCDSetMajorCount
                0x40004f3c       0x72 ./SDK/platform/drivers/src/edma/edma_hw_access.o
                0x40004f3c                EDMA_TCDSetMajorCount
 *fill*         0x40004fae        0x2 
 .text.DMAMUX_SetChannelCmd
                0x40004fb0       0x2a ./SDK/platform/drivers/src/edma/edma_hw_access.o
                0x40004fb0                DMAMUX_SetChannelCmd
 *fill*         0x40004fda        0x2 
 .text.DMAMUX_SetChannelTrigger
                0x40004fdc       0x26 ./SDK/platform/drivers/src/edma/edma_hw_access.o
                0x40004fdc                DMAMUX_SetChannelTrigger
 *fill*         0x40005002        0x2 
 .text.DMAMUX_SetChannelSource
                0x40005004       0x20 ./SDK/platform/drivers/src/edma/edma_hw_access.o
                0x40005004                DMAMUX_SetChannelSource
 .text.DMA0_Ch0_IRQHandler
                0x40005024       0x16 ./SDK/platform/drivers/src/edma/edma_irq.o
                0x40005024                DMA0_Ch0_IRQHandler
 *fill*         0x4000503a        0x2 
 .text.DMA0_Ch1_IRQHandler
                0x4000503c       0x16 ./SDK/platform/drivers/src/edma/edma_irq.o
                0x4000503c                DMA0_Ch1_IRQHandler
 *fill*         0x40005052        0x2 
 .text.DMA0_Ch2_IRQHandler
                0x40005054       0x16 ./SDK/platform/drivers/src/edma/edma_irq.o
                0x40005054                DMA0_Ch2_IRQHandler
 *fill*         0x4000506a        0x2 
 .text.DMA0_Ch3_IRQHandler
                0x4000506c       0x16 ./SDK/platform/drivers/src/edma/edma_irq.o
                0x4000506c                DMA0_Ch3_IRQHandler
 *fill*         0x40005082        0x2 
 .text.DMA0_Ch4_IRQHandler
                0x40005084       0x16 ./SDK/platform/drivers/src/edma/edma_irq.o
                0x40005084                DMA0_Ch4_IRQHandler
 *fill*         0x4000509a        0x2 
 .text.DMA0_Ch5_IRQHandler
                0x4000509c       0x16 ./SDK/platform/drivers/src/edma/edma_irq.o
                0x4000509c                DMA0_Ch5_IRQHandler
 *fill*         0x400050b2        0x2 
 .text.DMA0_Ch6_IRQHandler
                0x400050b4       0x16 ./SDK/platform/drivers/src/edma/edma_irq.o
                0x400050b4                DMA0_Ch6_IRQHandler
 *fill*         0x400050ca        0x2 
 .text.DMA0_Ch7_IRQHandler
                0x400050cc       0x16 ./SDK/platform/drivers/src/edma/edma_irq.o
                0x400050cc                DMA0_Ch7_IRQHandler
 *fill*         0x400050e2        0x2 
 .text.DMA0_Ch8_IRQHandler
                0x400050e4       0x16 ./SDK/platform/drivers/src/edma/edma_irq.o
                0x400050e4                DMA0_Ch8_IRQHandler
 *fill*         0x400050fa        0x2 
 .text.DMA0_Ch9_IRQHandler
                0x400050fc       0x16 ./SDK/platform/drivers/src/edma/edma_irq.o
                0x400050fc                DMA0_Ch9_IRQHandler
 *fill*         0x40005112        0x2 
 .text.DMA0_Ch10_IRQHandler
                0x40005114       0x16 ./SDK/platform/drivers/src/edma/edma_irq.o
                0x40005114                DMA0_Ch10_IRQHandler
 *fill*         0x4000512a        0x2 
 .text.DMA0_Ch11_IRQHandler
                0x4000512c       0x16 ./SDK/platform/drivers/src/edma/edma_irq.o
                0x4000512c                DMA0_Ch11_IRQHandler
 *fill*         0x40005142        0x2 
 .text.DMA0_Ch12_IRQHandler
                0x40005144       0x16 ./SDK/platform/drivers/src/edma/edma_irq.o
                0x40005144                DMA0_Ch12_IRQHandler
 *fill*         0x4000515a        0x2 
 .text.DMA0_Ch13_IRQHandler
                0x4000515c       0x16 ./SDK/platform/drivers/src/edma/edma_irq.o
                0x4000515c                DMA0_Ch13_IRQHandler
 *fill*         0x40005172        0x2 
 .text.DMA0_Ch14_IRQHandler
                0x40005174       0x16 ./SDK/platform/drivers/src/edma/edma_irq.o
                0x40005174                DMA0_Ch14_IRQHandler
 *fill*         0x4000518a        0x2 
 .text.DMA0_Ch15_IRQHandler
                0x4000518c       0x16 ./SDK/platform/drivers/src/edma/edma_irq.o
                0x4000518c                DMA0_Ch15_IRQHandler
 *fill*         0x400051a2        0x2 
 .text.DMA0_Ch16_IRQHandler
                0x400051a4       0x16 ./SDK/platform/drivers/src/edma/edma_irq.o
                0x400051a4                DMA0_Ch16_IRQHandler
 *fill*         0x400051ba        0x2 
 .text.DMA0_Ch17_IRQHandler
                0x400051bc       0x16 ./SDK/platform/drivers/src/edma/edma_irq.o
                0x400051bc                DMA0_Ch17_IRQHandler
 *fill*         0x400051d2        0x2 
 .text.DMA0_Ch18_IRQHandler
                0x400051d4       0x16 ./SDK/platform/drivers/src/edma/edma_irq.o
                0x400051d4                DMA0_Ch18_IRQHandler
 *fill*         0x400051ea        0x2 
 .text.DMA0_Ch19_IRQHandler
                0x400051ec       0x16 ./SDK/platform/drivers/src/edma/edma_irq.o
                0x400051ec                DMA0_Ch19_IRQHandler
 *fill*         0x40005202        0x2 
 .text.DMA0_Ch20_IRQHandler
                0x40005204       0x16 ./SDK/platform/drivers/src/edma/edma_irq.o
                0x40005204                DMA0_Ch20_IRQHandler
 *fill*         0x4000521a        0x2 
 .text.DMA0_Ch21_IRQHandler
                0x4000521c       0x16 ./SDK/platform/drivers/src/edma/edma_irq.o
                0x4000521c                DMA0_Ch21_IRQHandler
 *fill*         0x40005232        0x2 
 .text.DMA0_Ch22_IRQHandler
                0x40005234       0x16 ./SDK/platform/drivers/src/edma/edma_irq.o
                0x40005234                DMA0_Ch22_IRQHandler
 *fill*         0x4000524a        0x2 
 .text.DMA0_Ch23_IRQHandler
                0x4000524c       0x16 ./SDK/platform/drivers/src/edma/edma_irq.o
                0x4000524c                DMA0_Ch23_IRQHandler
 *fill*         0x40005262        0x2 
 .text.DMA0_Ch24_IRQHandler
                0x40005264       0x16 ./SDK/platform/drivers/src/edma/edma_irq.o
                0x40005264                DMA0_Ch24_IRQHandler
 *fill*         0x4000527a        0x2 
 .text.DMA0_Ch25_IRQHandler
                0x4000527c       0x16 ./SDK/platform/drivers/src/edma/edma_irq.o
                0x4000527c                DMA0_Ch25_IRQHandler
 *fill*         0x40005292        0x2 
 .text.DMA0_Ch26_IRQHandler
                0x40005294       0x16 ./SDK/platform/drivers/src/edma/edma_irq.o
                0x40005294                DMA0_Ch26_IRQHandler
 *fill*         0x400052aa        0x2 
 .text.DMA0_Ch27_IRQHandler
                0x400052ac       0x16 ./SDK/platform/drivers/src/edma/edma_irq.o
                0x400052ac                DMA0_Ch27_IRQHandler
 *fill*         0x400052c2        0x2 
 .text.DMA0_Ch28_IRQHandler
                0x400052c4       0x16 ./SDK/platform/drivers/src/edma/edma_irq.o
                0x400052c4                DMA0_Ch28_IRQHandler
 *fill*         0x400052da        0x2 
 .text.DMA0_Ch29_IRQHandler
                0x400052dc       0x16 ./SDK/platform/drivers/src/edma/edma_irq.o
                0x400052dc                DMA0_Ch29_IRQHandler
 *fill*         0x400052f2        0x2 
 .text.DMA0_Ch30_IRQHandler
                0x400052f4       0x16 ./SDK/platform/drivers/src/edma/edma_irq.o
                0x400052f4                DMA0_Ch30_IRQHandler
 *fill*         0x4000530a        0x2 
 .text.DMA0_Ch31_IRQHandler
                0x4000530c       0x16 ./SDK/platform/drivers/src/edma/edma_irq.o
                0x4000530c                DMA0_Ch31_IRQHandler
 *fill*         0x40005322        0x2 
 .text.DMA0_Ch0_Ch31_Error_IRQHandler
                0x40005324       0x42 ./SDK/platform/drivers/src/edma/edma_irq.o
                0x40005324                DMA0_Ch0_Ch31_Error_IRQHandler
 .text.I2C_DRV_MasterTransmitAddress
                0x40005366       0x8a ./SDK/platform/drivers/src/i2c/i2c_driver.o
 .text.I2C_DRV_GenerateStopSignal
                0x400053f0       0x32 ./SDK/platform/drivers/src/i2c/i2c_driver.o
 *fill*         0x40005422        0x2 
 .text.I2C_DRV_MasterSendDataEvent
                0x40005424       0x64 ./SDK/platform/drivers/src/i2c/i2c_driver.o
 .text.I2C_DRV_MasterEndTransfer
                0x40005488       0x56 ./SDK/platform/drivers/src/i2c/i2c_driver.o
 .text.I2C_DRV_SlaveEndTransfer
                0x400054de       0x50 ./SDK/platform/drivers/src/i2c/i2c_driver.o
 *fill*         0x4000552e        0x2 
 .text.I2C_DRV_MasterCompleteDMATransfer
                0x40005530       0xde ./SDK/platform/drivers/src/i2c/i2c_driver.o
 *fill*         0x4000560e        0x2 
 .text.I2C_DRV_SlaveStopEvent
                0x40005610       0x82 ./SDK/platform/drivers/src/i2c/i2c_driver.o
 *fill*         0x40005692        0x2 
 .text.I2C_DRV_SlaveSendDataEvent
                0x40005694       0x9c ./SDK/platform/drivers/src/i2c/i2c_driver.o
 .text.I2C_DRV_AddressAsSlaveEvent
                0x40005730       0x96 ./SDK/platform/drivers/src/i2c/i2c_driver.o
 .text.I2C_DRV_MasterStartDmaTransfer
                0x400057c6       0xec ./SDK/platform/drivers/src/i2c/i2c_driver.o
 .text.I2C_DRV_MasterWaitTransferEnd
                0x400058b2       0x8a ./SDK/platform/drivers/src/i2c/i2c_driver.o
 .text.I2C_DRV_MasterSendData
                0x4000593c       0xfa ./SDK/platform/drivers/src/i2c/i2c_driver.o
                0x4000593c                I2C_DRV_MasterSendData
 *fill*         0x40005a36        0x2 
 .text.I2C_DRV_MasterSendDataBlocking
                0x40005a38       0xce ./SDK/platform/drivers/src/i2c/i2c_driver.o
                0x40005a38                I2C_DRV_MasterSendDataBlocking
 *fill*         0x40005b06        0x2 
 .text.I2C_DRV_MasterSetBaudRate
                0x40005b08       0xe8 ./SDK/platform/drivers/src/i2c/i2c_driver.o
                0x40005b08                I2C_DRV_MasterSetBaudRate
 .text.I2C_DRV_MasterInit
                0x40005bf0      0x10c ./SDK/platform/drivers/src/i2c/i2c_driver.o
                0x40005bf0                I2C_DRV_MasterInit
 .text.I2C_DRV_ModuleIRQHandler
                0x40005cfc      0x45e ./SDK/platform/drivers/src/i2c/i2c_driver.o
                0x40005cfc                I2C_DRV_ModuleIRQHandler
 *fill*         0x4000615a        0x2 
 .text.I2C_DRV_Module0IRQHandler
                0x4000615c       0x16 ./SDK/platform/drivers/src/i2c/i2c_irq.o
                0x4000615c                I2C_DRV_Module0IRQHandler
 *fill*         0x40006172        0x2 
 .text.I2C_DRV_Module1IRQHandler
                0x40006174       0x16 ./SDK/platform/drivers/src/i2c/i2c_irq.o
                0x40006174                I2C_DRV_Module1IRQHandler
 *fill*         0x4000618a        0x2 
 .text.I2C_DRV_Module2IRQHandler
                0x4000618c       0x16 ./SDK/platform/drivers/src/i2c/i2c_irq.o
                0x4000618c                I2C_DRV_Module2IRQHandler
 *fill*         0x400061a2        0x2 
 .text.I2C_DRV_Module3IRQHandler
                0x400061a4       0x16 ./SDK/platform/drivers/src/i2c/i2c_irq.o
                0x400061a4                I2C_DRV_Module3IRQHandler
 *fill*         0x400061ba        0x2 
 .text.INT_SYS_InstallHandler
                0x400061bc       0x62 ./SDK/platform/drivers/src/interrupt/interrupt_manager_MPC57xx.o
                0x400061bc                INT_SYS_InstallHandler
 *fill*         0x4000621e        0x2 
 .text.INT_SYS_EnableIRQ
                0x40006220       0x4c ./SDK/platform/drivers/src/interrupt/interrupt_manager_MPC57xx.o
                0x40006220                INT_SYS_EnableIRQ
 .text.INT_SYS_EnableIRQGlobal
                0x4000626c       0x26 ./SDK/platform/drivers/src/interrupt/interrupt_manager_MPC57xx.o
                0x4000626c                INT_SYS_EnableIRQGlobal
 *fill*         0x40006292        0x2 
 .text.INT_SYS_DisableIRQGlobal
                0x40006294       0x10 ./SDK/platform/drivers/src/interrupt/interrupt_manager_MPC57xx.o
                0x40006294                INT_SYS_DisableIRQGlobal
 .text.LINFLEXD_UART_DRV_PutData
                0x400062a4       0x84 ./SDK/platform/drivers/src/linflexd/linflexd_uart_driver.o
 .text.LINFLEXD_UART_DRV_StartSendUsingInterrupts
                0x40006328       0x7c ./SDK/platform/drivers/src/linflexd/linflexd_uart_driver.o
 .text.LINFLEXD_UART_DRV_StartSendUsingDma
                0x400063a4      0x108 ./SDK/platform/drivers/src/linflexd/linflexd_uart_driver.o
 .text.LINFLEXD_UART_DRV_CompleteSendUsingInterrupts
                0x400064ac       0x5e ./SDK/platform/drivers/src/linflexd/linflexd_uart_driver.o
 *fill*         0x4000650a        0x2 
 .text.LINFLEXD_UART_DRV_CompleteReceiveUsingInterrupts
                0x4000650c       0x68 ./SDK/platform/drivers/src/linflexd/linflexd_uart_driver.o
 .text.LINFLEXD_UART_DRV_CompleteSendUsingDma
                0x40006574       0xf2 ./SDK/platform/drivers/src/linflexd/linflexd_uart_driver.o
 *fill*         0x40006666        0x2 
 .text.LINFLEXD_UART_DRV_CompleteReceiveUsingDma
                0x40006668      0x112 ./SDK/platform/drivers/src/linflexd/linflexd_uart_driver.o
 *fill*         0x4000677a        0x2 
 .text.LINFLEXD_UART_DRV_SetBaudRate
                0x4000677c      0x114 ./SDK/platform/drivers/src/linflexd/linflexd_uart_driver.o
                0x4000677c                LINFLEXD_UART_DRV_SetBaudRate
 .text.LINFLEXD_UART_DRV_InstallRxCallback
                0x40006890       0x22 ./SDK/platform/drivers/src/linflexd/linflexd_uart_driver.o
                0x40006890                LINFLEXD_UART_DRV_InstallRxCallback
 *fill*         0x400068b2        0x2 
 .text.LINFLEXD_UART_DRV_InstallTxCallback
                0x400068b4       0x22 ./SDK/platform/drivers/src/linflexd/linflexd_uart_driver.o
                0x400068b4                LINFLEXD_UART_DRV_InstallTxCallback
 *fill*         0x400068d6        0x2 
 .text.LINFLEXD_UART_DRV_Init
                0x400068d8      0x2ce ./SDK/platform/drivers/src/linflexd/linflexd_uart_driver.o
                0x400068d8                LINFLEXD_UART_DRV_Init
 *fill*         0x40006ba6        0x2 
 .text.LINFLEXD_UART_DRV_SendDataBlocking
                0x40006ba8       0xb4 ./SDK/platform/drivers/src/linflexd/linflexd_uart_driver.o
                0x40006ba8                LINFLEXD_UART_DRV_SendDataBlocking
 .text.LINFLEXD_UART_DRV_SetRxBuffer
                0x40006c5c       0x56 ./SDK/platform/drivers/src/linflexd/linflexd_uart_driver.o
                0x40006c5c                LINFLEXD_UART_DRV_SetRxBuffer
 *fill*         0x40006cb2        0x2 
 .text.LINFLEXD_UART_DRV_RxIRQHandler
                0x40006cb4       0xde ./SDK/platform/drivers/src/linflexd/linflexd_uart_driver.o
                0x40006cb4                LINFLEXD_UART_DRV_RxIRQHandler
 *fill*         0x40006d92        0x2 
 .text.LINFLEXD_UART_DRV_TxIRQHandler
                0x40006d94       0x92 ./SDK/platform/drivers/src/linflexd/linflexd_uart_driver.o
                0x40006d94                LINFLEXD_UART_DRV_TxIRQHandler
 *fill*         0x40006e26        0x2 
 .text.LINFLEXD_UART_DRV_ErrIRQHandler
                0x40006e28       0x8e ./SDK/platform/drivers/src/linflexd/linflexd_uart_driver.o
                0x40006e28                LINFLEXD_UART_DRV_ErrIRQHandler
 *fill*         0x40006eb6        0x2 
 .text.LINFLEXD0_UART_RxIRQHandler
                0x40006eb8       0x16 ./SDK/platform/drivers/src/linflexd/linflexd_uart_irq.o
                0x40006eb8                LINFLEXD0_UART_RxIRQHandler
 *fill*         0x40006ece        0x2 
 .text.LINFLEXD1_UART_RxIRQHandler
                0x40006ed0       0x16 ./SDK/platform/drivers/src/linflexd/linflexd_uart_irq.o
                0x40006ed0                LINFLEXD1_UART_RxIRQHandler
 *fill*         0x40006ee6        0x2 
 .text.LINFLEXD2_UART_RxIRQHandler
                0x40006ee8       0x16 ./SDK/platform/drivers/src/linflexd/linflexd_uart_irq.o
                0x40006ee8                LINFLEXD2_UART_RxIRQHandler
 *fill*         0x40006efe        0x2 
 .text.LINFLEXD3_UART_RxIRQHandler
                0x40006f00       0x16 ./SDK/platform/drivers/src/linflexd/linflexd_uart_irq.o
                0x40006f00                LINFLEXD3_UART_RxIRQHandler
 *fill*         0x40006f16        0x2 
 .text.LINFLEXD4_UART_RxIRQHandler
                0x40006f18       0x16 ./SDK/platform/drivers/src/linflexd/linflexd_uart_irq.o
                0x40006f18                LINFLEXD4_UART_RxIRQHandler
 *fill*         0x40006f2e        0x2 
 .text.LINFLEXD5_UART_RxIRQHandler
                0x40006f30       0x16 ./SDK/platform/drivers/src/linflexd/linflexd_uart_irq.o
                0x40006f30                LINFLEXD5_UART_RxIRQHandler
 *fill*         0x40006f46        0x2 
 .text.LINFLEXD6_UART_RxIRQHandler
                0x40006f48       0x16 ./SDK/platform/drivers/src/linflexd/linflexd_uart_irq.o
                0x40006f48                LINFLEXD6_UART_RxIRQHandler
 *fill*         0x40006f5e        0x2 
 .text.LINFLEXD7_UART_RxIRQHandler
                0x40006f60       0x16 ./SDK/platform/drivers/src/linflexd/linflexd_uart_irq.o
                0x40006f60                LINFLEXD7_UART_RxIRQHandler
 *fill*         0x40006f76        0x2 
 .text.LINFLEXD8_UART_RxIRQHandler
                0x40006f78       0x16 ./SDK/platform/drivers/src/linflexd/linflexd_uart_irq.o
                0x40006f78                LINFLEXD8_UART_RxIRQHandler
 *fill*         0x40006f8e        0x2 
 .text.LINFLEXD9_UART_RxIRQHandler
                0x40006f90       0x16 ./SDK/platform/drivers/src/linflexd/linflexd_uart_irq.o
                0x40006f90                LINFLEXD9_UART_RxIRQHandler
 *fill*         0x40006fa6        0x2 
 .text.LINFLEXD10_UART_RxIRQHandler
                0x40006fa8       0x16 ./SDK/platform/drivers/src/linflexd/linflexd_uart_irq.o
                0x40006fa8                LINFLEXD10_UART_RxIRQHandler
 *fill*         0x40006fbe        0x2 
 .text.LINFLEXD11_UART_RxIRQHandler
                0x40006fc0       0x16 ./SDK/platform/drivers/src/linflexd/linflexd_uart_irq.o
                0x40006fc0                LINFLEXD11_UART_RxIRQHandler
 *fill*         0x40006fd6        0x2 
 .text.LINFLEXD12_UART_RxIRQHandler
                0x40006fd8       0x16 ./SDK/platform/drivers/src/linflexd/linflexd_uart_irq.o
                0x40006fd8                LINFLEXD12_UART_RxIRQHandler
 *fill*         0x40006fee        0x2 
 .text.LINFLEXD13_UART_RxIRQHandler
                0x40006ff0       0x16 ./SDK/platform/drivers/src/linflexd/linflexd_uart_irq.o
                0x40006ff0                LINFLEXD13_UART_RxIRQHandler
 *fill*         0x40007006        0x2 
 .text.LINFLEXD14_UART_RxIRQHandler
                0x40007008       0x16 ./SDK/platform/drivers/src/linflexd/linflexd_uart_irq.o
                0x40007008                LINFLEXD14_UART_RxIRQHandler
 *fill*         0x4000701e        0x2 
 .text.LINFLEXD15_UART_RxIRQHandler
                0x40007020       0x16 ./SDK/platform/drivers/src/linflexd/linflexd_uart_irq.o
                0x40007020                LINFLEXD15_UART_RxIRQHandler
 *fill*         0x40007036        0x2 
 .text.LINFLEXD0_UART_TxIRQHandler
                0x40007038       0x16 ./SDK/platform/drivers/src/linflexd/linflexd_uart_irq.o
                0x40007038                LINFLEXD0_UART_TxIRQHandler
 *fill*         0x4000704e        0x2 
 .text.LINFLEXD1_UART_TxIRQHandler
                0x40007050       0x16 ./SDK/platform/drivers/src/linflexd/linflexd_uart_irq.o
                0x40007050                LINFLEXD1_UART_TxIRQHandler
 *fill*         0x40007066        0x2 
 .text.LINFLEXD2_UART_TxIRQHandler
                0x40007068       0x16 ./SDK/platform/drivers/src/linflexd/linflexd_uart_irq.o
                0x40007068                LINFLEXD2_UART_TxIRQHandler
 *fill*         0x4000707e        0x2 
 .text.LINFLEXD3_UART_TxIRQHandler
                0x40007080       0x16 ./SDK/platform/drivers/src/linflexd/linflexd_uart_irq.o
                0x40007080                LINFLEXD3_UART_TxIRQHandler
 *fill*         0x40007096        0x2 
 .text.LINFLEXD4_UART_TxIRQHandler
                0x40007098       0x16 ./SDK/platform/drivers/src/linflexd/linflexd_uart_irq.o
                0x40007098                LINFLEXD4_UART_TxIRQHandler
 *fill*         0x400070ae        0x2 
 .text.LINFLEXD5_UART_TxIRQHandler
                0x400070b0       0x16 ./SDK/platform/drivers/src/linflexd/linflexd_uart_irq.o
                0x400070b0                LINFLEXD5_UART_TxIRQHandler
 *fill*         0x400070c6        0x2 
 .text.LINFLEXD6_UART_TxIRQHandler
                0x400070c8       0x16 ./SDK/platform/drivers/src/linflexd/linflexd_uart_irq.o
                0x400070c8                LINFLEXD6_UART_TxIRQHandler
 *fill*         0x400070de        0x2 
 .text.LINFLEXD7_UART_TxIRQHandler
                0x400070e0       0x16 ./SDK/platform/drivers/src/linflexd/linflexd_uart_irq.o
                0x400070e0                LINFLEXD7_UART_TxIRQHandler
 *fill*         0x400070f6        0x2 
 .text.LINFLEXD8_UART_TxIRQHandler
                0x400070f8       0x16 ./SDK/platform/drivers/src/linflexd/linflexd_uart_irq.o
                0x400070f8                LINFLEXD8_UART_TxIRQHandler
 *fill*         0x4000710e        0x2 
 .text.LINFLEXD9_UART_TxIRQHandler
                0x40007110       0x16 ./SDK/platform/drivers/src/linflexd/linflexd_uart_irq.o
                0x40007110                LINFLEXD9_UART_TxIRQHandler
 *fill*         0x40007126        0x2 
 .text.LINFLEXD10_UART_TxIRQHandler
                0x40007128       0x16 ./SDK/platform/drivers/src/linflexd/linflexd_uart_irq.o
                0x40007128                LINFLEXD10_UART_TxIRQHandler
 *fill*         0x4000713e        0x2 
 .text.LINFLEXD11_UART_TxIRQHandler
                0x40007140       0x16 ./SDK/platform/drivers/src/linflexd/linflexd_uart_irq.o
                0x40007140                LINFLEXD11_UART_TxIRQHandler
 *fill*         0x40007156        0x2 
 .text.LINFLEXD12_UART_TxIRQHandler
                0x40007158       0x16 ./SDK/platform/drivers/src/linflexd/linflexd_uart_irq.o
                0x40007158                LINFLEXD12_UART_TxIRQHandler
 *fill*         0x4000716e        0x2 
 .text.LINFLEXD13_UART_TxIRQHandler
                0x40007170       0x16 ./SDK/platform/drivers/src/linflexd/linflexd_uart_irq.o
                0x40007170                LINFLEXD13_UART_TxIRQHandler
 *fill*         0x40007186        0x2 
 .text.LINFLEXD14_UART_TxIRQHandler
                0x40007188       0x16 ./SDK/platform/drivers/src/linflexd/linflexd_uart_irq.o
                0x40007188                LINFLEXD14_UART_TxIRQHandler
 *fill*         0x4000719e        0x2 
 .text.LINFLEXD15_UART_TxIRQHandler
                0x400071a0       0x16 ./SDK/platform/drivers/src/linflexd/linflexd_uart_irq.o
                0x400071a0                LINFLEXD15_UART_TxIRQHandler
 *fill*         0x400071b6        0x2 
 .text.LINFLEXD0_UART_ErrIRQHandler
                0x400071b8       0x16 ./SDK/platform/drivers/src/linflexd/linflexd_uart_irq.o
                0x400071b8                LINFLEXD0_UART_ErrIRQHandler
 *fill*         0x400071ce        0x2 
 .text.LINFLEXD1_UART_ErrIRQHandler
                0x400071d0       0x16 ./SDK/platform/drivers/src/linflexd/linflexd_uart_irq.o
                0x400071d0                LINFLEXD1_UART_ErrIRQHandler
 *fill*         0x400071e6        0x2 
 .text.LINFLEXD2_UART_ErrIRQHandler
                0x400071e8       0x16 ./SDK/platform/drivers/src/linflexd/linflexd_uart_irq.o
                0x400071e8                LINFLEXD2_UART_ErrIRQHandler
 *fill*         0x400071fe        0x2 
 .text.LINFLEXD3_UART_ErrIRQHandler
                0x40007200       0x16 ./SDK/platform/drivers/src/linflexd/linflexd_uart_irq.o
                0x40007200                LINFLEXD3_UART_ErrIRQHandler
 *fill*         0x40007216        0x2 
 .text.LINFLEXD4_UART_ErrIRQHandler
                0x40007218       0x16 ./SDK/platform/drivers/src/linflexd/linflexd_uart_irq.o
                0x40007218                LINFLEXD4_UART_ErrIRQHandler
 *fill*         0x4000722e        0x2 
 .text.LINFLEXD5_UART_ErrIRQHandler
                0x40007230       0x16 ./SDK/platform/drivers/src/linflexd/linflexd_uart_irq.o
                0x40007230                LINFLEXD5_UART_ErrIRQHandler
 *fill*         0x40007246        0x2 
 .text.LINFLEXD6_UART_ErrIRQHandler
                0x40007248       0x16 ./SDK/platform/drivers/src/linflexd/linflexd_uart_irq.o
                0x40007248                LINFLEXD6_UART_ErrIRQHandler
 *fill*         0x4000725e        0x2 
 .text.LINFLEXD7_UART_ErrIRQHandler
                0x40007260       0x16 ./SDK/platform/drivers/src/linflexd/linflexd_uart_irq.o
                0x40007260                LINFLEXD7_UART_ErrIRQHandler
 *fill*         0x40007276        0x2 
 .text.LINFLEXD8_UART_ErrIRQHandler
                0x40007278       0x16 ./SDK/platform/drivers/src/linflexd/linflexd_uart_irq.o
                0x40007278                LINFLEXD8_UART_ErrIRQHandler
 *fill*         0x4000728e        0x2 
 .text.LINFLEXD9_UART_ErrIRQHandler
                0x40007290       0x16 ./SDK/platform/drivers/src/linflexd/linflexd_uart_irq.o
                0x40007290                LINFLEXD9_UART_ErrIRQHandler
 *fill*         0x400072a6        0x2 
 .text.LINFLEXD10_UART_ErrIRQHandler
                0x400072a8       0x16 ./SDK/platform/drivers/src/linflexd/linflexd_uart_irq.o
                0x400072a8                LINFLEXD10_UART_ErrIRQHandler
 *fill*         0x400072be        0x2 
 .text.LINFLEXD11_UART_ErrIRQHandler
                0x400072c0       0x16 ./SDK/platform/drivers/src/linflexd/linflexd_uart_irq.o
                0x400072c0                LINFLEXD11_UART_ErrIRQHandler
 *fill*         0x400072d6        0x2 
 .text.LINFLEXD12_UART_ErrIRQHandler
                0x400072d8       0x16 ./SDK/platform/drivers/src/linflexd/linflexd_uart_irq.o
                0x400072d8                LINFLEXD12_UART_ErrIRQHandler
 *fill*         0x400072ee        0x2 
 .text.LINFLEXD13_UART_ErrIRQHandler
                0x400072f0       0x16 ./SDK/platform/drivers/src/linflexd/linflexd_uart_irq.o
                0x400072f0                LINFLEXD13_UART_ErrIRQHandler
 *fill*         0x40007306        0x2 
 .text.LINFLEXD14_UART_ErrIRQHandler
                0x40007308       0x16 ./SDK/platform/drivers/src/linflexd/linflexd_uart_irq.o
                0x40007308                LINFLEXD14_UART_ErrIRQHandler
 *fill*         0x4000731e        0x2 
 .text.LINFLEXD15_UART_ErrIRQHandler
                0x40007320       0x16 ./SDK/platform/drivers/src/linflexd/linflexd_uart_irq.o
                0x40007320                LINFLEXD15_UART_ErrIRQHandler
 *fill*         0x40007336        0x2 
 .text.PINS_DRV_Init
                0x40007338       0x38 ./SDK/platform/drivers/src/pins/siul2/pins_siul2_driver.o
                0x40007338                PINS_DRV_Init
 .text.PINS_Init
                0x40007370      0x1ac ./SDK/platform/drivers/src/pins/siul2/siul2_hw_access.o
                0x40007370                PINS_Init
 .text.I2C_MasterInit
                0x4000751c       0x86 ./SDK/platform/pal/src/i2c/i2c_pal.o
                0x4000751c                I2C_MasterInit
 *fill*         0x400075a2        0x2 
 .text.I2C_MasterSendDataBlocking
                0x400075a4       0x24 ./SDK/platform/pal/src/i2c/i2c_pal.o
                0x400075a4                I2C_MasterSendDataBlocking
 .text.UART_Init
                0x400075c8      0x17c ./SDK/platform/pal/src/uart/uart_pal.o
                0x400075c8                UART_Init
 .text.UART_SendDataBlocking
                0x40007744       0x64 ./SDK/platform/pal/src/uart/uart_pal.o
                0x40007744                UART_SendDataBlocking
 .text.UART_SetRxBuffer
                0x400077a8       0x4a ./SDK/platform/pal/src/uart/uart_pal.o
                0x400077a8                UART_SetRxBuffer
 *fill*         0x400077f2        0x2 
 .text.OSIF_PIT_IRQHandler
                0x400077f4       0x22 ./SDK/rtos/osif/osif_baremetal.o
                0x400077f4                OSIF_PIT_IRQHandler
 *fill*         0x40007816        0x2 
 .text.OSIF_SemaWait
                0x40007818      0x154 ./SDK/rtos/osif/osif_baremetal.o
                0x40007818                OSIF_SemaWait
 .text.OSIF_SemaPost
                0x4000796c       0x54 ./SDK/rtos/osif/osif_baremetal.o
                0x4000796c                OSIF_SemaPost
 .text.OSIF_SemaCreate
                0x400079c0       0x42 ./SDK/rtos/osif/osif_baremetal.o
                0x400079c0                OSIF_SemaCreate
 *fill*         0x40007a02        0x2 
 .text.delay    0x40007a04       0x1a ./Sources/main.o
                0x40007a04                delay
 *fill*         0x40007a1e        0x2 
 .text.decToBcd
                0x40007a20       0x26 ./Sources/main.o
                0x40007a20                decToBcd
 *fill*         0x40007a46        0x2 
 .text.setDS3231time
                0x40007a48       0x98 ./Sources/main.o
                0x40007a48                setDS3231time
 .text.rxCallback
                0x40007ae0       0x52 ./Sources/main.o
                0x40007ae0                rxCallback
 *fill*         0x40007b32        0x2 
 .text.main     0x40007b34       0xbe ./Sources/main.o
                0x40007b34                main
 .text.strlen   0x40007bf2       0x12 C:/NXP/S32DS_Power_v2.1/S32DS/build_tools/e200_ewl2/lib/e200z4/fp\libc99.a(strlen.o)
                0x40007bf2                strlen
 *(.init)
 .init          0x40007c04        0xc c:/nxp/s32ds_power_v2.1/s32ds/build_tools/powerpc-eabivle-4_9/bin/../lib/gcc/powerpc-eabivle/4.9.4/e200z4/fp/ecrti.o
                0x40007c04                __init
 .init          0x40007c10        0x4 c:/nxp/s32ds_power_v2.1/s32ds/build_tools/powerpc-eabivle-4_9/bin/../lib/gcc/powerpc-eabivle/4.9.4/e200z4/fp/crtbegin.o
 .init          0x40007c14        0x4 c:/nxp/s32ds_power_v2.1/s32ds/build_tools/powerpc-eabivle-4_9/bin/../lib/gcc/powerpc-eabivle/4.9.4/e200z4/fp/crtend.o
 .init          0x40007c18        0xa c:/nxp/s32ds_power_v2.1/s32ds/build_tools/powerpc-eabivle-4_9/bin/../lib/gcc/powerpc-eabivle/4.9.4/e200z4/fp/ecrtn.o
 *(.fini)
 *fill*         0x40007c22        0x2 
 .fini          0x40007c24        0xc c:/nxp/s32ds_power_v2.1/s32ds/build_tools/powerpc-eabivle-4_9/bin/../lib/gcc/powerpc-eabivle/4.9.4/e200z4/fp/ecrti.o
                0x40007c24                __fini
 .fini          0x40007c30        0x4 c:/nxp/s32ds_power_v2.1/s32ds/build_tools/powerpc-eabivle-4_9/bin/../lib/gcc/powerpc-eabivle/4.9.4/e200z4/fp/crtbegin.o
 .fini          0x40007c34        0xa c:/nxp/s32ds_power_v2.1/s32ds/build_tools/powerpc-eabivle-4_9/bin/../lib/gcc/powerpc-eabivle/4.9.4/e200z4/fp/ecrtn.o
 *(.rchw)
 *(.cpu0_reset_vector)
 *(.cpu2_reset_vector)
                0x40007c40                . = ALIGN (0x10)
 *fill*         0x40007c3e        0x2 

.glink          0x40007c40        0x0
 .glink         0x40007c40        0x0 c:/nxp/s32ds_power_v2.1/s32ds/build_tools/powerpc-eabivle-4_9/bin/../lib/gcc/powerpc-eabivle/4.9.4/e200z4/fp/crtbegin.o

.sdata2         0x40007c40       0x20
                0x40007c40                . = ALIGN (0x4)
                0x40007c40                __sdata2_start__ = .
 *(.sdata2)
 .sdata2        0x40007c40        0x0 c:/nxp/s32ds_power_v2.1/s32ds/build_tools/powerpc-eabivle-4_9/bin/../lib/gcc/powerpc-eabivle/4.9.4/e200z4/fp/ecrti.o
                0x40007c40                __SDATA2_START__
 .sdata2        0x40007c40        0x0 c:/nxp/s32ds_power_v2.1/s32ds/build_tools/powerpc-eabivle-4_9/bin/../lib/gcc/powerpc-eabivle/4.9.4/e200z4/fp/crtbegin.o
                0x4000fc40                _SDA2_BASE_
 *(.sdata2.*)
 .sdata2.uart_pal1_instance
                0x40007c40        0x8 ./Generated_Code/uart_pal1.o
                0x40007c40                uart_pal1_instance
 .sdata2.s_vectors
                0x40007c48        0x8 ./SDK/platform/devices/startup.o
 .sdata2.s_dmaMuxBase
                0x40007c50        0x8 ./SDK/platform/drivers/src/edma/edma_driver.o
 .sdata2.g_i2cDMASrc
                0x40007c58        0x8 ./SDK/platform/drivers/src/i2c/i2c_driver.o
                0x40007c60                . = ALIGN (0x4)
                0x40007c60                __sdata2_end__ = .

.preinit_array  0x40007c60        0x0
                [!provide]                PROVIDE (__preinit_array_start, .)
 *(.preinit_array)
                [!provide]                PROVIDE (__preinit_array_end, .)

.init_array     0x40007c60        0x0
                [!provide]                PROVIDE (__init_array_start, .)
 *(SORT(.init_array.*))
 *(.init_array)
                [!provide]                PROVIDE (__init_array_end, .)

.fini_array     0x40007c60        0x0
                [!provide]                PROVIDE (__fini_array_start, .)
 *(SORT(.fini_array.*))
 *(.fini_array)
                [!provide]                PROVIDE (__fini_array_end, .)

.dtors          0x40007c60        0x8
 *crtbegin.o(.dtors)
 .dtors         0x40007c60        0x4 c:/nxp/s32ds_power_v2.1/s32ds/build_tools/powerpc-eabivle-4_9/bin/../lib/gcc/powerpc-eabivle/4.9.4/e200z4/fp/crtbegin.o
 *crtbegin?.o(.dtors)
 *(EXCLUDE_FILE(*crtend?.o *crtend.o) .dtors)
 .dtors         0x40007c64        0x0 c:/nxp/s32ds_power_v2.1/s32ds/build_tools/powerpc-eabivle-4_9/bin/../lib/gcc/powerpc-eabivle/4.9.4/e200z4/fp/ecrti.o
                0x40007c64                __DTOR_LIST__
 .dtors         0x40007c64        0x0 c:/nxp/s32ds_power_v2.1/s32ds/build_tools/powerpc-eabivle-4_9/bin/../lib/gcc/powerpc-eabivle/4.9.4/e200z4/fp/ecrtn.o
 *(SORT(.dtors.*))
 *(.dtors)
 .dtors         0x40007c64        0x4 c:/nxp/s32ds_power_v2.1/s32ds/build_tools/powerpc-eabivle-4_9/bin/../lib/gcc/powerpc-eabivle/4.9.4/e200z4/fp/crtend.o
                0x40007c64                __DTOR_END__

.ctors          0x40007c68        0x8
 *crtbegin.o(.ctors)
 .ctors         0x40007c68        0x4 c:/nxp/s32ds_power_v2.1/s32ds/build_tools/powerpc-eabivle-4_9/bin/../lib/gcc/powerpc-eabivle/4.9.4/e200z4/fp/crtbegin.o
 *crtbegin?.o(.ctors)
 *(EXCLUDE_FILE(*crtend?.o *crtend.o) .ctors)
 .ctors         0x40007c6c        0x0 c:/nxp/s32ds_power_v2.1/s32ds/build_tools/powerpc-eabivle-4_9/bin/../lib/gcc/powerpc-eabivle/4.9.4/e200z4/fp/ecrti.o
                0x40007c6c                __CTOR_LIST__
 .ctors         0x40007c6c        0x0 c:/nxp/s32ds_power_v2.1/s32ds/build_tools/powerpc-eabivle-4_9/bin/../lib/gcc/powerpc-eabivle/4.9.4/e200z4/fp/ecrtn.o
                0x40007c6c                __CTOR_END__
 *(SORT(.ctors.*))
 *(.ctors)
 .ctors         0x40007c6c        0x4 c:/nxp/s32ds_power_v2.1/s32ds/build_tools/powerpc-eabivle-4_9/bin/../lib/gcc/powerpc-eabivle/4.9.4/e200z4/fp/crtend.o
                0x00000000                __CODE_ROM = 0x0
                0x00000000                __CODE_END = 0x0

.code_ram       0x40007c70        0x0
                0x40007c70                . = ALIGN (0x4)
                0x40007c70                __CODE_RAM = .
                0x40007c70                __code_ram_start__ = .
 *(.code_ram)
                0x40007c70                __code_ram_end__ = .
                0x40007c70                . = ALIGN (0x4)

.rodata         0x40007c70      0xb7c
 *(.rodata)
 *(.rodata.*)
 .rodata.uart_pal1_Config0
                0x40007c70       0x2c ./Generated_Code/uart_pal1.o
                0x40007c70                uart_pal1_Config0
 .rodata.CLOCK_DRV_Init
                0x40007c9c      0x100 ./SDK/platform/drivers/src/clock/MPC57xx/clock_MPC57xx.o
 .rodata.CLOCK_DRV_GetFreq
                0x40007d9c       0x6c ./SDK/platform/drivers/src/clock/MPC57xx/clock_MPC57xx.o
 .rodata.interfaceClocks
                0x40007e08      0x1e8 ./SDK/platform/drivers/src/clock/MPC57xx/clock_MPC57xx.o
 .rodata.monitoredClocks
                0x40007ff0      0x1e8 ./SDK/platform/drivers/src/clock/MPC57xx/clock_MPC57xx.o
 .rodata.clockNameMappings
                0x400081d8       0xf4 ./SDK/platform/drivers/src/clock/MPC57xx/clock_MPC57xx.o
                0x400081d8                clockNameMappings
 .rodata.EDMA_DRV_ConfigSingleBlockTransfer
                0x400082cc       0x10 ./SDK/platform/drivers/src/edma/edma_driver.o
 .rodata.g_i2cIrqId
                0x400082dc       0x10 ./SDK/platform/drivers/src/i2c/i2c_driver.o
 .rodata.g_i2cDividers
                0x400082ec      0x238 ./SDK/platform/drivers/src/i2c/i2c_driver.o
 .rodata.g_i2cBase
                0x40008524       0x10 ./SDK/platform/drivers/src/i2c/i2c_driver.o
 .rodata.g_i2cClock
                0x40008534       0x10 ./SDK/platform/drivers/src/i2c/i2c_driver.o
 .rodata.s_LINFlexDInstHasDma
                0x40008544       0x10 ./SDK/platform/drivers/src/linflexd/linflexd_uart_driver.o
 .rodata.s_uartLINFlexDRxIntVec
                0x40008554       0x40 ./SDK/platform/drivers/src/linflexd/linflexd_uart_driver.o
 .rodata.s_uartLINFlexDErrIntVec
                0x40008594       0x40 ./SDK/platform/drivers/src/linflexd/linflexd_uart_driver.o
 .rodata.s_uartLINFlexDTxIntVec
                0x400085d4       0x40 ./SDK/platform/drivers/src/linflexd/linflexd_uart_driver.o
 .rodata.s_uartLINFlexDClkNames
                0x40008614       0x40 ./SDK/platform/drivers/src/linflexd/linflexd_uart_driver.o
 .rodata.s_LINFlexDBase
                0x40008654       0x40 ./SDK/platform/drivers/src/linflexd/linflexd_uart_driver.o
 .rodata.s_LINFlexDInstHasFilters
                0x40008694       0x10 ./SDK/platform/drivers/src/linflexd/linflexd_uart_driver.o
 .rodata.g_uartLINFlexDTxIsr
                0x400086a4       0x40 ./SDK/platform/drivers/src/linflexd/linflexd_uart_irq.o
                0x400086a4                g_uartLINFlexDTxIsr
 .rodata.g_uartLINFlexDErrIsr
                0x400086e4       0x40 ./SDK/platform/drivers/src/linflexd/linflexd_uart_irq.o
                0x400086e4                g_uartLINFlexDErrIsr
 .rodata.g_uartLINFlexDRxIsr
                0x40008724       0x40 ./SDK/platform/drivers/src/linflexd/linflexd_uart_irq.o
                0x40008724                g_uartLINFlexDRxIsr
 .rodata.UART_Init
                0x40008764       0x18 ./SDK/platform/pal/src/uart/uart_pal.o
 .rodata.pitIrqId.4937
                0x4000877c       0x44 ./SDK/rtos/osif/osif_baremetal.o
 .rodata.str1.4
                0x400087c0       0x2c ./Sources/main.o
                                 0x29 (size before relaxing)

.sbss2          0x400087ec        0x0
 .sbss2         0x400087ec        0x0 c:/nxp/s32ds_power_v2.1/s32ds/build_tools/powerpc-eabivle-4_9/bin/../lib/gcc/powerpc-eabivle/4.9.4/e200z4/fp/ecrtn.o

.eh_frame_hdr
 *(.eh_frame_hdr)

.eh_frame       0x400087ec        0x8
 *(.eh_frame)
 .eh_frame      0x400087ec        0x0 c:/nxp/s32ds_power_v2.1/s32ds/build_tools/powerpc-eabivle-4_9/bin/../lib/gcc/powerpc-eabivle/4.9.4/e200z4/fp/ecrti.o
                0x400087ec                __EH_FRAME_BEGIN__
 .eh_frame      0x400087ec        0x0 c:/nxp/s32ds_power_v2.1/s32ds/build_tools/powerpc-eabivle-4_9/bin/../lib/gcc/powerpc-eabivle/4.9.4/e200z4/fp/crtbegin.o
 .eh_frame      0x400087ec        0x0 c:/nxp/s32ds_power_v2.1/s32ds/build_tools/powerpc-eabivle-4_9/bin/../lib/gcc/powerpc-eabivle/4.9.4/e200z4/fp/crtbegin.o
 .eh_frame      0x400087ec        0x4 c:/nxp/s32ds_power_v2.1/s32ds/build_tools/powerpc-eabivle-4_9/bin/../lib/gcc/powerpc-eabivle/4.9.4/e200z4/fp/crtend.o
 .eh_frame      0x400087f0        0x4 c:/nxp/s32ds_power_v2.1/s32ds/build_tools/powerpc-eabivle-4_9/bin/../lib/gcc/powerpc-eabivle/4.9.4/e200z4/fp/ecrtn.o
                0x400087f0                __EH_FRAME_END__

.init_table     0x400087f4       0x40
                0x400087f4                . = ALIGN (0x4)
                0x400087f4                __COPY_TABLE = .
 *(.init_table)
 .init_table    0x400087f4       0x40 ./Project_Settings/Startup_Code/startup_MPC5746C.o

.zero_table     0x40008834       0x14
                0x40008834                . = ALIGN (0x4)
                0x40008834                __ZERO_TABLE = .
 *(.zero_table)
 .zero_table    0x40008834       0x14 ./Project_Settings/Startup_Code/startup_MPC5746C.o
                0x40008848                __TEXT_END = .
                0x00000000                __DATA_ROM = 0x0
                0x00000000                __DATA_END = 0x0

.rela.dyn       0x40008848        0x0
 .rela.iplt     0x40008848        0x0 c:/nxp/s32ds_power_v2.1/s32ds/build_tools/powerpc-eabivle-4_9/bin/../lib/gcc/powerpc-eabivle/4.9.4/e200z4/fp/crtbegin.o
 .rela.text     0x40008848        0x0 c:/nxp/s32ds_power_v2.1/s32ds/build_tools/powerpc-eabivle-4_9/bin/../lib/gcc/powerpc-eabivle/4.9.4/e200z4/fp/crtbegin.o
 .rela.rodata.uart_pal1_Config0
                0x40008848        0x0 c:/nxp/s32ds_power_v2.1/s32ds/build_tools/powerpc-eabivle-4_9/bin/../lib/gcc/powerpc-eabivle/4.9.4/e200z4/fp/crtbegin.o
 .rela.init_table
                0x40008848        0x0 c:/nxp/s32ds_power_v2.1/s32ds/build_tools/powerpc-eabivle-4_9/bin/../lib/gcc/powerpc-eabivle/4.9.4/e200z4/fp/crtbegin.o
 .rela.zero_table
                0x40008848        0x0 c:/nxp/s32ds_power_v2.1/s32ds/build_tools/powerpc-eabivle-4_9/bin/../lib/gcc/powerpc-eabivle/4.9.4/e200z4/fp/crtbegin.o
 .rela.cpu0_reset_vector
                0x40008848        0x0 c:/nxp/s32ds_power_v2.1/s32ds/build_tools/powerpc-eabivle-4_9/bin/../lib/gcc/powerpc-eabivle/4.9.4/e200z4/fp/crtbegin.o
 .rela.intc_vector_table
                0x40008848        0x0 c:/nxp/s32ds_power_v2.1/s32ds/build_tools/powerpc-eabivle-4_9/bin/../lib/gcc/powerpc-eabivle/4.9.4/e200z4/fp/crtbegin.o
 .rela.text.init_data_bss
                0x40008848        0x0 c:/nxp/s32ds_power_v2.1/s32ds/build_tools/powerpc-eabivle-4_9/bin/../lib/gcc/powerpc-eabivle/4.9.4/e200z4/fp/crtbegin.o
 .rela.text.INT_SYS_InstallHandler
                0x40008848        0x0 c:/nxp/s32ds_power_v2.1/s32ds/build_tools/powerpc-eabivle-4_9/bin/../lib/gcc/powerpc-eabivle/4.9.4/e200z4/fp/crtbegin.o
 .rela.text.LINFLEXD_UART_DRV_Init
                0x40008848        0x0 c:/nxp/s32ds_power_v2.1/s32ds/build_tools/powerpc-eabivle-4_9/bin/../lib/gcc/powerpc-eabivle/4.9.4/e200z4/fp/crtbegin.o
 .rela.text.LINFLEXD_UART_DRV_Deinit
                0x40008848        0x0 c:/nxp/s32ds_power_v2.1/s32ds/build_tools/powerpc-eabivle-4_9/bin/../lib/gcc/powerpc-eabivle/4.9.4/e200z4/fp/crtbegin.o
 .rela.got2     0x40008848        0x0 c:/nxp/s32ds_power_v2.1/s32ds/build_tools/powerpc-eabivle-4_9/bin/../lib/gcc/powerpc-eabivle/4.9.4/e200z4/fp/crtbegin.o

.data           0x40008848     0x1404
                0x40008848                . = ALIGN (0x4)
                0x40008848                __DATA_RAM = .
                0x40008848                __data_start__ = .
 *(.data)
 .data          0x40008848        0x4 c:/nxp/s32ds_power_v2.1/s32ds/build_tools/powerpc-eabivle-4_9/bin/../lib/gcc/powerpc-eabivle/4.9.4/e200z4/fp\libgcc.a(eabivle.o)
 *(.data.*)
 .data.peripheralClockMcMeConfig0
                0x4000884c      0x2dc ./Generated_Code/clockMan1.o
                0x4000884c                peripheralClockMcMeConfig0
 .data.clockMan1_InitConfig0
                0x40008b28      0x248 ./Generated_Code/clockMan1.o
                0x40008b28                clockMan1_InitConfig0
 .data.i2cmaster_MasterConfig0
                0x40008d70       0x20 ./Generated_Code/i2cmaster.o
                0x40008d70                i2cmaster_MasterConfig0
 .data.g_pin_mux_InitConfigArr
                0x40008d90      0xebc ./Generated_Code/pin_mux.o
                0x40008d90                g_pin_mux_InitConfigArr
                0x40009c4c                . = ALIGN (0x4)
                0x40009c4c                __data_end__ = .
                0x00000000                __SDATA_ROM = 0x0
                0x00000000                __SDATA_END = 0x0

.jcr            0x40009c4c        0x0
 .jcr           0x40009c4c        0x0 c:/nxp/s32ds_power_v2.1/s32ds/build_tools/powerpc-eabivle-4_9/bin/../lib/gcc/powerpc-eabivle/4.9.4/e200z4/fp/crtbegin.o

.tm_clone_table
                0x40009c4c        0x0
 .tm_clone_table
                0x40009c4c        0x0 c:/nxp/s32ds_power_v2.1/s32ds/build_tools/powerpc-eabivle-4_9/bin/../lib/gcc/powerpc-eabivle/4.9.4/e200z4/fp/crtbegin.o
 .tm_clone_table
                0x40009c4c        0x0 c:/nxp/s32ds_power_v2.1/s32ds/build_tools/powerpc-eabivle-4_9/bin/../lib/gcc/powerpc-eabivle/4.9.4/e200z4/fp/crtend.o

.got2           0x40009c4c       0x1c
 .got2          0x40009c4c       0x1c c:/nxp/s32ds_power_v2.1/s32ds/build_tools/powerpc-eabivle-4_9/bin/../lib/gcc/powerpc-eabivle/4.9.4/e200z4/fp\libgcc.a(eabivle.o)

.sdata          0x40009c68       0x18
                0x40009c68                . = ALIGN (0x4)
                0x40009c68                __SDATA_RAM = .
                0x40009c68                __sdata_start__ = .
 *(.sdata)
 .sdata         0x40009c68        0x0 c:/nxp/s32ds_power_v2.1/s32ds/build_tools/powerpc-eabivle-4_9/bin/../lib/gcc/powerpc-eabivle/4.9.4/e200z4/fp/ecrti.o
                0x40009c68                __SDATA_START__
 .sdata         0x40009c68        0x0 c:/nxp/s32ds_power_v2.1/s32ds/build_tools/powerpc-eabivle-4_9/bin/../lib/gcc/powerpc-eabivle/4.9.4/e200z4/fp/crtbegin.o
                0x40011c68                _SDA_BASE_
 *(.sdata.*)
 .sdata.g_clockManConfigsArr
                0x40009c68        0x4 ./Generated_Code/clockMan1.o
                0x40009c68                g_clockManConfigsArr
 .sdata.i2cmaster_instance
                0x40009c6c        0x8 ./Generated_Code/i2cmaster.o
                0x40009c6c                i2cmaster_instance
 .sdata.g_xtal0ClkFreq
                0x40009c74        0x4 ./SDK/platform/drivers/src/clock/MPC57xx/clock_MPC57xx.o
                0x40009c74                g_xtal0ClkFreq
 .sdata.g_xtal1ClkFreq
                0x40009c78        0x4 ./SDK/platform/drivers/src/clock/MPC57xx/clock_MPC57xx.o
                0x40009c78                g_xtal1ClkFreq
 .sdata.first_init.4929
                0x40009c7c        0x1 ./SDK/rtos/osif/osif_baremetal.o
                0x40009c80                . = ALIGN (0x4)
 *fill*         0x40009c7d        0x3 
                0x40009c80                __sdata_end__ = .

.sbss           0x40009c80       0x54
                0x40009c80                . = ALIGN (0x4)
                0x40009c80                __SBSS_START = .
                0x40009c80                __sbss_start__ = .
 *(.sbss)
 .sbss          0x40009c80        0x0 c:/nxp/s32ds_power_v2.1/s32ds/build_tools/powerpc-eabivle-4_9/bin/../lib/gcc/powerpc-eabivle/4.9.4/e200z4/fp/ecrtn.o
                0x40009c80                __SBSS_END__
 *(.sbss.*)
 .sbss.g_clockManCallbacksArr
                0x40009c80        0x4 ./Generated_Code/clockMan1.o
                0x40009c80                g_clockManCallbacksArr
 .sbss.g_pllPhi1ClkFreq
                0x40009c84        0x4 ./SDK/platform/drivers/src/clock/MPC57xx/clock_MPC57xx.o
 .sbss.g_enetRmiiClkFreq
                0x40009c88        0x4 ./SDK/platform/drivers/src/clock/MPC57xx/clock_MPC57xx.o
 .sbss.g_fircClkUndividedFreq
                0x40009c8c        0x4 ./SDK/platform/drivers/src/clock/MPC57xx/clock_MPC57xx.o
 .sbss.g_sircClkUndividedFreq
                0x40009c90        0x4 ./SDK/platform/drivers/src/clock/MPC57xx/clock_MPC57xx.o
 .sbss.g_fircClkFreq
                0x40009c94        0x4 ./SDK/platform/drivers/src/clock/MPC57xx/clock_MPC57xx.o
 .sbss.g_sxoscClkFreq
                0x40009c98        0x4 ./SDK/platform/drivers/src/clock/MPC57xx/clock_MPC57xx.o
 .sbss.g_pllPhi0ClkFreq
                0x40009c9c        0x4 ./SDK/platform/drivers/src/clock/MPC57xx/clock_MPC57xx.o
 .sbss.g_sircClkFreq
                0x40009ca0        0x4 ./SDK/platform/drivers/src/clock/MPC57xx/clock_MPC57xx.o
 .sbss.clockSourceFrequenciesAreCalculatedAndCached.5884
                0x40009ca4        0x1 ./SDK/platform/drivers/src/clock/MPC57xx/clock_MPC57xx.o
 *fill*         0x40009ca5        0x3 
 .sbss.g_sxoscClkUndividedFreq
                0x40009ca8        0x4 ./SDK/platform/drivers/src/clock/MPC57xx/clock_MPC57xx.o
 .sbss.g_fxoscClkUndividedFreq
                0x40009cac        0x4 ./SDK/platform/drivers/src/clock/MPC57xx/clock_MPC57xx.o
 .sbss.g_fxoscClkFreq
                0x40009cb0        0x4 ./SDK/platform/drivers/src/clock/MPC57xx/clock_MPC57xx.o
 .sbss.s_virtEdmaState
                0x40009cb4        0x4 ./SDK/platform/drivers/src/edma/edma_driver.o
 .sbss.g_interruptDisableCount
                0x40009cb8        0x4 ./SDK/platform/drivers/src/interrupt/interrupt_manager_MPC57xx.o
 .sbss.I2CStateIsAllocated
                0x40009cbc        0x1 ./SDK/platform/pal/src/i2c/i2c_pal.o
 *fill*         0x40009cbd        0x3 
 .sbss.I2CStateInstanceMapping
                0x40009cc0        0x4 ./SDK/platform/pal/src/i2c/i2c_pal.o
 .sbss.s_linFlexDStateInstanceMapping
                0x40009cc4        0x1 ./SDK/platform/pal/src/uart/uart_pal.o
 *fill*         0x40009cc5        0x3 
 .sbss.s_linFlexDStateIsAllocated
                0x40009cc8        0x1 ./SDK/platform/pal/src/uart/uart_pal.o
 *fill*         0x40009cc9        0x3 
 .sbss.s_osif_tick_cnt
                0x40009ccc        0x4 ./SDK/rtos/osif/osif_baremetal.o
 .sbss.bufferIdx
                0x40009cd0        0x1 ./Sources/main.o
                0x40009cd0                bufferIdx
 *fill*         0x40009cd1        0x1 
 .sbss.i        0x40009cd2        0x2 ./Sources/main.o
                0x40009cd2                i
                0x40009cd4                . = ALIGN (0x4)
                0x40009cd4                __sbss_end__ = .
                0x40009cd4                __SBSS_END = .

.bss            0x40009cd4      0x21c
                0x40009cd4                . = ALIGN (0x4)
                0x40009cd4                __BSS_START = .
                0x40009cd4                __bss_start__ = .
 *(.bss)
 .bss           0x40009cd4       0x20 c:/nxp/s32ds_power_v2.1/s32ds/build_tools/powerpc-eabivle-4_9/bin/../lib/gcc/powerpc-eabivle/4.9.4/e200z4/fp/crtbegin.o
 *(.bss.*)
 .bss.g_clockState
                0x40009cf4       0x10 ./SDK/platform/drivers/src/clock/MPC57xx/clock_MPC57xx.o
 .bss.g_i2cMasterStatePtr
                0x40009d04       0x10 ./SDK/platform/drivers/src/i2c/i2c_driver.o
 .bss.g_i2cSlaveStatePtr
                0x40009d14       0x10 ./SDK/platform/drivers/src/i2c/i2c_driver.o
 .bss.s_uartLINFlexDStatePtr
                0x40009d24       0x40 ./SDK/platform/drivers/src/linflexd/linflexd_uart_driver.o
 .bss.I2CMasterState
                0x40009d64       0x28 ./SDK/platform/pal/src/i2c/i2c_pal.o
                0x40009d64                I2CMasterState
 .bss.s_linFlexDState
                0x40009d8c       0x44 ./SDK/platform/pal/src/uart/uart_pal.o
 .bss.buffer    0x40009dd0      0x100 ./Sources/main.o
                0x40009dd0                buffer
 .bss.masterTxBuffer
                0x40009ed0       0x10 ./Sources/main.o
                0x40009ed0                masterTxBuffer
 .bss.rxbuff    0x40009ee0       0x10 ./Sources/main.o
                0x40009ee0                rxbuff
 *(COMMON)
                0x40009ef0                . = ALIGN (0x4)
                0x40009ef0                __bss_end__ = .
                0x40009ef0                __BSS_END = .

.iplt           0x40009ef0        0x0
 .iplt          0x40009ef0        0x0 c:/nxp/s32ds_power_v2.1/s32ds/build_tools/powerpc-eabivle-4_9/bin/../lib/gcc/powerpc-eabivle/4.9.4/e200z4/fp/crtbegin.o

.stack          0x40009ef0     0x1000
                0x40009ef0                __HEAP = .
                [!provide]                PROVIDE (_end, .)
                [!provide]                PROVIDE (end, .)
                0x40009ef0                . = (. + __HEAP_SIZE)
                0x40009ef0                __HEAP_END = .
                0x40009ef0                _stack_end = .
                0x4000aef0                . = (. + __STACK_SIZE)
 *fill*         0x40009ef0     0x1000 
                0x4000aef0                . = ALIGN (0x4)
                0x4000aef0                _stack_addr = .
                0x4000aef0                __SP_INIT = .
                0x00026380                __SRAM_SIZE = (SRAM_SIZE - (__sdata_end__ - SRAM_BASE_ADDR))
                0x40009c80                __SRAM_BASE_ADDR = __sdata_end__
                0x0000021c                __BSS_SIZE = (__BSS_END - __BSS_START)
OUTPUT(i2c_pal_mpc5746c.elf elf32-powerpc)

.comment        0x00000000       0x9c
 .comment       0x00000000        0xd c:/nxp/s32ds_power_v2.1/s32ds/build_tools/powerpc-eabivle-4_9/bin/../lib/gcc/powerpc-eabivle/4.9.4/e200z4/fp/ecrti.o
                                  0xe (size before relaxing)
 .comment       0x0000000d       0x82 c:/nxp/s32ds_power_v2.1/s32ds/build_tools/powerpc-eabivle-4_9/bin/../lib/gcc/powerpc-eabivle/4.9.4/e200z4/fp/crtbegin.o
                                 0x83 (size before relaxing)
 .comment       0x0000008f       0x83 ./Generated_Code/clockMan1.o
 .comment       0x0000008f       0x83 ./Generated_Code/i2cmaster.o
 .comment       0x0000008f       0x83 ./Generated_Code/pin_mux.o
 .comment       0x0000008f       0x83 ./Generated_Code/uart_pal1.o
 .comment       0x0000008f       0x83 ./SDK/platform/devices/MPC5746C/startup/system_MPC5746C.o
 .comment       0x0000008f       0x83 ./SDK/platform/devices/startup.o
 .comment       0x0000008f       0x83 ./SDK/platform/drivers/src/clock/MPC57xx/clock_MPC57xx.o
 .comment       0x0000008f       0x83 ./SDK/platform/drivers/src/edma/edma_driver.o
 .comment       0x0000008f       0x83 ./SDK/platform/drivers/src/edma/edma_hw_access.o
 .comment       0x0000008f       0x83 ./SDK/platform/drivers/src/edma/edma_irq.o
 .comment       0x0000008f       0x83 ./SDK/platform/drivers/src/i2c/i2c_driver.o
 .comment       0x0000008f       0x83 ./SDK/platform/drivers/src/i2c/i2c_irq.o
 .comment       0x0000008f       0x83 ./SDK/platform/drivers/src/interrupt/interrupt_manager_MPC57xx.o
 .comment       0x0000008f       0x83 ./SDK/platform/drivers/src/linflexd/linflexd_uart_driver.o
 .comment       0x0000008f       0x83 ./SDK/platform/drivers/src/linflexd/linflexd_uart_irq.o
 .comment       0x0000008f       0x83 ./SDK/platform/drivers/src/pins/siul2/pins_siul2_driver.o
 .comment       0x0000008f       0x83 ./SDK/platform/drivers/src/pins/siul2/siul2_hw_access.o
 .comment       0x0000008f       0x83 ./SDK/platform/pal/src/i2c/i2c_pal.o
 .comment       0x0000008f       0x83 ./SDK/platform/pal/src/uart/uart_pal.o
 .comment       0x0000008f       0x83 ./SDK/rtos/osif/osif_baremetal.o
 .comment       0x0000008f       0x83 ./Sources/main.o
 .comment       0x0000008f       0x83 C:/NXP/S32DS_Power_v2.1/S32DS/build_tools/e200_ewl2/lib/e200z4/fp\libc99.a(strlen.o)
 .comment       0x0000008f       0x83 c:/nxp/s32ds_power_v2.1/s32ds/build_tools/powerpc-eabivle-4_9/bin/../lib/gcc/powerpc-eabivle/4.9.4/e200z4/fp/crtend.o
 .comment       0x0000008f        0xd c:/nxp/s32ds_power_v2.1/s32ds/build_tools/powerpc-eabivle-4_9/bin/../lib/gcc/powerpc-eabivle/4.9.4/e200z4/fp/ecrtn.o
                                  0xe (size before relaxing)

.PPC.EMB.apuinfo
                0x00000000       0x20
 .PPC.EMB.apuinfo
                0x00000000       0x18 c:/nxp/s32ds_power_v2.1/s32ds/build_tools/powerpc-eabivle-4_9/bin/../lib/gcc/powerpc-eabivle/4.9.4/e200z4/fp/ecrti.o
 .PPC.EMB.apuinfo
                0x00000018       0x18 c:/nxp/s32ds_power_v2.1/s32ds/build_tools/powerpc-eabivle-4_9/bin/../lib/gcc/powerpc-eabivle/4.9.4/e200z4/fp/crtbegin.o
 .PPC.EMB.apuinfo
                0x00000030       0x1c ./Project_Settings/Startup_Code/core0_intc_sw_handlers.o
 .PPC.EMB.apuinfo
                0x0000004c       0x18 ./Project_Settings/Startup_Code/interrupt_vectors.o
 .PPC.EMB.apuinfo
                0x00000064       0x18 ./Project_Settings/Startup_Code/startup_MPC5746C.o
 .PPC.EMB.apuinfo
                0x0000007c       0x18 ./SDK/platform/devices/MPC5746C/startup/system_MPC5746C.o
 .PPC.EMB.apuinfo
                0x00000094       0x18 ./SDK/platform/devices/startup.o
 .PPC.EMB.apuinfo
                0x000000ac       0x18 ./SDK/platform/drivers/src/clock/MPC57xx/clock_MPC57xx.o
 .PPC.EMB.apuinfo
                0x000000c4       0x18 ./SDK/platform/drivers/src/edma/edma_driver.o
 .PPC.EMB.apuinfo
                0x000000dc       0x18 ./SDK/platform/drivers/src/edma/edma_hw_access.o
 .PPC.EMB.apuinfo
                0x000000f4       0x18 ./SDK/platform/drivers/src/edma/edma_irq.o
 .PPC.EMB.apuinfo
                0x0000010c       0x18 ./SDK/platform/drivers/src/i2c/i2c_driver.o
 .PPC.EMB.apuinfo
                0x00000124       0x18 ./SDK/platform/drivers/src/i2c/i2c_irq.o
 .PPC.EMB.apuinfo
                0x0000013c       0x18 ./SDK/platform/drivers/src/interrupt/interrupt_manager_MPC57xx.o
 .PPC.EMB.apuinfo
                0x00000154       0x1c ./SDK/platform/drivers/src/linflexd/linflexd_uart_driver.o
 .PPC.EMB.apuinfo
                0x00000170       0x18 ./SDK/platform/drivers/src/linflexd/linflexd_uart_irq.o
 .PPC.EMB.apuinfo
                0x00000188       0x18 ./SDK/platform/drivers/src/pins/siul2/pins_siul2_driver.o
 .PPC.EMB.apuinfo
                0x000001a0       0x18 ./SDK/platform/drivers/src/pins/siul2/siul2_hw_access.o
 .PPC.EMB.apuinfo
                0x000001b8       0x18 ./SDK/platform/pal/src/i2c/i2c_pal.o
 .PPC.EMB.apuinfo
                0x000001d0       0x18 ./SDK/platform/pal/src/uart/uart_pal.o
 .PPC.EMB.apuinfo
                0x000001e8       0x18 ./SDK/rtos/osif/osif_baremetal.o
 .PPC.EMB.apuinfo
                0x00000200       0x18 ./Sources/main.o
 .PPC.EMB.apuinfo
                0x00000218       0x18 C:/NXP/S32DS_Power_v2.1/S32DS/build_tools/e200_ewl2/lib/e200z4/fp\libc99.a(strlen.o)
 .PPC.EMB.apuinfo
                0x00000230       0x18 c:/nxp/s32ds_power_v2.1/s32ds/build_tools/powerpc-eabivle-4_9/bin/../lib/gcc/powerpc-eabivle/4.9.4/e200z4/fp\libgcc.a(eabivle.o)
 .PPC.EMB.apuinfo
                0x00000248       0x18 c:/nxp/s32ds_power_v2.1/s32ds/build_tools/powerpc-eabivle-4_9/bin/../lib/gcc/powerpc-eabivle/4.9.4/e200z4/fp/crtend.o
 .PPC.EMB.apuinfo
                0x00000260       0x18 c:/nxp/s32ds_power_v2.1/s32ds/build_tools/powerpc-eabivle-4_9/bin/../lib/gcc/powerpc-eabivle/4.9.4/e200z4/fp/ecrtn.o

.debug_info     0x00000000    0x2919b
 .debug_info    0x00000000     0x26ab ./Generated_Code/clockMan1.o
 .debug_info    0x000026ab      0xe6b ./Generated_Code/i2cmaster.o
 .debug_info    0x00003516      0x7c0 ./Generated_Code/pin_mux.o
 .debug_info    0x00003cd6      0xe07 ./Generated_Code/uart_pal1.o
 .debug_info    0x00004add       0xea ./Project_Settings/Startup_Code/core0_intc_sw_handlers.o
 .debug_info    0x00004bc7       0xe5 ./Project_Settings/Startup_Code/interrupt_vectors.o
 .debug_info    0x00004cac       0xe0 ./Project_Settings/Startup_Code/startup_MPC5746C.o
 .debug_info    0x00004d8c     0x1529 ./SDK/platform/devices/MPC5746C/startup/system_MPC5746C.o
 .debug_info    0x000062b5      0x35c ./SDK/platform/devices/startup.o
 .debug_info    0x00006611     0x6780 ./SDK/platform/drivers/src/clock/MPC57xx/clock_MPC57xx.o
 .debug_info    0x0000cd91     0x4982 ./SDK/platform/drivers/src/edma/edma_driver.o
 .debug_info    0x00011713     0x1715 ./SDK/platform/drivers/src/edma/edma_hw_access.o
 .debug_info    0x00012e28      0x94b ./SDK/platform/drivers/src/edma/edma_irq.o
 .debug_info    0x00013773     0x54ad ./SDK/platform/drivers/src/i2c/i2c_driver.o
 .debug_info    0x00018c20      0x126 ./SDK/platform/drivers/src/i2c/i2c_irq.o
 .debug_info    0x00018d46     0x1794 ./SDK/platform/drivers/src/interrupt/interrupt_manager_MPC57xx.o
 .debug_info    0x0001a4da     0x441d ./SDK/platform/drivers/src/linflexd/linflexd_uart_driver.o
 .debug_info    0x0001e8f7      0x864 ./SDK/platform/drivers/src/linflexd/linflexd_uart_irq.o
 .debug_info    0x0001f15b     0x16ab ./SDK/platform/drivers/src/pins/siul2/pins_siul2_driver.o
 .debug_info    0x00020806      0x9b4 ./SDK/platform/drivers/src/pins/siul2/siul2_hw_access.o
 .debug_info    0x000211ba     0x169b ./SDK/platform/pal/src/i2c/i2c_pal.o
 .debug_info    0x00022855     0x1513 ./SDK/platform/pal/src/uart/uart_pal.o
 .debug_info    0x00023d68     0x1ab4 ./SDK/rtos/osif/osif_baremetal.o
 .debug_info    0x0002581c     0x388f ./Sources/main.o
 .debug_info    0x000290ab       0xf0 C:/NXP/S32DS_Power_v2.1/S32DS/build_tools/e200_ewl2/lib/e200z4/fp\libc99.a(strlen.o)

.debug_abbrev   0x00000000     0x2dd4
 .debug_abbrev  0x00000000      0x126 ./Generated_Code/clockMan1.o
 .debug_abbrev  0x00000126       0x99 ./Generated_Code/i2cmaster.o
 .debug_abbrev  0x000001bf      0x10c ./Generated_Code/pin_mux.o
 .debug_abbrev  0x000002cb       0xa0 ./Generated_Code/uart_pal1.o
 .debug_abbrev  0x0000036b       0x14 ./Project_Settings/Startup_Code/core0_intc_sw_handlers.o
 .debug_abbrev  0x0000037f       0x14 ./Project_Settings/Startup_Code/interrupt_vectors.o
 .debug_abbrev  0x00000393       0x12 ./Project_Settings/Startup_Code/startup_MPC5746C.o
 .debug_abbrev  0x000003a5      0x16d ./SDK/platform/devices/MPC5746C/startup/system_MPC5746C.o
 .debug_abbrev  0x00000512      0x131 ./SDK/platform/devices/startup.o
 .debug_abbrev  0x00000643      0x3bf ./SDK/platform/drivers/src/clock/MPC57xx/clock_MPC57xx.o
 .debug_abbrev  0x00000a02      0x3d1 ./SDK/platform/drivers/src/edma/edma_driver.o
 .debug_abbrev  0x00000dd3      0x2c1 ./SDK/platform/drivers/src/edma/edma_hw_access.o
 .debug_abbrev  0x00001094      0x19f ./SDK/platform/drivers/src/edma/edma_irq.o
 .debug_abbrev  0x00001233      0x39c ./SDK/platform/drivers/src/i2c/i2c_driver.o
 .debug_abbrev  0x000015cf       0x81 ./SDK/platform/drivers/src/i2c/i2c_irq.o
 .debug_abbrev  0x00001650      0x285 ./SDK/platform/drivers/src/interrupt/interrupt_manager_MPC57xx.o
 .debug_abbrev  0x000018d5      0x431 ./SDK/platform/drivers/src/linflexd/linflexd_uart_driver.o
 .debug_abbrev  0x00001d06       0xfe ./SDK/platform/drivers/src/linflexd/linflexd_uart_irq.o
 .debug_abbrev  0x00001e04      0x312 ./SDK/platform/drivers/src/pins/siul2/pins_siul2_driver.o
 .debug_abbrev  0x00002116      0x211 ./SDK/platform/drivers/src/pins/siul2/siul2_hw_access.o
 .debug_abbrev  0x00002327      0x238 ./SDK/platform/pal/src/i2c/i2c_pal.o
 .debug_abbrev  0x0000255f      0x262 ./SDK/platform/pal/src/uart/uart_pal.o
 .debug_abbrev  0x000027c1      0x2f6 ./SDK/rtos/osif/osif_baremetal.o
 .debug_abbrev  0x00002ab7      0x29c ./Sources/main.o
 .debug_abbrev  0x00002d53       0x81 C:/NXP/S32DS_Power_v2.1/S32DS/build_tools/e200_ewl2/lib/e200z4/fp\libc99.a(strlen.o)

.debug_aranges  0x00000000      0xce8
 .debug_aranges
                0x00000000       0x18 ./Generated_Code/clockMan1.o
 .debug_aranges
                0x00000018       0x18 ./Generated_Code/i2cmaster.o
 .debug_aranges
                0x00000030       0x18 ./Generated_Code/pin_mux.o
 .debug_aranges
                0x00000048       0x18 ./Generated_Code/uart_pal1.o
 .debug_aranges
                0x00000060       0x20 ./Project_Settings/Startup_Code/core0_intc_sw_handlers.o
 .debug_aranges
                0x00000080       0x20 ./Project_Settings/Startup_Code/interrupt_vectors.o
 .debug_aranges
                0x000000a0       0x28 ./Project_Settings/Startup_Code/startup_MPC5746C.o
 .debug_aranges
                0x000000c8       0x30 ./SDK/platform/devices/MPC5746C/startup/system_MPC5746C.o
 .debug_aranges
                0x000000f8       0x20 ./SDK/platform/devices/startup.o
 .debug_aranges
                0x00000118       0x78 ./SDK/platform/drivers/src/clock/MPC57xx/clock_MPC57xx.o
 .debug_aranges
                0x00000190      0x138 ./SDK/platform/drivers/src/edma/edma_driver.o
 .debug_aranges
                0x000002c8      0x178 ./SDK/platform/drivers/src/edma/edma_hw_access.o
 .debug_aranges
                0x00000440      0x120 ./SDK/platform/drivers/src/edma/edma_irq.o
 .debug_aranges
                0x00000560      0x128 ./SDK/platform/drivers/src/i2c/i2c_driver.o
 .debug_aranges
                0x00000688       0x38 ./SDK/platform/drivers/src/i2c/i2c_irq.o
 .debug_aranges
                0x000006c0       0x80 ./SDK/platform/drivers/src/interrupt/interrupt_manager_MPC57xx.o
 .debug_aranges
                0x00000740      0x100 ./SDK/platform/drivers/src/linflexd/linflexd_uart_driver.o
 .debug_aranges
                0x00000840      0x198 ./SDK/platform/drivers/src/linflexd/linflexd_uart_irq.o
 .debug_aranges
                0x000009d8       0xa0 ./SDK/platform/drivers/src/pins/siul2/pins_siul2_driver.o
 .debug_aranges
                0x00000a78       0x28 ./SDK/platform/drivers/src/pins/siul2/siul2_hw_access.o
 .debug_aranges
                0x00000aa0       0xd0 ./SDK/platform/pal/src/i2c/i2c_pal.o
 .debug_aranges
                0x00000b70       0x90 ./SDK/platform/pal/src/uart/uart_pal.o
 .debug_aranges
                0x00000c00       0x70 ./SDK/rtos/osif/osif_baremetal.o
 .debug_aranges
                0x00000c70       0x58 ./Sources/main.o
 .debug_aranges
                0x00000cc8       0x20 C:/NXP/S32DS_Power_v2.1/S32DS/build_tools/e200_ewl2/lib/e200z4/fp\libc99.a(strlen.o)

.debug_macro    0x00000000    0x223cc
 .debug_macro   0x00000000      0x23d ./Generated_Code/clockMan1.o
 .debug_macro   0x0000023d       0x1c ./Generated_Code/clockMan1.o
 .debug_macro   0x00000259    0x1fdda ./Generated_Code/clockMan1.o
 .debug_macro   0x00020033       0x10 ./Generated_Code/clockMan1.o
 .debug_macro   0x00020043       0x10 ./Generated_Code/clockMan1.o
 .debug_macro   0x00020053      0x241 ./Generated_Code/i2cmaster.o
 .debug_macro   0x00020294      0x162 ./Generated_Code/pin_mux.o
 .debug_macro   0x000203f6      0x241 ./Generated_Code/uart_pal1.o
 .debug_macro   0x00020637      0x104 ./SDK/platform/devices/MPC5746C/startup/system_MPC5746C.o
 .debug_macro   0x0002073b       0x22 ./SDK/platform/devices/MPC5746C/startup/system_MPC5746C.o
 .debug_macro   0x0002075d      0x13b ./SDK/platform/devices/startup.o
 .debug_macro   0x00020898       0x58 ./SDK/platform/devices/startup.o
 .debug_macro   0x000208f0      0x186 ./SDK/platform/drivers/src/clock/MPC57xx/clock_MPC57xx.o
 .debug_macro   0x00020a76       0x28 ./SDK/platform/drivers/src/clock/MPC57xx/clock_MPC57xx.o
 .debug_macro   0x00020a9e      0x173 ./SDK/platform/drivers/src/edma/edma_driver.o
 .debug_macro   0x00020c11      0x14e ./SDK/platform/drivers/src/edma/edma_hw_access.o
 .debug_macro   0x00020d5f      0x153 ./SDK/platform/drivers/src/edma/edma_irq.o
 .debug_macro   0x00020eb2      0x199 ./SDK/platform/drivers/src/i2c/i2c_driver.o
 .debug_macro   0x0002104b      0x188 ./SDK/platform/drivers/src/i2c/i2c_irq.o
 .debug_macro   0x000211d3       0x1c ./SDK/platform/drivers/src/i2c/i2c_irq.o